01-16 16:09:35.816: D/bt_btif(868): btif_get_num_aa_frame_iteration pcm_bytes_per_frame 512
01-16 16:09:35.816: D/bt_btif(868): btif_get_num_aa_frame_iteration frames for available PCM data 7
01-16 16:09:35.817: D/bt_btif(868): btif_get_num_aa_frame_iteration reducing frames for available PCM data
01-16 16:09:35.817: D/bt_btif(868): btif_get_num_aa_frame_iteration effective num of frames 7, iterations 1
01-16 16:09:35.827: I/btsnoop_sprd(868): 22:09:35:827848 EVE
01-16 16:09:35.849: I/btsnoop_sprd(868): 22:09:35:849149 EVE
01-16 16:09:35.915: I/NuPlayerRenderer(251): copy size bigger than copyMax
01-16 16:09:35.919: D/bt_l2cap(868): RR scan pri=2, lcid=0x0041, q_cout=0
01-16 16:09:35.919: I/btsnoop_sprd(868): diff: 275
01-16 16:09:35.976: D/bt_btif(868): [media task tx timer] ts 381071522, diff : 00020019, queue sz 0
01-16 16:09:35.986: I/btsnoop_sprd(868): 22:09:35:986723 EVE
01-16 16:09:35.987: I/btsnoop_sprd(868): diff: 457
01-16 16:09:35.987: D/bt_l2cap(868): RR scan pri=1, lcid=0x0046, q_cout=0
01-16 16:09:35.987: I/btsnoop_sprd(868): 22:09:35:987577 ACL
01-16 16:09:35.987: D/bt_l2cap(868): RR scan pri=2, lcid=0x0041, q_cout=0
01-16 16:09:35.987: I/btsnoop_sprd(868): diff: 244
01-16 16:09:35.987: D/bt_l2cap(868): RR scan pri=0, lcid=0x0043, q_cout=0
01-16 16:09:35.999: D/bt_l2cap(868): RR scan pri=0, lcid=0x0044, q_cout=0
01-16 16:09:35.999: D/bt_l2cap(868): RR scan pri=1, lcid=0x0046, q_cout=1
01-16 16:09:35.999: D/bt_l2cap(868): RR service pri=1, quota=9, lcid=0x0046
01-16 16:09:35.997: I/btsnoop_sprd(868): 22:09:35:997831 EVE
01-16 16:09:36.000: D/bt_l2cap(868): TotalWin=6,Hndl=0x32,Quota=8,Unack=2,RRQuota=0,RRUnack=0
01-16 16:09:36.000: I/btsnoop_sprd(868): diff: 2258
01-16 16:09:36.000: I/btsnoop_sprd(868): 22:09:36:000303 ACL
01-16 16:09:36.000: D/bt_l2cap(868): RR scan pri=1, lcid=0x0046, q_cout=0
01-16 16:09:36.000: I/btsnoop_sprd(868): diff: 244
01-16 16:09:36.000: D/bt_l2cap(868): RR scan pri=2, lcid=0x0041, q_cout=0
01-16 16:09:36.000: D/bt_l2cap(868): RR scan pri=0, lcid=0x0043, q_cout=0
01-16 16:09:36.000: D/bt_hci_h4(868): 22:09:36:000761 ret=855
01-16 16:09:36.000: D/bt_l2cap(868): RR scan pri=0, lcid=0x0044, q_cout=0
01-16 16:09:36.001: I/bt_btif(868): BTA got event 0x1222
01-16 16:09:36.001: I/bt_l2cap(868): L2CA_FlushChannel (QUERY)  CID: 0x0046
01-16 16:09:36.001: D/bt_l2cap(868): L2CA_FlushChannel()  flushed: 0 + 0,  num_left: 0
01-16 16:09:36.001: D/bt_btif(868): bta_av_co_audio_src_data_path
01-16 16:09:36.002: D/bt_l2cap(868): RR scan pri=1, lcid=0x0046, q_cout=0
01-16 16:09:36.002: D/bt_l2cap(868): RR scan pri=2, lcid=0x0041, q_cout=0
01-16 16:09:36.002: D/bt_l2cap(868): RR scan pri=0, lcid=0x0043, q_cout=0
01-16 16:09:36.002: D/bt_l2cap(868): RR scan pri=0, lcid=0x0044, q_cout=0
01-16 16:09:36.002: D/bt_l2cap(868): TotalWin=7,LinkUnack(0x32)=1,RRCheck=0,RRUnack=0
01-16 16:09:36.017: D/bt_btif(868): btif_get_num_aa_frame_iteration effective num of frames 7, iterations 1
01-16 16:09:36.047: I/btsnoop_sprd(868): 22:09:36:047849 EVE
01-16 16:09:36.048: I/btsnoop_sprd(868): diff: 489
01-16 16:09:36.049: D/bt_l2cap(868): RR scan pri=1, lcid=0x0046, q_cout=0
01-16 16:09:36.049: D/bt_l2cap(868): RR scan pri=2, lcid=0x0041, q_cout=0
01-16 16:09:36.049: D/bt_l2cap(868): RR scan pri=0, lcid=0x0043, q_cout=0
01-16 16:09:36.065: I/btsnoop_sprd(868): 22:09:36:065550 EVE
01-16 16:09:36.066: I/btsnoop_sprd(868): diff: 457
01-16 16:09:36.066: D/bt_l2cap(868): RR scan pri=1, lcid=0x0046, q_cout=0
01-16 16:09:36.066: D/bt_l2cap(868): RR scan pri=2, lcid=0x0041, q_cout=0
01-16 16:09:36.066: D/bt_l2cap(868): RR scan pri=0, lcid=0x0043, q_cout=0
01-16 16:09:36.067: D/bt_l2cap(868): RR scan pri=0, lcid=0x0044, q_cout=0
01-16 16:09:36.082: I/bt_btif(868): BTA got event 0x1222
01-16 16:09:36.082: I/bt_l2cap(868): L2CA_FlushChannel (QUERY)  CID: 0x0046
01-16 16:09:36.082: D/bt_l2cap(868): L2CA_FlushChannel()  flushed: 0 + 0,  num_left: 0
01-16 16:09:36.087: I/btsnoop_sprd(868): 22:09:36:087827 EVE
01-16 16:09:36.088: I/btsnoop_sprd(868): diff: 519
01-16 16:09:36.088: D/bt_l2cap(868): RR scan pri=1, lcid=0x0046, q_cout=0
01-16 16:09:36.088: D/bt_l2cap(868): RR scan pri=2, lcid=0x0041, q_cout=0
01-16 16:09:36.089: D/bt_l2cap(868): RR scan pri=0, lcid=0x0043, q_cout=0
01-16 16:09:36.089: D/bt_l2cap(868): RR scan pri=0, lcid=0x0044, q_cout=0
01-16 16:09:36.089: D/bt_l2cap(868): TotalWin=8,LinkUnack(0x32)=0,RRCheck=0,RRUnack=0
01-16 16:09:36.090: I/NuPlayerRenderer(251): copy size bigger than copyMax
01-16 16:09:36.096: D/bt_btif(868): [media task tx timer] ts 381191518, diff : 00020050, queue sz 0
01-16 16:09:36.096: D/bt_btif(868): btif_get_num_aa_frame_iteration pcm_bytes_per_frame 512
01-16 16:09:36.096: D/bt_btif(868): btif_get_num_aa_frame_iteration frames for available PCM data 7
01-16 16:09:36.096: D/bt_btif(868): btif_get_num_aa_frame_iteration reducing frames for available PCM data
01-16 16:09:36.097: D/bt_btif(868): btif_get_num_aa_frame_iteration effective num of frames 7, iterations 1
01-16 16:09:36.097: I/bt_btif(868): BTA got event 0x1231
01-16 16:09:36.098: I/bt_l2cap(868): L2CA_FlushChannel (QUERY)  CID: 0x0046
01-16 16:09:36.098: D/bt_l2cap(868): L2CA_FlushChannel()  flushed: 0 + 0,  num_left: 0
01-16 16:09:36.099: D/bt_btif(868): bta_av_co_audio_src_data_path
01-16 16:09:36.099: I/bt_l2cap(868): L2CA_DataWrite()  CID: 0x0046  Len: 846
01-16 16:09:36.099: I/bt_l2cap(868): L2CAP - st: OPEN evt: 30
01-16 16:09:36.099: D/bt_l2cap(868): RR scan pri=1, lcid=0x0046, q_cout=1
01-16 16:09:36.099: D/bt_l2cap(868): RR service pri=1, quota=9, lcid=0x0046
01-16 16:09:36.100: D/bt_l2cap(868): TotalWin=7,Hndl=0x32,Quota=8,Unack=1,RRQuota=0,RRUnack=0
01-16 16:09:36.100: I/btsnoop_sprd(868): 22:09:36:100156 ACL
01-16 16:09:36.100: D/bt_l2cap(868): RR scan pri=1, lcid=0x0046, q_cout=0
01-16 16:09:36.100: I/btsnoop_sprd(868): diff: 245
01-16 16:09:36.106: I/btsnoop_sprd(868): 22:09:36:106870 EVE
01-16 16:09:36.124: D/BroadcastQueue(672): Done with parallel broadcast [foreground] [BroadcastRecord{88184a5 u-1 android.media.VOLUME_CHANGED_ACTION}]
01-16 16:09:36.125: D/BroadcastQueue(672): Add broadcast <BroadcastRecord{22df07a u-1 android.media.VOLUME_CHANGED_ACTION}> into [parallel | foreground], pending size 0
01-16 16:09:36.126: E/Avrcp(868): percent volume changed: 94%
01-16 16:09:36.127: I/btsnoop_sprd(868): 22:09:36:127195 EVE
01-16 16:09:36.127: I/btsnoop_sprd(868): diff: 336
01-16 16:09:36.127: I/APM_AudioPolicyManager(242): setStreamVolumeIndex() stream 3, device 00000080, index 15
01-16 16:09:36.127: I/btsnoop_sprd(868): 22:09:36:127897 ACL
01-16 16:09:36.128: D/bt_l2cap(868): RR scan pri=1, lcid=0x0046, q_cout=0
01-16 16:09:36.128: I/btsnoop_sprd(868): diff: 336
01-16 16:09:36.128: D/bt_l2cap(868): RR scan pri=2, lcid=0x0041, q_cout=0
01-16 16:09:36.128: D/bt_l2cap(868): RR scan pri=0, lcid=0x0043, q_cout=0
01-16 16:09:36.128: D/bt_l2cap(868): RR scan pri=0, lcid=0x0044, q_cout=0
01-16 16:09:36.128: D/bt_l2cap(868): TotalWin=8,LinkUnack(0x32)=0,RRCheck=0,RRUnack=0
01-16 16:09:36.129: I/bt_l2cap(868): L2CAP - st: OPEN evt: 20
01-16 16:09:36.129: I/vol.Events(930): writeEvent active_stream_changed STREAM_MUSIC
01-16 16:09:36.129: D/bt_avp(868): avrc_msg_cback handle:0, ctype:15, offset:11, len: 12
01-16 16:09:36.129: D/bt_avp(868): pkt_type 0
01-16 16:09:36.129: D/bt_btif(868): bta_av_rc_msg_cback handle: 0 opcode=0x0
01-16 16:09:36.131: I/APM_AudioPolicyManager(242): setStreamVolumeIndex() stream 9, device 00000080, index 15
01-16 16:09:36.132: I/APM_AudioPolicyManager(242): setStreamVolumeIndex() stream 9, device 00000002, index 14
01-16 16:09:36.156: D/bt_btif(868): [media task tx timer] ts 381251546, diff : 00020020, queue sz 0
01-16 16:09:36.156: D/bt_btif(868): btif_get_num_aa_frame_iteration pcm_bytes_per_frame 512
01-16 16:09:36.156: D/bt_btif(868): btif_get_num_aa_frame_iteration frames for available PCM data 7
01-16 16:09:36.157: D/bt_btif(868): btif_get_num_aa_frame_iteration reducing frames for available PCM data
01-16 16:09:36.157: D/bt_btif(868): btif_get_num_aa_frame_iteration effective num of frames 7, iterations 1
01-16 16:09:36.158: I/bt_btif(868): BTA got event 0x1231
01-16 16:09:36.158: I/bt_l2cap(868): L2CA_FlushChannel (QUERY)  CID: 0x0046
01-16 16:09:36.158: D/bt_l2cap(868): L2CA_FlushChannel()  flushed: 0 + 0,  num_left: 0
01-16 16:09:36.158: D/bt_btif(868): bta_av_co_audio_src_data_path
01-16 16:09:36.158: I/bt_l2cap(868): L2CA_DataWrite()  CID: 0x0046  Len: 846
01-16 16:09:36.159: I/bt_l2cap(868): L2CAP - st: OPEN evt: 30
01-16 16:09:36.159: D/bt_l2cap(868): RR scan pri=1, lcid=0x0046, q_cout=1
01-16 16:09:36.159: D/bt_l2cap(868): RR service pri=1, quota=9, lcid=0x0046
01-16 16:09:36.159: D/bt_l2cap(868): TotalWin=7,Hndl=0x32,Quota=8,Unack=1,RRQuota=0,RRUnack=0
01-16 16:09:36.159: I/btsnoop_sprd(868): 22:09:36:159818 ACL
01-16 16:09:36.160: D/bt_l2cap(868): RR scan pri=1, lcid=0x0046, q_cout=0
01-16 16:09:36.160: I/btsnoop_sprd(868): diff: 275
01-16 16:09:36.160: D/bt_l2cap(868): RR scan pri=2, lcid=0x0041, q_cout=0
01-16 16:09:36.160: D/bt_hci_h4(868): 22:09:36:160337 ret=855
01-16 16:09:36.160: D/bt_l2cap(868): RR scan pri=0, lcid=0x0043, q_cout=0
01-16 16:09:36.160: D/bt_l2cap(868): RR scan pri=0, lcid=0x0044, q_cout=0
01-16 16:09:36.160: I/bt_btif(868): BTA got event 0x1222
01-16 16:09:36.161: I/bt_l2cap(868): L2CA_FlushChannel (QUERY)  CID: 0x0046
01-16 16:09:36.161: D/bt_l2cap(868): L2CA_FlushChannel()  flushed: 0 + 0,  num_left: 0
01-16 16:09:36.161: D/bt_btif(868): bta_av_co_audio_src_data_path
01-16 16:09:36.176: D/bt_btif(868): [media task tx timer] ts 381271687, diff : 00020141, queue sz 0
01-16 16:09:36.176: D/bt_btif(868): btif_get_num_aa_frame_iteration pcm_bytes_per_frame 512
01-16 16:09:36.177: D/bt_btif(868): btif_get_num_aa_frame_iteration frames for available PCM data 7
01-16 16:09:36.177: D/bt_btif(868): btif_get_num_aa_frame_iteration reducing frames for available PCM data
01-16 16:09:36.177: D/bt_btif(868): btif_get_num_aa_frame_iteration effective num of frames 7, iterations 1
01-16 16:09:36.178: I/bt_btif(868): BTA got event 0x1231
01-16 16:09:36.178: I/bt_l2cap(868): L2CA_FlushChannel (QUERY)  CID: 0x0046
01-16 16:09:36.200: D/bt_l2cap(868): RR scan pri=1, lcid=0x0046, q_cout=1
01-16 16:09:36.230: I/btsnoop_sprd(868): 22:09:36:230131 EVE
01-16 16:09:36.230: I/btsnoop_sprd(868): diff: 397
01-16 16:09:36.230: D/bt_l2cap(868): RR scan pri=1, lcid=0x0046, q_cout=0
01-16 16:09:36.231: D/bt_l2cap(868): RR scan pri=2, lcid=0x0041, q_cout=0
01-16 16:09:36.231: D/bt_l2cap(868): RR scan pri=0, lcid=0x0043, q_cout=0
01-16 16:09:36.231: D/bt_l2cap(868): RR scan pri=0, lcid=0x0044, q_cout=0
01-16 16:09:36.231: D/bt_l2cap(868): TotalWin=8,LinkUnack(0x32)=0,RRCheck=0,RRUnack=0
01-16 16:09:36.236: D/bt_btif(868): [media task tx timer] ts 381331715, diff : 00019897, queue sz 0
01-16 16:09:36.236: D/bt_btif(868): btif_get_num_aa_frame_iteration pcm_bytes_per_frame 512
01-16 16:09:36.237: D/bt_btif(868): btif_get_num_aa_frame_iteration frames for available PCM data 6
01-16 16:09:36.256: D/bt_btif(868): [media task tx timer] ts 381351643, diff : 00019928, queue sz 0
01-16 16:09:36.256: D/bt_btif(868): btif_get_num_aa_frame_iteration pcm_bytes_per_frame 512
01-16 16:09:36.257: D/bt_btif(868): btif_get_num_aa_frame_iteration frames for available PCM data 7
01-16 16:09:36.257: D/bt_btif(868): btif_get_num_aa_frame_iteration reducing frames for available PCM data
01-16 16:09:36.257: D/bt_btif(868): btif_get_num_aa_frame_iteration effective num of frames 7, iterations 1
01-16 16:09:36.258: I/bt_btif(868): BTA got event 0x1231
01-16 16:09:36.258: I/bt_l2cap(868): L2CA_FlushChannel (QUERY)  CID: 0x0046
01-16 16:09:36.258: D/bt_l2cap(868): L2CA_FlushChannel()  flushed: 0 + 0,  num_left: 0
01-16 16:09:36.259: D/bt_btif(868): bta_av_co_audio_src_data_path
01-16 16:09:36.259: I/bt_l2cap(868): L2CA_DataWrite()  CID: 0x0046  Len: 846
01-16 16:09:36.259: I/bt_l2cap(868): L2CAP - st: OPEN evt: 30
01-16 16:09:36.259: D/bt_l2cap(868): RR scan pri=1, lcid=0x0046, q_cout=1
01-16 16:09:36.259: D/bt_l2cap(868): RR service pri=1, quota=9, lcid=0x0046
01-16 16:09:36.260: D/bt_l2cap(868): TotalWin=7,Hndl=0x32,Quota=8,Unack=1,RRQuota=0,RRUnack=0
01-16 16:09:36.275: I/NuPlayerRenderer(251): copy size bigger than copyMax
01-16 16:09:36.297: D/bt_btif(868): [media task tx timer] ts 381392140, diff : 00020508, queue sz 0
01-16 16:09:36.297: D/bt_btif(868): btif_get_num_aa_frame_iteration pcm_bytes_per_frame 512
01-16 16:09:36.297: D/bt_btif(868): btif_get_num_aa_frame_iteration frames for available PCM data 7
01-16 16:09:36.297: D/bt_btif(868): btif_get_num_aa_frame_iteration reducing frames for available PCM data
01-16 16:09:36.299: D/bt_btif(868): btif_get_num_aa_frame_iteration effective num of frames 7, iterations 1
01-16 16:09:36.310: I/btsnoop_sprd(868): 22:09:36:309934 EVE
01-16 16:09:36.310: I/btsnoop_sprd(868): diff: 397
01-16 16:09:36.310: D/bt_l2cap(868): RR scan pri=1, lcid=0x0046, q_cout=0
01-16 16:09:36.310: D/bt_l2cap(868): RR scan pri=2, lcid=0x0041, q_cout=0
01-16 16:09:36.325: D/gralloc.sc8830(206): fb_post fps = 1.328483
01-16 16:09:36.351: I/btsnoop_sprd(868): 22:09:36:351835 EVE
01-16 16:09:36.352: I/btsnoop_sprd(868): diff: 580
01-16 16:09:36.352: D/bt_l2cap(868): RR scan pri=1, lcid=0x0046, q_cout=0
01-16 16:09:36.407: I/btsnoop_sprd(868): 22:09:36:407163 EVE
01-16 16:09:36.407: I/btsnoop_sprd(868): diff: 519
01-16 16:09:36.426: I/btsnoop_sprd(868): 22:09:36:426847 EVE
01-16 16:09:36.427: I/btsnoop_sprd(868): diff: 488
01-16 16:09:36.427: D/bt_l2cap(868): RR scan pri=1, lcid=0x0046, q_cout=0
01-16 16:09:36.450: I/NuPlayerRenderer(251): copy size bigger than copyMax
01-16 16:09:36.450: I/NuPlayerRenderer(251): copy size bigger than copyMax
01-16 16:09:36.456: D/bt_btif(868): [media task tx timer] ts 381551564, diff : 00020081, queue sz 0
01-16 16:09:36.508: I/btsnoop_sprd(868): 22:09:36:507902 EVE
01-16 16:09:36.536: D/bt_btif(868): [media task tx timer] ts 381631520, diff : 00019806, queue sz 0
01-16 16:09:36.536: D/bt_btif(868): btif_get_num_aa_frame_iteration pcm_bytes_per_frame 512
01-16 16:09:36.536: D/bt_btif(868): btif_get_num_aa_frame_iteration frames for available PCM data 7
01-16 16:09:36.537: D/bt_btif(868): btif_get_num_aa_frame_iteration reducing frames for available PCM data
01-16 16:09:36.537: D/bt_btif(868): btif_get_num_aa_frame_iteration effective num of frames 7, iterations 1
01-16 16:09:36.537: I/bt_btif(868): BTA got event 0x1231
01-16 16:09:36.538: I/bt_l2cap(868): L2CA_FlushChannel (QUERY)  CID: 0x0046
01-16 16:09:36.538: D/bt_l2cap(868): L2CA_FlushChannel()  flushed: 0 + 0,  num_left: 0
01-16 16:09:36.538: D/bt_btif(868): bta_av_co_audio_src_data_path
01-16 16:09:36.538: I/bt_l2cap(868): L2CA_DataWrite()  CID: 0x0046  Len: 846
01-16 16:09:36.576: D/bt_btif(868): [media task tx timer] ts 381671651, diff : 00020142, queue sz 0
01-16 16:09:36.576: D/bt_btif(868): btif_get_num_aa_frame_iteration pcm_bytes_per_frame 512
01-16 16:09:36.577: D/bt_btif(868): btif_get_num_aa_frame_iteration frames for available PCM data 7
01-16 16:09:36.577: D/bt_btif(868): btif_get_num_aa_frame_iteration reducing frames for available PCM data
01-16 16:09:36.577: D/bt_btif(868): btif_get_num_aa_frame_iteration effective num of frames 7, iterations 1
01-16 16:09:36.578: I/bt_btif(868): BTA got event 0x1231
01-16 16:09:36.579: I/bt_l2cap(868): L2CA_FlushChannel (QUERY)  CID: 0x0046
01-16 16:09:36.579: D/bt_l2cap(868): L2CA_FlushChannel()  flushed: 0 + 0,  num_left: 0
01-16 16:09:36.579: D/bt_btif(868): bta_av_co_audio_src_data_path
01-16 16:09:36.579: I/bt_l2cap(868): L2CA_DataWrite()  CID: 0x0046  Len: 846
01-16 16:09:36.596: D/bt_btif(868): [media task tx timer] ts 381691762, diff : 00020111, queue sz 0
01-16 16:09:36.597: D/bt_btif(868): btif_get_num_aa_frame_iteration pcm_bytes_per_frame 512
01-16 16:09:36.597: D/bt_btif(868): btif_get_num_aa_frame_iteration frames for available PCM data 7
01-16 16:09:36.597: D/bt_btif(868): btif_get_num_aa_frame_iteration reducing frames for available PCM data
01-16 16:09:36.597: D/bt_btif(868): btif_get_num_aa_frame_iteration effective num of frames 7, iterations 1
01-16 16:09:36.599: I/bt_btif(868): BTA got event 0x1231
01-16 16:09:36.599: I/bt_l2cap(868): L2CA_FlushChannel (QUERY)  CID: 0x0046
01-16 16:09:36.599: D/bt_l2cap(868): L2CA_FlushChannel()  flushed: 0 + 0,  num_left: 0
01-16 16:09:36.599: D/bt_btif(868): bta_av_co_audio_src_data_path
01-16 16:09:36.600: I/bt_l2cap(868): L2CA_DataWrite()  CID: 0x0046  Len: 846
01-16 16:09:36.600: I/bt_l2cap(868): L2CAP - st: OPEN evt: 30
01-16 16:09:36.600: D/bt_l2cap(868): RR scan pri=1, lcid=0x0046, q_cout=1
01-16 16:09:36.600: D/bt_l2cap(868): RR service pri=1, quota=9, lcid=0x0046
01-16 16:09:36.600: D/bt_l2cap(868): TotalWin=7,Hndl=0x32,Quota=8,Unack=1,RRQuota=0,RRUnack=0
01-16 16:09:36.600: I/btsnoop_sprd(868): 22:09:36:600919 ACL
01-16 16:09:36.601: D/bt_l2cap(868): RR scan pri=1, lcid=0x0046, q_cout=0
01-16 16:09:36.601: I/btsnoop_sprd(868): diff: 275
01-16 16:09:36.601: D/bt_l2cap(868): RR scan pri=2, lcid=0x0041, q_cout=0
01-16 16:09:36.601: D/bt_l2cap(868): RR scan pri=0, lcid=0x0043, q_cout=0
01-16 16:09:36.601: D/bt_hci_h4(868): 22:09:36:601408 ret=855
01-16 16:09:36.601: D/bt_l2cap(868): RR scan pri=0, lcid=0x0044, q_cout=0
01-16 16:09:36.601: I/bt_btif(868): BTA got event 0x1222
01-16 16:09:36.602: I/bt_l2cap(868): L2CA_FlushChannel (QUERY)  CID: 0x0046
01-16 16:09:36.635: I/NuPlayerRenderer(251): copy size bigger than copyMax
01-16 16:09:36.756: D/bt_btif(868): [media task tx timer] ts 381851613, diff : 00020050, queue sz 0
01-16 16:09:36.756: D/bt_btif(868): btif_get_num_aa_frame_iteration pcm_bytes_per_frame 512
01-16 16:09:36.757: D/bt_btif(868): btif_get_num_aa_frame_iteration frames for available PCM data 7
01-16 16:09:36.757: D/bt_btif(868): btif_get_num_aa_frame_iteration reducing frames for available PCM data
01-16 16:09:36.757: D/bt_btif(868): btif_get_num_aa_frame_iteration effective num of frames 7, iterations 1
01-16 16:09:36.758: I/bt_btif(868): BTA got event 0x1231
01-16 16:09:36.758: I/bt_l2cap(868): L2CA_FlushChannel (QUERY)  CID: 0x0046
01-16 16:09:36.758: D/bt_l2cap(868): L2CA_FlushChannel()  flushed: 0 + 0,  num_left: 0
01-16 16:09:36.758: D/bt_btif(868): bta_av_co_audio_src_data_path
01-16 16:09:36.759: D/bt_l2cap(868): RR service pri=1, quota=9, lcid=0x0046
01-16 16:09:36.759: D/bt_l2cap(868): TotalWin=7,Hndl=0x32,Quota=8,Unack=1,RRQuota=0,RRUnack=0
01-16 16:09:36.759: I/btsnoop_sprd(868): 22:09:36:759794 ACL
01-16 16:09:36.759: D/bt_l2cap(868): RR scan pri=1, lcid=0x0046, q_cout=0
01-16 16:09:36.760: I/btsnoop_sprd(868): diff: 244
01-16 16:09:36.760: D/bt_l2cap(868): RR scan pri=2, lcid=0x0041, q_cout=0
01-16 16:09:36.760: D/bt_hci_h4(868): 22:09:36:760252 ret=855
01-16 16:09:36.760: D/bt_l2cap(868): RR scan pri=0, lcid=0x0043, q_cout=0
01-16 16:09:36.760: D/bt_l2cap(868): RR scan pri=0, lcid=0x0044, q_cout=0
01-16 16:09:36.760: I/bt_btif(868): BTA got event 0x1222
01-16 16:09:36.760: I/bt_l2cap(868): L2CA_FlushChannel (QUERY)  CID: 0x0046
01-16 16:09:36.777: I/bt_l2cap(868): L2CA_FlushChannel (QUERY)  CID: 0x0046
01-16 16:09:36.816: D/bt_btif(868): [media task tx timer] ts 381911519, diff : 00019989, queue sz 0
01-16 16:09:36.831: I/NuPlayerRenderer(251): copy size bigger than copyMax
01-16 16:09:36.845: I/btsnoop_sprd(868): 22:09:36:845396 EVE
01-16 16:09:36.860: I/bt_btif(868): BTA got event 0x1231
01-16 16:09:36.861: I/bt_l2cap(868): L2CA_FlushChannel (QUERY)  CID: 0x0046
01-16 16:09:36.861: D/bt_l2cap(868): L2CA_FlushChannel()  flushed: 0 + 0,  num_left: 0
01-16 16:09:36.861: D/bt_btif(868): bta_av_co_audio_src_data_path
01-16 16:09:36.861: I/bt_l2cap(868): L2CA_DataWrite()  CID: 0x0046  Len: 846
01-16 16:09:36.861: I/bt_l2cap(868): L2CAP - st: OPEN evt: 30
01-16 16:09:36.862: D/bt_l2cap(868): RR scan pri=1, lcid=0x0046, q_cout=1
01-16 16:09:36.862: D/bt_l2cap(868): RR service pri=1, quota=9, lcid=0x0046
01-16 16:09:36.862: D/bt_l2cap(868): TotalWin=7,Hndl=0x32,Quota=8,Unack=1,RRQuota=0,RRUnack=0
01-16 16:09:36.862: I/btsnoop_sprd(868): 22:09:36:862791 ACL
01-16 16:09:36.863: D/bt_l2cap(868): RR scan pri=1, lcid=0x0046, q_cout=0
01-16 16:09:36.863: I/btsnoop_sprd(868): diff: 366
01-16 16:09:36.863: D/bt_l2cap(868): RR scan pri=2, lcid=0x0041, q_cout=0
01-16 16:09:36.863: D/bt_hci_h4(868): 22:09:36:863401 ret=855
01-16 16:09:36.863: D/bt_l2cap(868): RR scan pri=0, lcid=0x0043, q_cout=0
01-16 16:09:36.863: D/bt_l2cap(868): RR scan pri=0, lcid=0x0044, q_cout=0
01-16 16:09:36.864: I/bt_btif(868): BTA got event 0x1222
01-16 16:09:36.864: I/bt_l2cap(868): L2CA_FlushChannel (QUERY)  CID: 0x0046
01-16 16:09:36.864: D/bt_l2cap(868): L2CA_FlushChannel()  flushed: 0 + 0,  num_left: 0
01-16 16:09:36.864: D/bt_btif(868): bta_av_co_audio_src_data_path
01-16 16:09:36.885: I/btsnoop_sprd(868): 22:09:36:885374 EVE
01-16 16:09:36.905: I/btsnoop_sprd(868): 22:09:36:905424 EVE
01-16 16:09:36.921: D/bt_l2cap(868): L2CA_FlushChannel()  flushed: 0 + 0,  num_left: 0
01-16 16:09:36.921: D/bt_btif(868): bta_av_co_audio_src_data_path
01-16 16:09:36.925: I/btsnoop_sprd(868): 22:09:36:925352 EVE
01-16 16:09:36.925: I/btsnoop_sprd(868): diff: 335
01-16 16:09:37.016: I/NuPlayerRenderer(251): copy size bigger than copyMax
01-16 16:09:37.018: I/bt_btif(868): BTA got event 0x1231
01-16 16:09:37.018: I/bt_l2cap(868): L2CA_FlushChannel (QUERY)  CID: 0x0046
01-16 16:09:37.019: D/bt_l2cap(868): L2CA_FlushChannel()  flushed: 0 + 0,  num_left: 0
01-16 16:09:37.019: D/bt_btif(868): bta_av_co_audio_src_data_path
01-16 16:09:37.019: I/bt_l2cap(868): L2CA_DataWrite()  CID: 0x0046  Len: 846
01-16 16:09:37.019: I/bt_l2cap(868): L2CAP - st: OPEN evt: 30
01-16 16:09:37.019: D/bt_l2cap(868): RR scan pri=1, lcid=0x0046, q_cout=1
01-16 16:09:37.020: D/bt_l2cap(868): RR service pri=1, quota=9, lcid=0x0046
01-16 16:09:37.020: D/bt_l2cap(868): TotalWin=7,Hndl=0x32,Quota=8,Unack=1,RRQuota=0,RRUnack=0
01-16 16:09:37.020: I/btsnoop_sprd(868): 22:09:37:020353 ACL
01-16 16:09:37.020: D/bt_l2cap(868): RR scan pri=1, lcid=0x0046, q_cout=0
01-16 16:09:37.020: D/bt_l2cap(868): RR scan pri=2, lcid=0x0041, q_cout=0
01-16 16:09:37.020: I/btsnoop_sprd(868): diff: 275
01-16 16:09:37.020: D/bt_l2cap(868): RR scan pri=0, lcid=0x0043, q_cout=0
01-16 16:09:37.020: D/bt_hci_h4(868): 22:09:37:020841 ret=855
01-16 16:09:37.020: D/bt_l2cap(868): RR scan pri=0, lcid=0x0044, q_cout=0
01-16 16:09:37.021: I/bt_btif(868): BTA got event 0x1222
01-16 16:09:37.021: I/bt_l2cap(868): L2CA_FlushChannel (QUERY)  CID: 0x0046
01-16 16:09:37.021: D/bt_l2cap(868): L2CA_FlushChannel()  flushed: 0 + 0,  num_left: 0
01-16 16:09:37.021: D/bt_btif(868): bta_av_co_audio_src_data_path
01-16 16:09:37.026: I/btsnoop_sprd(868): 22:09:37:026823 EVE
01-16 16:09:37.027: I/btsnoop_sprd(868): diff: 396
01-16 16:09:37.027: D/bt_l2cap(868): RR scan pri=1, lcid=0x0046, q_cout=0
01-16 16:09:37.066: I/btsnoop_sprd(868): 22:09:37:066679 EVE
01-16 16:09:37.067: I/btsnoop_sprd(868): diff: 366
01-16 16:09:37.067: D/bt_l2cap(868): RR scan pri=1, lcid=0x0046, q_cout=0
01-16 16:09:37.067: D/bt_l2cap(868): RR scan pri=2, lcid=0x0041, q_cout=0
01-16 16:09:37.067: D/bt_l2cap(868): RR scan pri=0, lcid=0x0043, q_cout=0
01-16 16:09:37.079: I/btsnoop_sprd(868): 22:09:37:079343 ACL
01-16 16:09:37.079: D/bt_l2cap(868): TotalWin=7,Hndl=0x32,Quota=8,Unack=1,RRQuota=0,RRUnack=0
01-16 16:09:37.079: D/bt_l2cap(868): RR scan pri=1, lcid=0x0046, q_cout=0
01-16 16:09:37.079: I/btsnoop_sprd(868): diff: 275
01-16 16:09:37.079: D/bt_l2cap(868): RR scan pri=2, lcid=0x0041, q_cout=0
01-16 16:09:37.079: D/bt_hci_h4(868): 22:09:37:079832 ret=855
01-16 16:09:37.079: D/bt_l2cap(868): RR scan pri=0, lcid=0x0043, q_cout=0
01-16 16:09:37.080: D/bt_l2cap(868): RR scan pri=0, lcid=0x0044, q_cout=0
01-16 16:09:37.080: I/bt_btif(868): BTA got event 0x1222
01-16 16:09:37.080: I/bt_l2cap(868): L2CA_FlushChannel (QUERY)  CID: 0x0046
01-16 16:09:37.080: D/bt_l2cap(868): L2CA_FlushChannel()  flushed: 0 + 0,  num_left: 0
01-16 16:09:37.080: D/bt_btif(868): bta_av_co_audio_src_data_path
01-16 16:09:37.085: I/btsnoop_sprd(868): 22:09:37:085355 EVE
01-16 16:09:37.085: I/btsnoop_sprd(868): diff: 336
01-16 16:09:37.086: D/bt_l2cap(868): RR scan pri=1, lcid=0x0046, q_cout=0
01-16 16:09:37.086: D/bt_l2cap(868): RR scan pri=2, lcid=0x0041, q_cout=0
01-16 16:09:37.086: D/bt_l2cap(868): RR scan pri=0, lcid=0x0043, q_cout=0
01-16 16:09:37.086: D/bt_l2cap(868): RR scan pri=0, lcid=0x0044, q_cout=0
01-16 16:09:37.086: D/bt_l2cap(868): TotalWin=8,LinkUnack(0x32)=0,RRCheck=0,RRUnack=0
01-16 16:09:37.096: D/bt_btif(868): [media task tx timer] ts 382191579, diff : 00020081, queue sz 0
01-16 16:09:37.096: D/bt_btif(868): btif_get_num_aa_frame_iteration pcm_bytes_per_frame 512
01-16 16:09:37.096: D/bt_btif(868): btif_get_num_aa_frame_iteration frames for available PCM data 7
01-16 16:09:37.097: D/bt_btif(868): btif_get_num_aa_frame_iteration reducing frames for available PCM data
01-16 16:09:37.097: D/bt_btif(868): btif_get_num_aa_frame_iteration effective num of frames 7, iterations 1
01-16 16:09:37.097: I/bt_btif(868): BTA got event 0x1231
01-16 16:09:37.098: I/bt_l2cap(868): L2CA_FlushChannel (QUERY)  CID: 0x0046
01-16 16:09:37.098: D/bt_l2cap(868): L2CA_FlushChannel()  flushed: 0 + 0,  num_left: 0
01-16 16:09:37.098: D/bt_btif(868): bta_av_co_audio_src_data_path
01-16 16:09:37.098: I/bt_l2cap(868): L2CA_DataWrite()  CID: 0x0046  Len: 846
01-16 16:09:37.098: I/bt_l2cap(868): L2CAP - st: OPEN evt: 30
01-16 16:09:37.099: D/bt_l2cap(868): RR scan pri=1, lcid=0x0046, q_cout=1
01-16 16:09:37.099: D/bt_l2cap(868): RR service pri=1, quota=9, lcid=0x0046
01-16 16:09:37.099: D/bt_l2cap(868): TotalWin=7,Hndl=0x32,Quota=8,Unack=1,RRQuota=0,RRUnack=0
01-16 16:09:37.099: I/btsnoop_sprd(868): 22:09:37:099668 ACL
01-16 16:09:37.099: D/bt_l2cap(868): RR scan pri=1, lcid=0x0046, q_cout=0
01-16 16:09:37.099: I/btsnoop_sprd(868): diff: 305
01-16 16:09:37.100: D/bt_l2cap(868): RR scan pri=2, lcid=0x0041, q_cout=0
01-16 16:09:37.100: D/bt_l2cap(868): RR scan pri=0, lcid=0x0043, q_cout=0
01-16 16:09:37.100: D/bt_hci_h4(868): 22:09:37:100187 ret=855
01-16 16:09:37.100: D/bt_l2cap(868): RR scan pri=0, lcid=0x0044, q_cout=0
01-16 16:09:37.100: I/bt_btif(868): BTA got event 0x1222
01-16 16:09:37.100: I/bt_l2cap(868): L2CA_FlushChannel (QUERY)  CID: 0x0046
01-16 16:09:37.101: D/bt_l2cap(868): L2CA_FlushChannel()  flushed: 0 + 0,  num_left: 0
01-16 16:09:37.101: D/bt_btif(868): bta_av_co_audio_src_data_path
01-16 16:09:37.136: D/bt_btif(868): [media task tx timer] ts 382231526, diff : 00019989, queue sz 0
01-16 16:09:37.136: D/bt_btif(868): btif_get_num_aa_frame_iteration pcm_bytes_per_frame 512
01-16 16:09:37.136: D/bt_btif(868): btif_get_num_aa_frame_iteration frames for available PCM data 6
01-16 16:09:37.137: D/bt_btif(868): btif_get_num_aa_frame_iteration reducing frames for available PCM data
01-16 16:09:37.137: D/bt_btif(868): btif_get_num_aa_frame_iteration effective num of frames 6, iterations 1
01-16 16:09:37.137: I/bt_btif(868): BTA got event 0x1231
01-16 16:09:37.138: I/bt_l2cap(868): L2CA_FlushChannel (QUERY)  CID: 0x0046
01-16 16:09:37.138: D/bt_l2cap(868): L2CA_FlushChannel()  flushed: 0 + 0,  num_left: 0
01-16 16:09:37.138: D/bt_btif(868): bta_av_co_audio_src_data_path
01-16 16:09:37.138: I/bt_l2cap(868): L2CA_DataWrite()  CID: 0x0046  Len: 727
01-16 16:09:37.138: I/bt_l2cap(868): L2CAP - st: OPEN evt: 30
01-16 16:09:37.139: D/bt_l2cap(868): RR scan pri=1, lcid=0x0046, q_cout=1
01-16 16:09:37.139: D/bt_l2cap(868): RR service pri=1, quota=9, lcid=0x0046
01-16 16:09:37.139: D/bt_l2cap(868): TotalWin=7,Hndl=0x32,Quota=8,Unack=1,RRQuota=0,RRUnack=0
01-16 16:09:37.139: I/btsnoop_sprd(868): 22:09:37:139585 ACL
01-16 16:09:37.176: D/bt_btif(868): [media task tx timer] ts 382271504, diff : 00019958, queue sz 0
01-16 16:09:37.176: D/bt_btif(868): btif_get_num_aa_frame_iteration pcm_bytes_per_frame 512
01-16 16:09:37.176: D/bt_btif(868): btif_get_num_aa_frame_iteration frames for available PCM data 7
01-16 16:09:37.177: D/bt_btif(868): btif_get_num_aa_frame_iteration reducing frames for available PCM data
01-16 16:09:37.177: D/bt_btif(868): btif_get_num_aa_frame_iteration effective num of frames 7, iterations 1
01-16 16:09:37.177: I/bt_btif(868): BTA got event 0x1231
01-16 16:09:37.178: I/bt_l2cap(868): L2CA_FlushChannel (QUERY)  CID: 0x0046
01-16 16:09:37.178: D/bt_l2cap(868): L2CA_FlushChannel()  flushed: 0 + 0,  num_left: 0
01-16 16:09:37.178: D/bt_btif(868): bta_av_co_audio_src_data_path
01-16 16:09:37.178: I/bt_l2cap(868): L2CA_DataWrite()  CID: 0x0046  Len: 846
01-16 16:09:37.179: I/bt_l2cap(868): L2CAP - st: OPEN evt: 30
01-16 16:09:37.179: D/bt_l2cap(868): RR scan pri=1, lcid=0x0046, q_cout=1
01-16 16:09:37.179: D/bt_l2cap(868): RR service pri=1, quota=9, lcid=0x0046
01-16 16:09:37.179: D/bt_l2cap(868): TotalWin=7,Hndl=0x32,Quota=8,Unack=1,RRQuota=0,RRUnack=0
01-16 16:09:37.179: I/btsnoop_sprd(868): 22:09:37:179716 ACL
01-16 16:09:37.179: D/bt_l2cap(868): RR scan pri=1, lcid=0x0046, q_cout=0
01-16 16:09:37.179: I/btsnoop_sprd(868): diff: 274
01-16 16:09:37.180: D/bt_l2cap(868): RR scan pri=2, lcid=0x0041, q_cout=0
01-16 16:09:37.180: D/bt_l2cap(868): RR scan pri=0, lcid=0x0043, q_cout=0
01-16 16:09:37.180: D/bt_hci_h4(868): 22:09:37:180204 ret=855
01-16 16:09:37.180: D/bt_l2cap(868): RR scan pri=0, lcid=0x0044, q_cout=0
01-16 16:09:37.180: I/bt_btif(868): BTA got event 0x1222
01-16 16:09:37.180: I/bt_l2cap(868): L2CA_FlushChannel (QUERY)  CID: 0x0046
01-16 16:09:37.180: D/bt_l2cap(868): L2CA_FlushChannel()  flushed: 0 + 0,  num_left: 0
01-16 16:09:37.181: D/bt_btif(868): bta_av_co_audio_src_data_path
01-16 16:09:37.185: I/btsnoop_sprd(868): 22:09:37:185392 EVE
01-16 16:09:37.185: I/btsnoop_sprd(868): diff: 366
01-16 16:09:37.186: D/bt_l2cap(868): RR scan pri=1, lcid=0x0046, q_cout=0
01-16 16:09:37.186: D/bt_l2cap(868): RR scan pri=2, lcid=0x0041, q_cout=0
01-16 16:09:37.190: I/NuPlayerRenderer(251): copy size bigger than copyMax
01-16 16:09:37.191: I/NuPlayerRenderer(251): copy size bigger than copyMax
01-16 16:09:37.205: I/btsnoop_sprd(868): 22:09:37:205381 EVE
01-16 16:09:37.236: D/bt_btif(868): [media task tx timer] ts 382331563, diff : 00020050, queue sz 0
01-16 16:09:37.256: D/bt_btif(868): [media task tx timer] ts 382351460, diff : 00019897, queue sz 0
01-16 16:09:37.276: D/bt_btif(868): [media task tx timer] ts 382371510, diff : 00020050, queue sz 0
01-16 16:09:37.276: D/bt_btif(868): btif_get_num_aa_frame_iteration pcm_bytes_per_frame 512
01-16 16:09:37.276: D/bt_btif(868): btif_get_num_aa_frame_iteration frames for available PCM data 7
01-16 16:09:37.296: D/bt_btif(868): [media task tx timer] ts 382391499, diff : 00019989, queue sz 0
01-16 16:09:37.296: D/bt_btif(868): btif_get_num_aa_frame_iteration pcm_bytes_per_frame 512
01-16 16:09:37.296: D/bt_btif(868): btif_get_num_aa_frame_iteration frames for available PCM data 7
01-16 16:09:37.297: D/bt_btif(868): btif_get_num_aa_frame_iteration reducing frames for available PCM data
01-16 16:09:37.306: D/bt_l2cap(868): RR scan pri=1, lcid=0x0046, q_cout=0
01-16 16:09:37.306: D/bt_l2cap(868): RR scan pri=2, lcid=0x0041, q_cout=0
01-16 16:09:37.306: D/bt_l2cap(868): RR scan pri=0, lcid=0x0043, q_cout=0
01-16 16:09:37.306: D/bt_l2cap(868): RR scan pri=0, lcid=0x0044, q_cout=0
01-16 16:09:37.306: D/bt_l2cap(868): TotalWin=8,LinkUnack(0x32)=0,RRCheck=0,RRUnack=0
01-16 16:09:37.316: D/bt_btif(868): [media task tx timer] ts 382411458, diff : 00019959, queue sz 0
01-16 16:09:37.316: D/bt_btif(868): btif_get_num_aa_frame_iteration pcm_bytes_per_frame 512
01-16 16:09:37.316: D/bt_btif(868): btif_get_num_aa_frame_iteration frames for available PCM data 6
01-16 16:09:37.317: D/bt_btif(868): btif_get_num_aa_frame_iteration reducing frames for available PCM data
01-16 16:09:37.317: D/bt_btif(868): btif_get_num_aa_frame_iteration effective num of frames 6, iterations 1
01-16 16:09:37.318: I/bt_btif(868): BTA got event 0x1231
01-16 16:09:37.318: I/bt_l2cap(868): L2CA_FlushChannel (QUERY)  CID: 0x0046
01-16 16:09:37.318: D/bt_l2cap(868): L2CA_FlushChannel()  flushed: 0 + 0,  num_left: 0
01-16 16:09:37.318: D/bt_btif(868): bta_av_co_audio_src_data_path
01-16 16:09:37.319: I/bt_l2cap(868): L2CA_DataWrite()  CID: 0x0046  Len: 727
01-16 16:09:37.319: I/bt_l2cap(868): L2CAP - st: OPEN evt: 30
01-16 16:09:37.319: D/bt_l2cap(868): RR scan pri=1, lcid=0x0046, q_cout=1
01-16 16:09:37.319: D/bt_l2cap(868): RR service pri=1, quota=9, lcid=0x0046
01-16 16:09:37.319: D/bt_l2cap(868): TotalWin=7,Hndl=0x32,Quota=8,Unack=1,RRQuota=0,RRUnack=0
01-16 16:09:37.319: I/btsnoop_sprd(868): 22:09:37:319822 ACL
01-16 16:09:37.319: D/bt_l2cap(868): RR scan pri=1, lcid=0x0046, q_cout=0
01-16 16:09:37.320: I/btsnoop_sprd(868): diff: 244
01-16 16:09:37.320: D/bt_l2cap(868): RR scan pri=2, lcid=0x0041, q_cout=0
01-16 16:09:37.325: I/btsnoop_sprd(868): 22:09:37:325346 EVE
01-16 16:09:37.325: I/btsnoop_sprd(868): diff: 396
01-16 16:09:37.326: D/bt_l2cap(868): RR scan pri=1, lcid=0x0046, q_cout=0
01-16 16:09:37.326: D/bt_l2cap(868): RR scan pri=2, lcid=0x0041, q_cout=0
01-16 16:09:37.337: I/bt_l2cap(868): L2CA_FlushChannel (QUERY)  CID: 0x0046
01-16 16:09:37.339: D/bt_l2cap(868): L2CA_FlushChannel()  flushed: 0 + 0,  num_left: 0
01-16 16:09:37.353: D/gralloc.sc8830(206): fb_post fps = 26.264206
01-16 16:09:37.375: I/NuPlayerRenderer(251): copy size bigger than copyMax
01-16 16:09:37.376: D/bt_btif(868): [media task tx timer] ts 382471608, diff : 00019806, queue sz 0
01-16 16:09:37.376: D/bt_btif(868): btif_get_num_aa_frame_iteration pcm_bytes_per_frame 512
01-16 16:09:37.376: D/bt_btif(868): btif_get_num_aa_frame_iteration frames for available PCM data 7
01-16 16:09:37.396: D/bt_btif(868): [media task tx timer] ts 382491719, diff : 00020111, queue sz 0
01-16 16:09:37.396: D/bt_btif(868): btif_get_num_aa_frame_iteration pcm_bytes_per_frame 512
01-16 16:09:37.397: D/bt_btif(868): btif_get_num_aa_frame_iteration frames for available PCM data 7
01-16 16:09:37.397: D/bt_btif(868): btif_get_num_aa_frame_iteration reducing frames for available PCM data
01-16 16:09:37.397: D/bt_btif(868): btif_get_num_aa_frame_iteration effective num of frames 7, iterations 1
01-16 16:09:37.400: I/bt_btif(868): BTA got event 0x1231
01-16 16:09:37.437: I/bt_btif(868): BTA got event 0x1231
01-16 16:09:37.456: D/bt_btif(868): [media task tx timer] ts 382551503, diff : 00019959, queue sz 0
01-16 16:09:37.465: I/btsnoop_sprd(868): 22:09:37:465421 EVE
01-16 16:09:37.465: I/btsnoop_sprd(868): diff: 397
01-16 16:09:37.466: D/bt_l2cap(868): RR scan pri=1, lcid=0x0046, q_cout=0
01-16 16:09:37.466: D/bt_l2cap(868): RR scan pri=2, lcid=0x0041, q_cout=0
01-16 16:09:37.466: D/bt_l2cap(868): RR scan pri=0, lcid=0x0043, q_cout=0
01-16 16:09:37.480: I/btsnoop_sprd(868): 22:09:37:479978 ACL
01-16 16:09:37.479: D/bt_l2cap(868): TotalWin=7,Hndl=0x32,Quota=8,Unack=1,RRQuota=0,RRUnack=0
01-16 16:09:37.480: D/bt_l2cap(868): RR scan pri=1, lcid=0x0046, q_cout=0
01-16 16:09:37.480: I/btsnoop_sprd(868): diff: 275
01-16 16:09:37.480: D/bt_l2cap(868): RR scan pri=2, lcid=0x0041, q_cout=0
01-16 16:09:37.480: D/bt_hci_h4(868): 22:09:37:480467 ret=855
01-16 16:09:37.516: D/bt_btif(868): [media task tx timer] ts 382611562, diff : 00019990, queue sz 0
01-16 16:09:37.516: D/bt_btif(868): btif_get_num_aa_frame_iteration pcm_bytes_per_frame 512
01-16 16:09:37.516: D/bt_btif(868): btif_get_num_aa_frame_iteration frames for available PCM data 7
01-16 16:09:37.517: D/bt_btif(868): btif_get_num_aa_frame_iteration reducing frames for available PCM data
01-16 16:09:37.517: D/bt_btif(868): btif_get_num_aa_frame_iteration effective num of frames 7, iterations 1
01-16 16:09:37.526: I/btsnoop_sprd(868): 22:09:37:526609 EVE
01-16 16:09:37.527: I/btsnoop_sprd(868): diff: 427
01-16 16:09:37.527: D/bt_l2cap(868): RR scan pri=1, lcid=0x0046, q_cout=0
01-16 16:09:37.548: I/btsnoop_sprd(868): diff: 458
01-16 16:09:37.548: D/bt_l2cap(868): RR scan pri=1, lcid=0x0046, q_cout=0
01-16 16:09:37.548: D/bt_l2cap(868): RR scan pri=2, lcid=0x0041, q_cout=0
01-16 16:09:37.549: D/bt_l2cap(868): RR scan pri=0, lcid=0x0043, q_cout=0
01-16 16:09:37.549: D/bt_l2cap(868): RR scan pri=0, lcid=0x0044, q_cout=0
01-16 16:09:37.549: D/bt_l2cap(868): TotalWin=8,LinkUnack(0x32)=0,RRCheck=0,RRUnack=0
01-16 16:09:37.550: I/NuPlayerRenderer(251): copy size bigger than copyMax
01-16 16:09:37.556: D/bt_btif(868): [media task tx timer] ts 382651479, diff : 00019867, queue sz 0
01-16 16:09:37.556: D/bt_btif(868): btif_get_num_aa_frame_iteration pcm_bytes_per_frame 512
01-16 16:09:37.556: D/bt_btif(868): btif_get_num_aa_frame_iteration frames for available PCM data 7
01-16 16:09:37.556: D/bt_btif(868): btif_get_num_aa_frame_iteration reducing frames for available PCM data
01-16 16:09:37.557: D/bt_btif(868): btif_get_num_aa_frame_iteration effective num of frames 7, iterations 1
01-16 16:09:37.557: I/bt_btif(868): BTA got event 0x1231
01-16 16:09:37.558: I/bt_l2cap(868): L2CA_FlushChannel (QUERY)  CID: 0x0046
01-16 16:09:37.558: D/bt_l2cap(868): L2CA_FlushChannel()  flushed: 0 + 0,  num_left: 0
01-16 16:09:37.558: D/bt_btif(868): bta_av_co_audio_src_data_path
01-16 16:09:37.558: I/bt_l2cap(868): L2CA_DataWrite()  CID: 0x0046  Len: 846
01-16 16:09:37.558: I/bt_l2cap(868): L2CAP - st: OPEN evt: 30
01-16 16:09:37.559: D/bt_l2cap(868): RR scan pri=1, lcid=0x0046, q_cout=1
01-16 16:09:37.559: D/bt_l2cap(868): RR service pri=1, quota=9, lcid=0x0046
01-16 16:09:37.559: D/bt_l2cap(868): TotalWin=7,Hndl=0x32,Quota=8,Unack=1,RRQuota=0,RRUnack=0
01-16 16:09:37.559: I/btsnoop_sprd(868): 22:09:37:559568 ACL
01-16 16:09:37.559: D/bt_l2cap(868): RR scan pri=1, lcid=0x0046, q_cout=0
01-16 16:09:37.559: I/btsnoop_sprd(868): diff: 275
01-16 16:09:37.559: D/bt_l2cap(868): RR scan pri=2, lcid=0x0041, q_cout=0
01-16 16:09:37.560: D/bt_l2cap(868): RR scan pri=0, lcid=0x0043, q_cout=0
01-16 16:09:37.560: D/bt_hci_h4(868): 22:09:37:560056 ret=855
01-16 16:09:37.560: D/bt_l2cap(868): RR scan pri=0, lcid=0x0044, q_cout=0
01-16 16:09:37.560: I/bt_btif(868): BTA got event 0x1222
01-16 16:09:37.560: I/bt_l2cap(868): L2CA_FlushChannel (QUERY)  CID: 0x0046
01-16 16:09:37.560: D/bt_l2cap(868): L2CA_FlushChannel()  flushed: 0 + 0,  num_left: 0
01-16 16:09:37.561: D/bt_btif(868): bta_av_co_audio_src_data_path
01-16 16:09:37.565: I/btsnoop_sprd(868): 22:09:37:565397 EVE
01-16 16:09:37.565: I/btsnoop_sprd(868): diff: 366
01-16 16:09:37.566: D/bt_l2cap(868): RR scan pri=1, lcid=0x0046, q_cout=0
01-16 16:09:37.566: D/bt_l2cap(868): RR scan pri=2, lcid=0x0041, q_cout=0
01-16 16:09:37.566: D/bt_l2cap(868): RR scan pri=0, lcid=0x0043, q_cout=0
01-16 16:09:37.566: D/bt_l2cap(868): RR scan pri=0, lcid=0x0044, q_cout=0
01-16 16:09:37.566: D/bt_l2cap(868): TotalWin=8,LinkUnack(0x32)=0,RRCheck=0,RRUnack=0
01-16 16:09:37.576: D/bt_btif(868): [media task tx timer] ts 382671498, diff : 00020019, queue sz 0
01-16 16:09:37.576: D/bt_btif(868): btif_get_num_aa_frame_iteration pcm_bytes_per_frame 512
01-16 16:09:37.576: D/bt_btif(868): btif_get_num_aa_frame_iteration frames for available PCM data 7
01-16 16:09:37.576: D/bt_btif(868): btif_get_num_aa_frame_iteration reducing frames for available PCM data
01-16 16:09:37.577: D/bt_btif(868): btif_get_num_aa_frame_iteration effective num of frames 7, iterations 1
01-16 16:09:37.577: I/bt_btif(868): BTA got event 0x1231
01-16 16:09:37.578: I/bt_l2cap(868): L2CA_FlushChannel (QUERY)  CID: 0x0046
01-16 16:09:37.578: D/bt_l2cap(868): L2CA_FlushChannel()  flushed: 0 + 0,  num_left: 0
01-16 16:09:37.578: D/bt_btif(868): bta_av_co_audio_src_data_path
01-16 16:09:37.578: I/bt_l2cap(868): L2CA_DataWrite()  CID: 0x0046  Len: 846
01-16 16:09:37.578: I/bt_l2cap(868): L2CAP - st: OPEN evt: 30
01-16 16:09:37.579: D/bt_l2cap(868): RR scan pri=1, lcid=0x0046, q_cout=1
01-16 16:09:37.579: D/bt_l2cap(868): RR service pri=1, quota=9, lcid=0x0046
01-16 16:09:37.579: D/bt_l2cap(868): TotalWin=7,Hndl=0x32,Quota=8,Unack=1,RRQuota=0,RRUnack=0
01-16 16:09:37.579: I/btsnoop_sprd(868): 22:09:37:579557 ACL
01-16 16:09:37.579: D/bt_l2cap(868): RR scan pri=1, lcid=0x0046, q_cout=0
01-16 16:09:37.579: I/btsnoop_sprd(868): diff: 305
01-16 16:09:37.579: D/bt_l2cap(868): RR scan pri=2, lcid=0x0041, q_cout=0
01-16 16:09:37.580: D/bt_l2cap(868): RR scan pri=0, lcid=0x0043, q_cout=0
01-16 16:09:37.580: D/bt_hci_h4(868): 22:09:37:580076 ret=855
01-16 16:09:37.580: D/bt_l2cap(868): RR scan pri=0, lcid=0x0044, q_cout=0
01-16 16:09:37.580: I/bt_btif(868): BTA got event 0x1222
01-16 16:09:37.580: I/bt_l2cap(868): L2CA_FlushChannel (QUERY)  CID: 0x0046
01-16 16:09:37.580: D/bt_l2cap(868): L2CA_FlushChannel()  flushed: 0 + 0,  num_left: 0
01-16 16:09:37.581: D/bt_btif(868): bta_av_co_audio_src_data_path
01-16 16:09:37.585: I/btsnoop_sprd(868): 22:09:37:585447 EVE
01-16 16:09:37.585: I/btsnoop_sprd(868): diff: 336
01-16 16:09:37.586: D/bt_l2cap(868): RR scan pri=1, lcid=0x0046, q_cout=0
01-16 16:09:37.586: D/bt_l2cap(868): RR scan pri=2, lcid=0x0041, q_cout=0
01-16 16:09:37.586: D/bt_l2cap(868): RR scan pri=0, lcid=0x0043, q_cout=0
01-16 16:09:37.586: D/bt_l2cap(868): RR scan pri=0, lcid=0x0044, q_cout=0
01-16 16:09:37.586: D/bt_l2cap(868): TotalWin=8,LinkUnack(0x32)=0,RRCheck=0,RRUnack=0
01-16 16:09:37.596: D/bt_btif(868): [media task tx timer] ts 382691548, diff : 00020050, queue sz 0
01-16 16:09:37.596: D/bt_btif(868): btif_get_num_aa_frame_iteration pcm_bytes_per_frame 512
01-16 16:09:37.596: D/bt_btif(868): btif_get_num_aa_frame_iteration frames for available PCM data 7
01-16 16:09:37.597: D/bt_btif(868): btif_get_num_aa_frame_iteration reducing frames for available PCM data
01-16 16:09:37.597: D/bt_btif(868): btif_get_num_aa_frame_iteration effective num of frames 7, iterations 1
01-16 16:09:37.598: I/bt_btif(868): BTA got event 0x1231
01-16 16:09:37.598: I/bt_l2cap(868): L2CA_FlushChannel (QUERY)  CID: 0x0046
01-16 16:09:37.598: D/bt_l2cap(868): L2CA_FlushChannel()  flushed: 0 + 0,  num_left: 0
01-16 16:09:37.598: D/bt_btif(868): bta_av_co_audio_src_data_path
01-16 16:09:37.599: I/bt_l2cap(868): L2CA_DataWrite()  CID: 0x0046  Len: 846
01-16 16:09:37.599: I/bt_l2cap(868): L2CAP - st: OPEN evt: 30
01-16 16:09:37.599: D/bt_l2cap(868): RR scan pri=1, lcid=0x0046, q_cout=1
01-16 16:09:37.599: D/bt_l2cap(868): RR service pri=1, quota=9, lcid=0x0046
01-16 16:09:37.599: D/bt_l2cap(868): TotalWin=7,Hndl=0x32,Quota=8,Unack=1,RRQuota=0,RRUnack=0
01-16 16:09:37.600: I/btsnoop_sprd(868): 22:09:37:599973 ACL
01-16 16:09:37.605: I/btsnoop_sprd(868): 22:09:37:605436 EVE
01-16 16:09:37.619: I/btsnoop_sprd(868): 22:09:37:619749 ACL
01-16 16:09:37.716: D/bt_btif(868): [media task tx timer] ts 382811482, diff : 00019958, queue sz 0
01-16 16:09:37.716: D/bt_btif(868): btif_get_num_aa_frame_iteration pcm_bytes_per_frame 512
01-16 16:09:37.716: D/bt_btif(868): btif_get_num_aa_frame_iteration frames for available PCM data 7
01-16 16:09:37.717: D/bt_btif(868): btif_get_num_aa_frame_iteration reducing frames for available PCM data
01-16 16:09:37.717: D/bt_btif(868): btif_get_num_aa_frame_iteration effective num of frames 7, iterations 1
01-16 16:09:37.717: I/bt_btif(868): BTA got event 0x1231
01-16 16:09:37.718: I/bt_l2cap(868): L2CA_FlushChannel (QUERY)  CID: 0x0046
01-16 16:09:37.735: I/NuPlayerRenderer(251): copy size bigger than copyMax
01-16 16:09:37.736: D/bt_btif(868): [media task tx timer] ts 382831502, diff : 00020020, queue sz 0
01-16 16:09:37.736: D/bt_btif(868): btif_get_num_aa_frame_iteration pcm_bytes_per_frame 512
01-16 16:09:37.736: D/bt_btif(868): btif_get_num_aa_frame_iteration frames for available PCM data 7
01-16 16:09:37.737: D/bt_btif(868): btif_get_num_aa_frame_iteration reducing frames for available PCM data
01-16 16:09:37.737: D/bt_btif(868): btif_get_num_aa_frame_iteration effective num of frames 7, iterations 1
01-16 16:09:37.737: I/bt_btif(868): BTA got event 0x1231
01-16 16:09:37.738: I/bt_l2cap(868): L2CA_FlushChannel (QUERY)  CID: 0x0046
01-16 16:09:37.738: D/bt_l2cap(868): L2CA_FlushChannel()  flushed: 0 + 0,  num_left: 0
01-16 16:09:37.738: D/bt_btif(868): bta_av_co_audio_src_data_path
01-16 16:09:37.738: I/bt_l2cap(868): L2CA_DataWrite()  CID: 0x0046  Len: 846
01-16 16:09:37.739: I/bt_l2cap(868): L2CAP - st: OPEN evt: 30
01-16 16:09:37.739: D/bt_l2cap(868): RR scan pri=1, lcid=0x0046, q_cout=1
01-16 16:09:37.739: D/bt_l2cap(868): RR service pri=1, quota=9, lcid=0x0046
01-16 16:09:37.739: D/bt_l2cap(868): TotalWin=7,Hndl=0x32,Quota=8,Unack=1,RRQuota=0,RRUnack=0
01-16 16:09:37.739: I/btsnoop_sprd(868): 22:09:37:739713 ACL
01-16 16:09:37.739: D/bt_l2cap(868): RR scan pri=1, lcid=0x0046, q_cout=0
01-16 16:09:37.739: I/btsnoop_sprd(868): diff: 275
01-16 16:09:37.740: D/bt_l2cap(868): RR scan pri=2, lcid=0x0041, q_cout=0
01-16 16:09:37.740: D/bt_hci_h4(868): 22:09:37:740202 ret=855
01-16 16:09:37.740: D/bt_l2cap(868): RR scan pri=0, lcid=0x0043, q_cout=0
01-16 16:09:37.740: D/bt_l2cap(868): RR scan pri=0, lcid=0x0044, q_cout=0
01-16 16:09:37.740: I/bt_btif(868): BTA got event 0x1222
01-16 16:09:37.741: I/bt_l2cap(868): L2CA_FlushChannel (QUERY)  CID: 0x0046
01-16 16:09:37.741: D/bt_l2cap(868): L2CA_FlushChannel()  flushed: 0 + 0,  num_left: 0
01-16 16:09:37.741: D/bt_btif(868): bta_av_co_audio_src_data_path
01-16 16:09:37.745: I/btsnoop_sprd(868): 22:09:37:745481 EVE
01-16 16:09:37.745: I/btsnoop_sprd(868): diff: 397
01-16 16:09:37.746: D/bt_l2cap(868): RR scan pri=1, lcid=0x0046, q_cout=0
01-16 16:09:37.747: D/bt_l2cap(868): RR scan pri=2, lcid=0x0041, q_cout=0
01-16 16:09:37.747: D/bt_l2cap(868): RR scan pri=0, lcid=0x0043, q_cout=0
01-16 16:09:37.747: D/bt_l2cap(868): RR scan pri=0, lcid=0x0044, q_cout=0
01-16 16:09:37.747: D/bt_l2cap(868): TotalWin=8,LinkUnack(0x32)=0,RRCheck=0,RRUnack=0
01-16 16:09:37.756: D/bt_btif(868): [media task tx timer] ts 382851460, diff : 00019958, queue sz 0
01-16 16:09:37.756: D/bt_btif(868): btif_get_num_aa_frame_iteration pcm_bytes_per_frame 512
01-16 16:09:37.756: D/bt_btif(868): btif_get_num_aa_frame_iteration frames for available PCM data 7
01-16 16:09:37.756: D/bt_btif(868): btif_get_num_aa_frame_iteration reducing frames for available PCM data
01-16 16:09:37.757: D/bt_btif(868): btif_get_num_aa_frame_iteration effective num of frames 7, iterations 1
01-16 16:09:37.757: I/bt_btif(868): BTA got event 0x1231
01-16 16:09:37.776: D/bt_btif(868): [media task tx timer] ts 382872090, diff : 00020630, queue sz 0
01-16 16:09:37.777: D/bt_btif(868): btif_get_num_aa_frame_iteration pcm_bytes_per_frame 512
01-16 16:09:37.777: D/bt_btif(868): btif_get_num_aa_frame_iteration frames for available PCM data 7
01-16 16:09:37.777: D/bt_btif(868): btif_get_num_aa_frame_iteration reducing frames for available PCM data
01-16 16:09:37.777: D/bt_btif(868): btif_get_num_aa_frame_iteration effective num of frames 7, iterations 1
01-16 16:09:37.778: I/bt_btif(868): BTA got event 0x1231
01-16 16:09:37.779: I/bt_l2cap(868): L2CA_FlushChannel (QUERY)  CID: 0x0046
01-16 16:09:37.779: D/bt_l2cap(868): L2CA_FlushChannel()  flushed: 0 + 0,  num_left: 0
01-16 16:09:37.779: D/bt_btif(868): bta_av_co_audio_src_data_path
01-16 16:09:37.779: I/bt_l2cap(868): L2CA_DataWrite()  CID: 0x0046  Len: 846
01-16 16:09:37.780: I/bt_l2cap(868): L2CAP - st: OPEN evt: 30
01-16 16:09:37.787: D/bt_l2cap(868): RR scan pri=2, lcid=0x0041, q_cout=0
01-16 16:09:37.789: D/bt_l2cap(868): RR scan pri=0, lcid=0x0043, q_cout=0
01-16 16:09:37.806: I/btsnoop_sprd(868): 22:09:37:806577 EVE
01-16 16:09:37.840: D/bt_hci_h4(868): 22:09:37:840727 ret=736
01-16 16:09:37.840: D/bt_l2cap(868): RR scan pri=0, lcid=0x0044, q_cout=0
01-16 16:09:37.841: I/bt_btif(868): BTA got event 0x1222
01-16 16:09:37.876: D/bt_btif(868): [media task tx timer] ts 382971486, diff : 00019806, queue sz 0
01-16 16:09:37.876: D/bt_btif(868): btif_get_num_aa_frame_iteration pcm_bytes_per_frame 512
01-16 16:09:37.896: D/bt_btif(868): [media task tx timer] ts 382991749, diff : 00020263, queue sz 0
01-16 16:09:37.896: D/bt_btif(868): btif_get_num_aa_frame_iteration pcm_bytes_per_frame 512
01-16 16:09:37.911: I/NuPlayerRenderer(251): copy size bigger than copyMax
01-16 16:09:37.911: I/NuPlayerRenderer(251): copy size bigger than copyMax
01-16 16:09:37.940: D/bt_hci_h4(868): 22:09:37:940641 ret=855
01-16 16:09:37.940: D/bt_l2cap(868): RR scan pri=0, lcid=0x0044, q_cout=0
01-16 16:09:37.941: I/bt_btif(868): BTA got event 0x1222
01-16 16:09:37.958: D/bt_l2cap(868): RR scan pri=1, lcid=0x0046, q_cout=1
01-16 16:09:37.959: D/bt_l2cap(868): RR service pri=1, quota=9, lcid=0x0046
01-16 16:09:37.978: I/bt_l2cap(868): L2CA_DataWrite()  CID: 0x0046  Len: 846
01-16 16:09:37.998: I/bt_l2cap(868): L2CA_DataWrite()  CID: 0x0046  Len: 846
01-16 16:09:37.998: I/bt_l2cap(868): L2CAP - st: OPEN evt: 30
01-16 16:09:37.999: D/bt_l2cap(868): RR scan pri=0, lcid=0x0043, q_cout=0
01-16 16:09:37.999: D/bt_l2cap(868): RR scan pri=0, lcid=0x0044, q_cout=0
01-16 16:09:37.999: D/bt_l2cap(868): RR scan pri=1, lcid=0x0046, q_cout=1
01-16 16:09:37.999: D/bt_l2cap(868): RR service pri=1, quota=9, lcid=0x0046
01-16 16:09:37.999: D/bt_l2cap(868): TotalWin=6,Hndl=0x32,Quota=8,Unack=2,RRQuota=0,RRUnack=0
01-16 16:09:38.000: D/bt_l2cap(868): RR scan pri=1, lcid=0x0046, q_cout=0
01-16 16:09:38.000: D/bt_l2cap(868): RR scan pri=2, lcid=0x0041, q_cout=0
01-16 16:09:37.997: I/btsnoop_sprd(868): 22:09:37:997923 EVE
01-16 16:09:38.000: D/bt_l2cap(868): RR scan pri=0, lcid=0x0043, q_cout=0
01-16 16:09:38.000: D/bt_l2cap(868): RR scan pri=0, lcid=0x0044, q_cout=0
01-16 16:09:38.000: I/btsnoop_sprd(868): diff: 2685
01-16 16:09:38.000: I/bt_btif(868): BTA got event 0x1222
01-16 16:09:38.000: I/btsnoop_sprd(868): 22:09:38:000883 ACL
01-16 16:09:38.001: I/btsnoop_sprd(868): diff: 519
01-16 16:09:38.001: I/bt_l2cap(868): L2CA_FlushChannel (QUERY)  CID: 0x0046
01-16 16:09:38.001: D/bt_l2cap(868): L2CA_FlushChannel()  flushed: 0 + 0,  num_left: 0
01-16 16:09:38.001: D/bt_hci_h4(868): 22:09:38:001646 ret=855
01-16 16:09:38.001: D/bt_btif(868): bta_av_co_audio_src_data_path
