01-16 16:09:33.676: D/bt_btif(868): [media task tx timer] ts 378771474, diff : 00019959, queue sz 0
01-16 16:09:33.676: D/bt_btif(868): btif_get_num_aa_frame_iteration pcm_bytes_per_frame 512
01-16 16:09:33.676: D/bt_btif(868): btif_get_num_aa_frame_iteration frames for available PCM data 6
01-16 16:09:33.677: D/bt_btif(868): btif_get_num_aa_frame_iteration reducing frames for available PCM data
01-16 16:09:33.677: D/bt_btif(868): btif_get_num_aa_frame_iteration effective num of frames 6, iterations 1
01-16 16:09:33.677: I/bt_btif(868): BTA got event 0x1231
01-16 16:09:33.678: I/bt_l2cap(868): L2CA_FlushChannel (QUERY)  CID: 0x0046
01-16 16:09:33.678: D/bt_l2cap(868): L2CA_FlushChannel()  flushed: 0 + 0,  num_left: 0
01-16 16:09:33.678: D/bt_btif(868): bta_av_co_audio_src_data_path
01-16 16:09:33.678: I/bt_l2cap(868): L2CA_DataWrite()  CID: 0x0046  Len: 727
01-16 16:09:33.696: D/bt_btif(868): [media task tx timer] ts 378791646, diff : 00020172, queue sz 0
01-16 16:09:33.696: D/bt_btif(868): btif_get_num_aa_frame_iteration pcm_bytes_per_frame 512
01-16 16:09:33.697: D/bt_btif(868): btif_get_num_aa_frame_iteration frames for available PCM data 7
01-16 16:09:33.697: D/bt_btif(868): btif_get_num_aa_frame_iteration reducing frames for available PCM data
01-16 16:09:33.697: D/bt_btif(868): btif_get_num_aa_frame_iteration effective num of frames 7, iterations 1
01-16 16:09:33.698: I/bt_btif(868): BTA got event 0x1231
01-16 16:09:33.699: I/bt_l2cap(868): L2CA_FlushChannel (QUERY)  CID: 0x0046
01-16 16:09:33.699: D/bt_l2cap(868): L2CA_FlushChannel()  flushed: 0 + 0,  num_left: 0
01-16 16:09:33.699: D/bt_btif(868): bta_av_co_audio_src_data_path
01-16 16:09:33.699: I/bt_l2cap(868): L2CA_DataWrite()  CID: 0x0046  Len: 846
01-16 16:09:33.699: I/bt_l2cap(868): L2CAP - st: OPEN evt: 30
01-16 16:09:33.700: D/bt_l2cap(868): RR scan pri=1, lcid=0x0046, q_cout=1
01-16 16:09:33.715: I/NuPlayerRenderer(251): copy size bigger than copyMax
01-16 16:09:33.716: I/NuPlayerRenderer(251): copy size bigger than copyMax
01-16 16:09:33.716: D/bt_btif(868): [media task tx timer] ts 378811604, diff : 00019958, queue sz 0
01-16 16:09:33.716: D/bt_btif(868): btif_get_num_aa_frame_iteration pcm_bytes_per_frame 512
01-16 16:09:33.716: D/bt_btif(868): btif_get_num_aa_frame_iteration frames for available PCM data 7
01-16 16:09:33.717: D/bt_btif(868): btif_get_num_aa_frame_iteration reducing frames for available PCM data
01-16 16:09:33.736: D/bt_btif(868): [media task tx timer] ts 378831502, diff : 00019898, queue sz 0
01-16 16:09:33.736: D/bt_btif(868): btif_get_num_aa_frame_iteration pcm_bytes_per_frame 512
01-16 16:09:33.736: D/bt_btif(868): btif_get_num_aa_frame_iteration frames for available PCM data 7
01-16 16:09:33.756: D/bt_btif(868): [media task tx timer] ts 378851491, diff : 00019989, queue sz 0
01-16 16:09:33.756: D/bt_btif(868): btif_get_num_aa_frame_iteration pcm_bytes_per_frame 512
01-16 16:09:33.756: D/bt_btif(868): btif_get_num_aa_frame_iteration frames for available PCM data 7
01-16 16:09:33.757: D/bt_btif(868): btif_get_num_aa_frame_iteration reducing frames for available PCM data
01-16 16:09:33.757: D/bt_btif(868): btif_get_num_aa_frame_iteration effective num of frames 7, iterations 1
01-16 16:09:33.757: I/bt_btif(868): BTA got event 0x1231
01-16 16:09:33.758: I/bt_l2cap(868): L2CA_FlushChannel (QUERY)  CID: 0x0046
01-16 16:09:33.758: D/bt_l2cap(868): L2CA_FlushChannel()  flushed: 0 + 0,  num_left: 0
01-16 16:09:33.759: D/bt_btif(868): bta_av_co_audio_src_data_path
01-16 16:09:33.759: I/bt_l2cap(868): L2CA_DataWrite()  CID: 0x0046  Len: 846
01-16 16:09:33.759: I/bt_l2cap(868): L2CAP - st: OPEN evt: 30
01-16 16:09:33.759: D/bt_l2cap(868): RR scan pri=1, lcid=0x0046, q_cout=1
01-16 16:09:33.776: D/bt_btif(868): [media task tx timer] ts 378871510, diff : 00020019, queue sz 0
01-16 16:09:33.776: D/bt_btif(868): btif_get_num_aa_frame_iteration pcm_bytes_per_frame 512
01-16 16:09:33.776: D/bt_btif(868): btif_get_num_aa_frame_iteration frames for available PCM data 7
01-16 16:09:33.777: D/bt_btif(868): btif_get_num_aa_frame_iteration reducing frames for available PCM data
01-16 16:09:33.777: D/bt_btif(868): btif_get_num_aa_frame_iteration effective num of frames 7, iterations 1
01-16 16:09:33.779: I/bt_btif(868): BTA got event 0x1231
01-16 16:09:33.779: I/bt_l2cap(868): L2CA_FlushChannel (QUERY)  CID: 0x0046
01-16 16:09:33.779: D/bt_l2cap(868): L2CA_FlushChannel()  flushed: 0 + 0,  num_left: 0
01-16 16:09:33.779: D/bt_btif(868): bta_av_co_audio_src_data_path
01-16 16:09:33.787: D/bt_l2cap(868): RR scan pri=0, lcid=0x0044, q_cout=0
01-16 16:09:33.787: D/bt_l2cap(868): TotalWin=8,LinkUnack(0x32)=0,RRCheck=0,RRUnack=0
01-16 16:09:33.796: D/bt_btif(868): [media task tx timer] ts 378891530, diff : 00020020, queue sz 0
01-16 16:09:33.805: I/btsnoop_sprd(868): 22:09:33:805326 EVE
01-16 16:09:33.886: D/bt_l2cap(868): TotalWin=8,LinkUnack(0x32)=0,RRCheck=0,RRUnack=0
01-16 16:09:33.896: D/bt_btif(868): [media task tx timer] ts 378991658, diff : 00020142, queue sz 0
01-16 16:09:33.896: D/bt_btif(868): btif_get_num_aa_frame_iteration pcm_bytes_per_frame 512
01-16 16:09:33.897: D/bt_btif(868): btif_get_num_aa_frame_iteration frames for available PCM data 7
01-16 16:09:33.897: D/bt_btif(868): btif_get_num_aa_frame_iteration reducing frames for available PCM data
01-16 16:09:33.897: D/bt_btif(868): btif_get_num_aa_frame_iteration effective num of frames 7, iterations 1
01-16 16:09:33.898: I/bt_btif(868): BTA got event 0x1231
01-16 16:09:33.898: I/bt_l2cap(868): L2CA_FlushChannel (QUERY)  CID: 0x0046
01-16 16:09:33.898: D/bt_l2cap(868): L2CA_FlushChannel()  flushed: 0 + 0,  num_left: 0
01-16 16:09:33.899: D/bt_btif(868): bta_av_co_audio_src_data_path
01-16 16:09:33.899: I/bt_l2cap(868): L2CA_DataWrite()  CID: 0x0046  Len: 846
01-16 16:09:33.899: I/bt_l2cap(868): L2CAP - st: OPEN evt: 30
01-16 16:09:33.946: I/btsnoop_sprd(868): 22:09:33:946592 EVE
01-16 16:09:33.947: I/btsnoop_sprd(868): diff: 427
01-16 16:09:33.956: D/WCND(207): is_cp2_alive_ok: open polling interface: /dev/spipe_wcn0, fd = 13
01-16 16:09:33.957: D/WCND(207): is_cp2_alive_ok: loop: /dev/spipe_wcn0 is OK
01-16 16:09:34.006: I/btsnoop_sprd(868): 22:09:34:006773 EVE
01-16 16:09:34.007: I/btsnoop_sprd(868): diff: 457
01-16 16:09:34.007: D/bt_l2cap(868): RR scan pri=1, lcid=0x0046, q_cout=0
01-16 16:09:34.007: D/bt_l2cap(868): RR scan pri=2, lcid=0x0041, q_cout=0
01-16 16:09:34.008: D/bt_l2cap(868): RR scan pri=0, lcid=0x0043, q_cout=0
01-16 16:09:34.008: D/bt_l2cap(868): RR scan pri=0, lcid=0x0044, q_cout=0
01-16 16:09:34.008: D/bt_l2cap(868): TotalWin=8,LinkUnack(0x32)=0,RRCheck=0,RRUnack=0
01-16 16:09:34.030: I/btsnoop_sprd(868): 22:09:34:030302 EVE
01-16 16:09:34.030: I/btsnoop_sprd(868): diff: 366
01-16 16:09:34.031: D/bt_l2cap(868): RR scan pri=1, lcid=0x0046, q_cout=0
01-16 16:09:34.031: D/bt_l2cap(868): RR scan pri=2, lcid=0x0041, q_cout=0
01-16 16:09:34.031: D/bt_l2cap(868): RR scan pri=0, lcid=0x0043, q_cout=0
01-16 16:09:34.031: D/bt_l2cap(868): RR scan pri=0, lcid=0x0044, q_cout=0
01-16 16:09:34.031: D/bt_l2cap(868): TotalWin=8,LinkUnack(0x32)=0,RRCheck=0,RRUnack=0
01-16 16:09:34.036: D/bt_btif(868): [media task tx timer] ts 379131489, diff : 00019927, queue sz 0
01-16 16:09:34.036: D/bt_btif(868): btif_get_num_aa_frame_iteration pcm_bytes_per_frame 512
01-16 16:09:34.036: D/bt_btif(868): btif_get_num_aa_frame_iteration frames for available PCM data 6
01-16 16:09:34.036: D/bt_btif(868): btif_get_num_aa_frame_iteration reducing frames for available PCM data
01-16 16:09:34.037: D/bt_btif(868): btif_get_num_aa_frame_iteration effective num of frames 6, iterations 1
01-16 16:09:34.037: I/bt_btif(868): BTA got event 0x1231
01-16 16:09:34.038: I/bt_l2cap(868): L2CA_FlushChannel (QUERY)  CID: 0x0046
01-16 16:09:34.038: D/bt_l2cap(868): L2CA_FlushChannel()  flushed: 0 + 0,  num_left: 0
01-16 16:09:34.038: D/bt_btif(868): bta_av_co_audio_src_data_path
01-16 16:09:34.038: I/bt_l2cap(868): L2CA_DataWrite()  CID: 0x0046  Len: 727
01-16 16:09:34.039: I/bt_l2cap(868): L2CAP - st: OPEN evt: 30
01-16 16:09:34.039: D/bt_l2cap(868): RR scan pri=1, lcid=0x0046, q_cout=1
01-16 16:09:34.039: D/bt_l2cap(868): RR service pri=1, quota=9, lcid=0x0046
01-16 16:09:34.039: D/bt_l2cap(868): TotalWin=7,Hndl=0x32,Quota=8,Unack=1,RRQuota=0,RRUnack=0
01-16 16:09:34.039: I/btsnoop_sprd(868): 22:09:34:039884 ACL
01-16 16:09:34.040: D/bt_l2cap(868): RR scan pri=1, lcid=0x0046, q_cout=0
01-16 16:09:34.040: I/btsnoop_sprd(868): diff: 275
01-16 16:09:34.040: D/bt_l2cap(868): RR scan pri=2, lcid=0x0041, q_cout=0
01-16 16:09:34.040: D/bt_hci_h4(868): 22:09:34:040373 ret=736
01-16 16:09:34.040: D/bt_l2cap(868): RR scan pri=0, lcid=0x0043, q_cout=0
01-16 16:09:34.040: D/bt_l2cap(868): RR scan pri=0, lcid=0x0044, q_cout=0
01-16 16:09:34.040: I/bt_btif(868): BTA got event 0x1222
01-16 16:09:34.041: I/bt_l2cap(868): L2CA_FlushChannel (QUERY)  CID: 0x0046
01-16 16:09:34.041: D/bt_l2cap(868): L2CA_FlushChannel()  flushed: 0 + 0,  num_left: 0
01-16 16:09:34.041: D/bt_btif(868): bta_av_co_audio_src_data_path
01-16 16:09:34.059: I/bt_btif(868): BTA got event 0x1231
01-16 16:09:34.059: I/bt_l2cap(868): L2CA_FlushChannel (QUERY)  CID: 0x0046
01-16 16:09:34.059: D/bt_l2cap(868): L2CA_FlushChannel()  flushed: 0 + 0,  num_left: 0
01-16 16:09:34.060: D/bt_btif(868): bta_av_co_audio_src_data_path
01-16 16:09:34.060: I/bt_l2cap(868): L2CA_DataWrite()  CID: 0x0046  Len: 846
01-16 16:09:34.060: I/bt_l2cap(868): L2CAP - st: OPEN evt: 30
01-16 16:09:34.060: D/bt_l2cap(868): RR scan pri=1, lcid=0x0046, q_cout=1
01-16 16:09:34.061: D/bt_l2cap(868): RR service pri=1, quota=9, lcid=0x0046
01-16 16:09:34.067: I/btsnoop_sprd(868): 22:09:34:067838 EVE
01-16 16:09:34.068: I/btsnoop_sprd(868): diff: 519
01-16 16:09:34.068: D/bt_l2cap(868): RR scan pri=1, lcid=0x0046, q_cout=0
01-16 16:09:34.068: D/bt_l2cap(868): RR scan pri=2, lcid=0x0041, q_cout=0
01-16 16:09:34.069: D/bt_l2cap(868): RR scan pri=0, lcid=0x0043, q_cout=0
01-16 16:09:34.069: D/bt_l2cap(868): RR scan pri=0, lcid=0x0044, q_cout=0
01-16 16:09:34.069: D/bt_l2cap(868): TotalWin=8,LinkUnack(0x32)=0,RRCheck=0,RRUnack=0
01-16 16:09:34.075: I/NuPlayerRenderer(251): copy size bigger than copyMax
01-16 16:09:34.075: I/NuPlayerRenderer(251): copy size bigger than copyMax
01-16 16:09:34.076: D/bt_btif(868): [media task tx timer] ts 379171620, diff : 00020019, queue sz 0
01-16 16:09:34.076: D/bt_btif(868): btif_get_num_aa_frame_iteration pcm_bytes_per_frame 512
01-16 16:09:34.091: I/btsnoop_sprd(868): 22:09:34:091642 EVE
01-16 16:09:34.092: I/btsnoop_sprd(868): diff: 366
01-16 16:09:34.092: D/bt_l2cap(868): RR scan pri=1, lcid=0x0046, q_cout=0
01-16 16:09:34.092: D/bt_l2cap(868): RR scan pri=2, lcid=0x0041, q_cout=0
01-16 16:09:34.092: D/bt_l2cap(868): RR scan pri=0, lcid=0x0043, q_cout=0
01-16 16:09:34.092: D/bt_l2cap(868): RR scan pri=0, lcid=0x0044, q_cout=0
01-16 16:09:34.092: D/bt_l2cap(868): TotalWin=8,LinkUnack(0x32)=0,RRCheck=0,RRUnack=0
01-16 16:09:34.096: D/bt_btif(868): [media task tx timer] ts 379191487, diff : 00019867, queue sz 0
01-16 16:09:34.096: D/bt_btif(868): btif_get_num_aa_frame_iteration pcm_bytes_per_frame 512
01-16 16:09:34.096: D/bt_btif(868): btif_get_num_aa_frame_iteration frames for available PCM data 7
01-16 16:09:34.096: D/bt_btif(868): btif_get_num_aa_frame_iteration reducing frames for available PCM data
01-16 16:09:34.097: D/bt_btif(868): btif_get_num_aa_frame_iteration effective num of frames 7, iterations 1
01-16 16:09:34.097: I/bt_btif(868): BTA got event 0x1231
01-16 16:09:34.099: I/bt_l2cap(868): L2CA_FlushChannel (QUERY)  CID: 0x0046
01-16 16:09:34.099: D/bt_l2cap(868): L2CA_FlushChannel()  flushed: 0 + 0,  num_left: 0
01-16 16:09:34.099: D/bt_btif(868): bta_av_co_audio_src_data_path
01-16 16:09:34.099: I/bt_l2cap(868): L2CA_DataWrite()  CID: 0x0046  Len: 846
01-16 16:09:34.100: I/bt_l2cap(868): L2CAP - st: OPEN evt: 30
01-16 16:09:34.100: D/bt_l2cap(868): RR scan pri=1, lcid=0x0046, q_cout=1
01-16 16:09:34.100: D/bt_l2cap(868): RR service pri=1, quota=9, lcid=0x0046
01-16 16:09:34.100: D/bt_l2cap(868): TotalWin=7,Hndl=0x32,Quota=8,Unack=1,RRQuota=0,RRUnack=0
01-16 16:09:34.114: I/btsnoop_sprd(868): 22:09:34:114195 EVE
01-16 16:09:34.114: I/btsnoop_sprd(868): diff: 427
01-16 16:09:34.114: D/bt_l2cap(868): RR scan pri=1, lcid=0x0046, q_cout=0
01-16 16:09:34.115: D/bt_l2cap(868): RR scan pri=2, lcid=0x0041, q_cout=0
01-16 16:09:34.115: D/bt_l2cap(868): RR scan pri=0, lcid=0x0043, q_cout=0
01-16 16:09:34.115: D/bt_l2cap(868): RR scan pri=0, lcid=0x0044, q_cout=0
01-16 16:09:34.115: D/bt_l2cap(868): TotalWin=8,LinkUnack(0x32)=0,RRCheck=0,RRUnack=0
01-16 16:09:34.116: D/bt_btif(868): [media task tx timer] ts 379211476, diff : 00019989, queue sz 0
01-16 16:09:34.116: D/bt_btif(868): btif_get_num_aa_frame_iteration pcm_bytes_per_frame 512
01-16 16:09:34.116: D/bt_btif(868): btif_get_num_aa_frame_iteration frames for available PCM data 7
01-16 16:09:34.116: D/bt_btif(868): btif_get_num_aa_frame_iteration reducing frames for available PCM data
01-16 16:09:34.117: D/bt_btif(868): btif_get_num_aa_frame_iteration effective num of frames 7, iterations 1
01-16 16:09:34.117: I/bt_btif(868): BTA got event 0x1231
01-16 16:09:34.118: I/bt_l2cap(868): L2CA_FlushChannel (QUERY)  CID: 0x0046
01-16 16:09:34.118: D/bt_l2cap(868): L2CA_FlushChannel()  flushed: 0 + 0,  num_left: 0
01-16 16:09:34.118: D/bt_btif(868): bta_av_co_audio_src_data_path
01-16 16:09:34.118: I/bt_l2cap(868): L2CA_DataWrite()  CID: 0x0046  Len: 846
01-16 16:09:34.118: I/bt_l2cap(868): L2CAP - st: OPEN evt: 30
01-16 16:09:34.119: D/bt_l2cap(868): RR scan pri=1, lcid=0x0046, q_cout=1
01-16 16:09:34.119: D/bt_l2cap(868): RR service pri=1, quota=9, lcid=0x0046
01-16 16:09:34.119: D/bt_l2cap(868): TotalWin=7,Hndl=0x32,Quota=8,Unack=1,RRQuota=0,RRUnack=0
01-16 16:09:34.119: I/btsnoop_sprd(868): 22:09:34:119566 ACL
01-16 16:09:34.119: D/bt_l2cap(868): RR scan pri=1, lcid=0x0046, q_cout=0
01-16 16:09:34.119: I/btsnoop_sprd(868): diff: 274
01-16 16:09:34.119: D/bt_l2cap(868): RR scan pri=2, lcid=0x0041, q_cout=0
01-16 16:09:34.120: D/bt_l2cap(868): RR scan pri=0, lcid=0x0043, q_cout=0
01-16 16:09:34.120: D/bt_hci_h4(868): 22:09:34:120084 ret=855
01-16 16:09:34.120: D/bt_l2cap(868): RR scan pri=0, lcid=0x0044, q_cout=0
01-16 16:09:34.145: I/btsnoop_sprd(868): 22:09:34:145414 EVE
01-16 16:09:34.160: I/bt_btif(868): BTA got event 0x1222
01-16 16:09:34.161: I/bt_l2cap(868): L2CA_FlushChannel (QUERY)  CID: 0x0046
01-16 16:09:34.161: D/bt_l2cap(868): L2CA_FlushChannel()  flushed: 0 + 0,  num_left: 0
01-16 16:09:34.161: D/bt_btif(868): bta_av_co_audio_src_data_path
01-16 16:09:34.165: I/btsnoop_sprd(868): 22:09:34:165342 EVE
01-16 16:09:34.165: I/btsnoop_sprd(868): diff: 366
01-16 16:09:34.166: D/bt_l2cap(868): RR scan pri=1, lcid=0x0046, q_cout=0
01-16 16:09:34.166: D/bt_l2cap(868): RR scan pri=2, lcid=0x0041, q_cout=0
01-16 16:09:34.166: D/bt_l2cap(868): RR scan pri=0, lcid=0x0043, q_cout=0
01-16 16:09:34.166: D/bt_l2cap(868): RR scan pri=0, lcid=0x0044, q_cout=0
01-16 16:09:34.166: D/bt_l2cap(868): TotalWin=8,LinkUnack(0x32)=0,RRCheck=0,RRUnack=0
01-16 16:09:34.176: D/bt_btif(868): [media task tx timer] ts 379271535, diff : 00019989, queue sz 0
01-16 16:09:34.176: D/bt_btif(868): btif_get_num_aa_frame_iteration pcm_bytes_per_frame 512
01-16 16:09:34.176: D/bt_btif(868): btif_get_num_aa_frame_iteration frames for available PCM data 7
01-16 16:09:34.177: D/bt_btif(868): btif_get_num_aa_frame_iteration reducing frames for available PCM data
01-16 16:09:34.216: D/bt_btif(868): [media task tx timer] ts 379311543, diff : 00020050, queue sz 0
01-16 16:09:34.216: D/bt_btif(868): btif_get_num_aa_frame_iteration pcm_bytes_per_frame 512
01-16 16:09:34.239: I/bt_l2cap(868): L2CA_DataWrite()  CID: 0x0046  Len: 727
01-16 16:09:34.257: I/bt_btif(868): BTA got event 0x1231
01-16 16:09:34.258: I/bt_l2cap(868): L2CA_FlushChannel (QUERY)  CID: 0x0046
01-16 16:09:34.258: D/bt_l2cap(868): L2CA_FlushChannel()  flushed: 0 + 0,  num_left: 0
01-16 16:09:34.259: D/bt_l2cap(868): RR service pri=1, quota=9, lcid=0x0046
01-16 16:09:34.259: D/bt_l2cap(868): TotalWin=7,Hndl=0x32,Quota=8,Unack=1,RRQuota=0,RRUnack=0
01-16 16:09:34.259: I/btsnoop_sprd(868): 22:09:34:259824 ACL
01-16 16:09:34.270: I/NuPlayerRenderer(251): copy size bigger than copyMax
01-16 16:09:34.276: D/bt_btif(868): [media task tx timer] ts 379371571, diff : 00020050, queue sz 0
01-16 16:09:34.307: I/btsnoop_sprd(868): 22:09:34:307829 EVE
01-16 16:09:34.308: I/btsnoop_sprd(868): diff: 488
01-16 16:09:34.336: D/bt_btif(868): [media task tx timer] ts 379431813, diff : 00020264, queue sz 0
01-16 16:09:34.337: D/bt_btif(868): btif_get_num_aa_frame_iteration pcm_bytes_per_frame 512
01-16 16:09:34.337: D/bt_btif(868): btif_get_num_aa_frame_iteration frames for available PCM data 7
01-16 16:09:34.337: D/bt_btif(868): btif_get_num_aa_frame_iteration reducing frames for available PCM data
01-16 16:09:34.337: D/bt_btif(868): btif_get_num_aa_frame_iteration effective num of frames 7, iterations 1
01-16 16:09:34.338: I/bt_btif(868): BTA got event 0x1231
01-16 16:09:34.338: I/bt_l2cap(868): L2CA_FlushChannel (QUERY)  CID: 0x0046
01-16 16:09:34.338: D/bt_l2cap(868): L2CA_FlushChannel()  flushed: 0 + 0,  num_left: 0
01-16 16:09:34.338: D/bt_btif(868): bta_av_co_audio_src_data_path
01-16 16:09:34.339: I/bt_l2cap(868): L2CA_DataWrite()  CID: 0x0046  Len: 846
01-16 16:09:34.339: I/bt_l2cap(868): L2CAP - st: OPEN evt: 30
01-16 16:09:34.339: D/bt_l2cap(868): RR scan pri=1, lcid=0x0046, q_cout=1
01-16 16:09:34.405: I/btsnoop_sprd(868): 22:09:34:405363 EVE
01-16 16:09:34.405: I/btsnoop_sprd(868): diff: 397
01-16 16:09:34.406: D/bt_l2cap(868): RR scan pri=1, lcid=0x0046, q_cout=0
01-16 16:09:34.406: D/bt_l2cap(868): RR scan pri=2, lcid=0x0041, q_cout=0
01-16 16:09:34.406: D/bt_l2cap(868): RR scan pri=0, lcid=0x0043, q_cout=0
01-16 16:09:34.406: D/bt_l2cap(868): RR scan pri=0, lcid=0x0044, q_cout=0
01-16 16:09:34.406: D/bt_l2cap(868): TotalWin=8,LinkUnack(0x32)=0,RRCheck=0,RRUnack=0
01-16 16:09:34.416: D/bt_btif(868): [media task tx timer] ts 379511525, diff : 00020020, queue sz 0
01-16 16:09:34.416: D/bt_btif(868): btif_get_num_aa_frame_iteration pcm_bytes_per_frame 512
01-16 16:09:34.417: D/bt_btif(868): btif_get_num_aa_frame_iteration effective num of frames 7, iterations 1
01-16 16:09:34.417: I/bt_btif(868): BTA got event 0x1231
01-16 16:09:34.418: I/bt_l2cap(868): L2CA_FlushChannel (QUERY)  CID: 0x0046
01-16 16:09:34.418: D/bt_l2cap(868): L2CA_FlushChannel()  flushed: 0 + 0,  num_left: 0
01-16 16:09:34.418: D/bt_btif(868): bta_av_co_audio_src_data_path
01-16 16:09:34.419: I/bt_l2cap(868): L2CA_DataWrite()  CID: 0x0046  Len: 846
01-16 16:09:34.419: I/bt_l2cap(868): L2CAP - st: OPEN evt: 30
01-16 16:09:34.419: D/bt_l2cap(868): RR scan pri=1, lcid=0x0046, q_cout=1
01-16 16:09:34.419: D/bt_l2cap(868): RR service pri=1, quota=9, lcid=0x0046
01-16 16:09:34.420: D/bt_l2cap(868): TotalWin=7,Hndl=0x32,Quota=8,Unack=1,RRQuota=0,RRUnack=0
01-16 16:09:34.420: I/btsnoop_sprd(868): 22:09:34:420103 ACL
01-16 16:09:34.420: D/bt_l2cap(868): RR scan pri=1, lcid=0x0046, q_cout=0
01-16 16:09:34.420: I/btsnoop_sprd(868): diff: 244
01-16 16:09:34.420: D/bt_l2cap(868): RR scan pri=2, lcid=0x0041, q_cout=0
01-16 16:09:34.420: D/bt_hci_h4(868): 22:09:34:420561 ret=855
01-16 16:09:34.420: D/bt_l2cap(868): RR scan pri=0, lcid=0x0043, q_cout=0
01-16 16:09:34.420: D/bt_l2cap(868): RR scan pri=0, lcid=0x0044, q_cout=0
01-16 16:09:34.421: I/bt_btif(868): BTA got event 0x1222
01-16 16:09:34.421: I/bt_l2cap(868): L2CA_FlushChannel (QUERY)  CID: 0x0046
01-16 16:09:34.421: D/bt_l2cap(868): L2CA_FlushChannel()  flushed: 0 + 0,  num_left: 0
01-16 16:09:34.421: D/bt_btif(868): bta_av_co_audio_src_data_path
01-16 16:09:34.426: I/btsnoop_sprd(868): 22:09:34:426572 EVE
01-16 16:09:34.426: I/btsnoop_sprd(868): diff: 367
01-16 16:09:34.427: D/bt_l2cap(868): RR scan pri=1, lcid=0x0046, q_cout=0
01-16 16:09:34.427: D/bt_l2cap(868): RR scan pri=2, lcid=0x0041, q_cout=0
01-16 16:09:34.427: D/bt_l2cap(868): RR scan pri=0, lcid=0x0043, q_cout=0
01-16 16:09:34.427: D/bt_l2cap(868): RR scan pri=0, lcid=0x0044, q_cout=0
01-16 16:09:34.427: D/bt_l2cap(868): TotalWin=8,LinkUnack(0x32)=0,RRCheck=0,RRUnack=0
01-16 16:09:34.436: D/bt_btif(868): [media task tx timer] ts 379531483, diff : 00019958, queue sz 0
01-16 16:09:34.436: D/bt_btif(868): btif_get_num_aa_frame_iteration pcm_bytes_per_frame 512
01-16 16:09:34.436: D/bt_btif(868): btif_get_num_aa_frame_iteration frames for available PCM data 7
01-16 16:09:34.436: D/bt_btif(868): btif_get_num_aa_frame_iteration reducing frames for available PCM data
01-16 16:09:34.437: D/bt_btif(868): btif_get_num_aa_frame_iteration effective num of frames 7, iterations 1
01-16 16:09:34.437: I/bt_btif(868): BTA got event 0x1231
01-16 16:09:34.438: I/bt_l2cap(868): L2CA_FlushChannel (QUERY)  CID: 0x0046
01-16 16:09:34.438: D/bt_l2cap(868): L2CA_FlushChannel()  flushed: 0 + 0,  num_left: 0
01-16 16:09:34.438: D/bt_btif(868): bta_av_co_audio_src_data_path
01-16 16:09:34.439: I/bt_l2cap(868): L2CA_DataWrite()  CID: 0x0046  Len: 846
01-16 16:09:34.439: I/bt_l2cap(868): L2CAP - st: OPEN evt: 30
01-16 16:09:34.439: D/bt_l2cap(868): RR scan pri=1, lcid=0x0046, q_cout=1
01-16 16:09:34.439: D/bt_l2cap(868): RR service pri=1, quota=9, lcid=0x0046
01-16 16:09:34.439: D/bt_l2cap(868): TotalWin=7,Hndl=0x32,Quota=8,Unack=1,RRQuota=0,RRUnack=0
01-16 16:09:34.440: I/btsnoop_sprd(868): 22:09:34:440000 ACL
01-16 16:09:34.440: D/bt_l2cap(868): RR scan pri=1, lcid=0x0046, q_cout=0
01-16 16:09:34.440: I/btsnoop_sprd(868): diff: 275
01-16 16:09:34.440: D/bt_l2cap(868): RR scan pri=2, lcid=0x0041, q_cout=0
01-16 16:09:34.440: D/bt_hci_h4(868): 22:09:34:440489 ret=855
01-16 16:09:34.440: D/bt_l2cap(868): RR scan pri=0, lcid=0x0043, q_cout=0
01-16 16:09:34.440: D/bt_l2cap(868): RR scan pri=0, lcid=0x0044, q_cout=0
01-16 16:09:34.440: I/bt_btif(868): BTA got event 0x1222
01-16 16:09:34.441: I/bt_l2cap(868): L2CA_FlushChannel (QUERY)  CID: 0x0046
01-16 16:09:34.441: D/bt_l2cap(868): L2CA_FlushChannel()  flushed: 0 + 0,  num_left: 0
01-16 16:09:34.441: D/bt_btif(868): bta_av_co_audio_src_data_path
01-16 16:09:34.445: I/btsnoop_sprd(868): 22:09:34:445341 EVE
01-16 16:09:34.445: I/btsnoop_sprd(868): diff: 305
01-16 16:09:34.445: D/bt_l2cap(868): RR scan pri=1, lcid=0x0046, q_cout=0
01-16 16:09:34.446: D/bt_l2cap(868): RR scan pri=2, lcid=0x0041, q_cout=0
01-16 16:09:34.446: D/bt_l2cap(868): RR scan pri=0, lcid=0x0043, q_cout=0
01-16 16:09:34.446: D/bt_l2cap(868): RR scan pri=0, lcid=0x0044, q_cout=0
01-16 16:09:34.446: D/bt_l2cap(868): TotalWin=8,LinkUnack(0x32)=0,RRCheck=0,RRUnack=0
01-16 16:09:34.455: I/NuPlayerRenderer(251): copy size bigger than copyMax
01-16 16:09:34.456: D/bt_btif(868): [media task tx timer] ts 379551503, diff : 00020020, queue sz 0
01-16 16:09:34.456: D/bt_btif(868): btif_get_num_aa_frame_iteration pcm_bytes_per_frame 512
01-16 16:09:34.456: D/bt_btif(868): btif_get_num_aa_frame_iteration frames for available PCM data 7
01-16 16:09:34.457: D/bt_btif(868): btif_get_num_aa_frame_iteration reducing frames for available PCM data
01-16 16:09:34.457: D/bt_btif(868): btif_get_num_aa_frame_iteration effective num of frames 7, iterations 1
01-16 16:09:34.457: V/Avrcp(868): MediaController playback changed: PlaybackState {state=3, position=58431, buffered position=0, speed=1.0, updated=379550, actions=567, custom actions=[], active item id=-1, error=null}
01-16 16:09:34.457: V/Avrcp(868): updatePlaybackState: old=PlaybackState {state=3, position=57924, buffered position=0, speed=1.0, updated=379048, actions=567, custom actions=[], active item id=-1, error=null}, new=PlaybackState {state=3, position=58431, buffered position=0, speed=1.0, updated=379550, actions=567, custom actions=[], active item id=-1, error=null}
01-16 16:09:34.457: I/bt_btif(868): BTA got event 0x1231
01-16 16:09:34.457: I/BluetoothAvrcpServiceJni(868): registerNotificationRspPlayStatusNative: sBluetoothAvrcpInterface: 0x97c719ac
01-16 16:09:34.478: I/bt_l2cap(868): L2CA_DataWrite()  CID: 0x0046  Len: 846
01-16 16:09:34.478: I/bt_l2cap(868): L2CAP - st: OPEN evt: 30
01-16 16:09:34.479: D/bt_l2cap(868): RR scan pri=0, lcid=0x0043, q_cout=0
01-16 16:09:34.496: I/btsnoop_sprd(868): 22:09:34:496610 EVE
01-16 16:09:34.537: I/bt_btif(868): BTA got event 0x1231
01-16 16:09:34.540: I/bt_l2cap(868): L2CA_FlushChannel (QUERY)  CID: 0x0046
01-16 16:09:34.541: D/bt_l2cap(868): L2CA_FlushChannel()  flushed: 0 + 0,  num_left: 0
01-16 16:09:34.541: D/bt_btif(868): bta_av_co_audio_src_data_path
01-16 16:09:34.541: I/bt_l2cap(868): L2CA_DataWrite()  CID: 0x0046  Len: 846
01-16 16:09:34.541: I/bt_l2cap(868): L2CAP - st: OPEN evt: 30
01-16 16:09:34.541: D/bt_l2cap(868): RR scan pri=1, lcid=0x0046, q_cout=1
01-16 16:09:34.542: D/bt_l2cap(868): RR service pri=1, quota=9, lcid=0x0046
01-16 16:09:34.542: D/bt_l2cap(868): TotalWin=7,Hndl=0x32,Quota=8,Unack=1,RRQuota=0,RRUnack=0
01-16 16:09:34.543: D/bt_l2cap(868): L2CA_FlushChannel()  flushed: 0 + 0,  num_left: 0
01-16 16:09:34.543: D/bt_btif(868): bta_av_co_audio_src_data_path
01-16 16:09:34.547: I/btsnoop_sprd(868): 22:09:34:547849 EVE
01-16 16:09:34.548: I/btsnoop_sprd(868): diff: 458
01-16 16:09:34.548: D/bt_l2cap(868): RR scan pri=1, lcid=0x0046, q_cout=0
01-16 16:09:34.548: D/bt_l2cap(868): RR scan pri=2, lcid=0x0041, q_cout=0
01-16 16:09:34.576: D/bt_btif(868): [media task tx timer] ts 379671529, diff : 00020020, queue sz 0
01-16 16:09:34.596: D/bt_btif(868): [media task tx timer] ts 379691548, diff : 00020019, queue sz 0
01-16 16:09:34.596: D/bt_btif(868): btif_get_num_aa_frame_iteration pcm_bytes_per_frame 512
01-16 16:09:34.596: D/bt_btif(868): btif_get_num_aa_frame_iteration frames for available PCM data 7
01-16 16:09:34.630: I/NuPlayerRenderer(251): copy size bigger than copyMax
01-16 16:09:34.645: I/btsnoop_sprd(868): 22:09:34:645384 EVE
01-16 16:09:34.645: I/btsnoop_sprd(868): diff: 396
01-16 16:09:34.646: D/bt_l2cap(868): RR scan pri=1, lcid=0x0046, q_cout=0
01-16 16:09:34.646: D/bt_l2cap(868): RR scan pri=2, lcid=0x0041, q_cout=0
01-16 16:09:34.646: D/bt_l2cap(868): RR scan pri=0, lcid=0x0043, q_cout=0
01-16 16:09:34.646: D/bt_l2cap(868): RR scan pri=0, lcid=0x0044, q_cout=0
01-16 16:09:34.647: D/bt_l2cap(868): TotalWin=8,LinkUnack(0x32)=0,RRCheck=0,RRUnack=0
01-16 16:09:34.656: D/bt_btif(868): [media task tx timer] ts 379751515, diff : 00019958, queue sz 0
01-16 16:09:34.656: D/bt_btif(868): btif_get_num_aa_frame_iteration pcm_bytes_per_frame 512
01-16 16:09:34.656: D/bt_btif(868): btif_get_num_aa_frame_iteration frames for available PCM data 7
01-16 16:09:34.657: D/bt_btif(868): btif_get_num_aa_frame_iteration reducing frames for available PCM data
01-16 16:09:34.657: D/bt_btif(868): btif_get_num_aa_frame_iteration effective num of frames 7, iterations 1
01-16 16:09:34.665: I/btsnoop_sprd(868): 22:09:34:665556 EVE
01-16 16:09:34.665: I/btsnoop_sprd(868): diff: 366
01-16 16:09:34.666: D/bt_l2cap(868): RR scan pri=1, lcid=0x0046, q_cout=0
01-16 16:09:34.696: D/bt_btif(868): [media task tx timer] ts 379791493, diff : 00019958, queue sz 0
01-16 16:09:34.696: D/bt_btif(868): btif_get_num_aa_frame_iteration pcm_bytes_per_frame 512
01-16 16:09:34.696: D/bt_btif(868): btif_get_num_aa_frame_iteration frames for available PCM data 7
01-16 16:09:34.697: D/bt_btif(868): btif_get_num_aa_frame_iteration reducing frames for available PCM data
01-16 16:09:34.739: D/bt_l2cap(868): RR scan pri=1, lcid=0x0046, q_cout=0
01-16 16:09:34.740: I/bt_btif(868): BTA got event 0x1222
01-16 16:09:34.740: I/bt_l2cap(868): L2CA_FlushChannel (QUERY)  CID: 0x0046
01-16 16:09:34.741: D/bt_l2cap(868): L2CA_FlushChannel()  flushed: 0 + 0,  num_left: 0
01-16 16:09:34.741: D/bt_btif(868): bta_av_co_audio_src_data_path
01-16 16:09:34.745: I/btsnoop_sprd(868): 22:09:34:745390 EVE
01-16 16:09:34.745: I/btsnoop_sprd(868): diff: 335
01-16 16:09:34.746: D/bt_l2cap(868): RR scan pri=1, lcid=0x0046, q_cout=0
01-16 16:09:34.746: D/bt_l2cap(868): RR scan pri=2, lcid=0x0041, q_cout=0
01-16 16:09:34.746: D/bt_l2cap(868): RR scan pri=0, lcid=0x0043, q_cout=0
01-16 16:09:34.746: D/bt_l2cap(868): RR scan pri=0, lcid=0x0044, q_cout=0
01-16 16:09:34.746: D/bt_l2cap(868): TotalWin=8,LinkUnack(0x32)=0,RRCheck=0,RRUnack=0
01-16 16:09:34.756: D/bt_btif(868): [media task tx timer] ts 379851552, diff : 00020020, queue sz 0
01-16 16:09:34.766: I/btsnoop_sprd(868): 22:09:34:766538 EVE
01-16 16:09:34.766: I/btsnoop_sprd(868): diff: 428
01-16 16:09:34.767: D/bt_l2cap(868): RR scan pri=1, lcid=0x0046, q_cout=0
01-16 16:09:34.767: D/bt_l2cap(868): RR scan pri=2, lcid=0x0041, q_cout=0
01-16 16:09:34.767: D/bt_l2cap(868): RR scan pri=0, lcid=0x0043, q_cout=0
01-16 16:09:34.796: D/bt_btif(868): [media task tx timer] ts 379891530, diff : 00019989, queue sz 0
01-16 16:09:34.815: I/NuPlayerRenderer(251): copy size bigger than copyMax
01-16 16:09:34.815: I/NuPlayerRenderer(251): copy size bigger than copyMax
01-16 16:09:34.816: D/bt_btif(868): [media task tx timer] ts 379911519, diff : 00019989, queue sz 0
01-16 16:09:34.816: D/bt_btif(868): btif_get_num_aa_frame_iteration pcm_bytes_per_frame 512
01-16 16:09:34.836: D/bt_btif(868): [media task tx timer] ts 379931508, diff : 00019989, queue sz 0
01-16 16:09:34.899: D/bt_l2cap(868): TotalWin=7,Hndl=0x32,Quota=8,Unack=1,RRQuota=0,RRUnack=0
01-16 16:09:34.936: D/bt_btif(868): [media task tx timer] ts 380031514, diff : 00019989, queue sz 0
01-16 16:09:34.936: D/bt_btif(868): btif_get_num_aa_frame_iteration pcm_bytes_per_frame 512
01-16 16:09:34.956: D/bt_btif(868): [media task tx timer] ts 380051533, diff : 00020019, queue sz 0
01-16 16:09:34.979: D/bt_l2cap(868): RR scan pri=1, lcid=0x0046, q_cout=1
01-16 16:09:34.979: D/bt_l2cap(868): RR service pri=1, quota=9, lcid=0x0046
01-16 16:09:34.979: D/bt_l2cap(868): TotalWin=7,Hndl=0x32,Quota=8,Unack=1,RRQuota=0,RRUnack=0
01-16 16:09:34.979: I/btsnoop_sprd(868): 22:09:34:979765 ACL
01-16 16:09:34.979: D/bt_l2cap(868): RR scan pri=1, lcid=0x0046, q_cout=0
01-16 16:09:34.980: I/btsnoop_sprd(868): diff: 274
01-16 16:09:34.980: D/bt_l2cap(868): RR scan pri=2, lcid=0x0041, q_cout=0
01-16 16:09:34.990: I/NuPlayerRenderer(251): copy size bigger than copyMax
01-16 16:09:34.997: I/bt_btif(868): BTA got event 0x1231
01-16 16:09:34.997: I/btsnoop_sprd(868): 22:09:34:997831 EVE
01-16 16:09:34.998: I/bt_l2cap(868): L2CA_FlushChannel (QUERY)  CID: 0x0046
01-16 16:09:34.998: I/btsnoop_sprd(868): diff: 366
01-16 16:09:34.998: D/bt_l2cap(868): L2CA_FlushChannel()  flushed: 0 + 0,  num_left: 0
01-16 16:09:34.998: D/bt_btif(868): bta_av_co_audio_src_data_path
01-16 16:09:34.999: D/bt_l2cap(868): RR scan pri=0, lcid=0x0044, q_cout=0
01-16 16:09:35.000: I/bt_l2cap(868): L2CA_FlushChannel (QUERY)  CID: 0x0046
01-16 16:09:35.000: D/bt_l2cap(868): L2CA_FlushChannel()  flushed: 0 + 0,  num_left: 0
01-16 16:09:35.001: D/bt_btif(868): bta_av_co_audio_src_data_path
01-16 16:09:35.001: D/bt_l2cap(868): RR scan pri=1, lcid=0x0046, q_cout=0
01-16 16:09:35.005: I/btsnoop_sprd(868): 22:09:35:005399 EVE
01-16 16:09:35.045: I/btsnoop_sprd(868): 22:09:35:045500 EVE
01-16 16:09:35.046: I/btsnoop_sprd(868): diff: 518
01-16 16:09:35.046: D/bt_l2cap(868): RR scan pri=1, lcid=0x0046, q_cout=0
01-16 16:09:35.046: D/bt_l2cap(868): RR scan pri=2, lcid=0x0041, q_cout=0
01-16 16:09:35.066: I/btsnoop_sprd(868): 22:09:35:066618 EVE
01-16 16:09:35.136: D/bt_btif(868): [media task tx timer] ts 380231496, diff : 00019959, queue sz 0
01-16 16:09:35.156: D/bt_btif(868): [media task tx timer] ts 380251515, diff : 00020019, queue sz 0
01-16 16:09:35.156: D/bt_btif(868): btif_get_num_aa_frame_iteration pcm_bytes_per_frame 512
01-16 16:09:35.156: D/bt_btif(868): btif_get_num_aa_frame_iteration frames for available PCM data 7
01-16 16:09:35.157: D/bt_btif(868): btif_get_num_aa_frame_iteration reducing frames for available PCM data
01-16 16:09:35.157: D/bt_btif(868): btif_get_num_aa_frame_iteration effective num of frames 7, iterations 1
01-16 16:09:35.157: I/bt_btif(868): BTA got event 0x1231
01-16 16:09:35.158: I/bt_l2cap(868): L2CA_FlushChannel (QUERY)  CID: 0x0046
01-16 16:09:35.158: D/bt_l2cap(868): L2CA_FlushChannel()  flushed: 0 + 0,  num_left: 0
01-16 16:09:35.158: D/bt_btif(868): bta_av_co_audio_src_data_path
01-16 16:09:35.158: I/bt_l2cap(868): L2CA_DataWrite()  CID: 0x0046  Len: 846
01-16 16:09:35.158: I/bt_l2cap(868): L2CAP - st: OPEN evt: 30
01-16 16:09:35.159: D/bt_l2cap(868): RR scan pri=1, lcid=0x0046, q_cout=1
01-16 16:09:35.165: I/btsnoop_sprd(868): 22:09:35:165342 EVE
01-16 16:09:35.174: I/NuPlayerRenderer(251): copy size bigger than copyMax
01-16 16:09:35.185: I/btsnoop_sprd(868): 22:09:35:185484 EVE
01-16 16:09:35.185: I/btsnoop_sprd(868): diff: 427
01-16 16:09:35.186: D/bt_l2cap(868): RR scan pri=1, lcid=0x0046, q_cout=0
01-16 16:09:35.186: D/bt_l2cap(868): RR scan pri=2, lcid=0x0041, q_cout=0
01-16 16:09:35.186: D/bt_l2cap(868): RR scan pri=0, lcid=0x0043, q_cout=0
01-16 16:09:35.186: D/bt_l2cap(868): RR scan pri=0, lcid=0x0044, q_cout=0
01-16 16:09:35.187: D/bt_l2cap(868): TotalWin=8,LinkUnack(0x32)=0,RRCheck=0,RRUnack=0
01-16 16:09:35.196: D/bt_btif(868): [media task tx timer] ts 380291463, diff : 00019928, queue sz 0
01-16 16:09:35.196: D/bt_btif(868): btif_get_num_aa_frame_iteration pcm_bytes_per_frame 512
01-16 16:09:35.196: D/bt_btif(868): btif_get_num_aa_frame_iteration frames for available PCM data 7
01-16 16:09:35.196: D/bt_btif(868): btif_get_num_aa_frame_iteration reducing frames for available PCM data
01-16 16:09:35.236: D/bt_btif(868): [media task tx timer] ts 380331807, diff : 00020264, queue sz 0
01-16 16:09:35.256: D/bt_btif(868): [media task tx timer] ts 380351491, diff : 00019684, queue sz 0
01-16 16:09:35.298: D/bt_l2cap(868): RR scan pri=1, lcid=0x0046, q_cout=1
01-16 16:09:35.299: D/bt_l2cap(868): RR service pri=1, quota=9, lcid=0x0046
01-16 16:09:35.299: D/bt_l2cap(868): TotalWin=7,Hndl=0x32,Quota=8,Unack=1,RRQuota=0,RRUnack=0
01-16 16:09:35.299: I/btsnoop_sprd(868): 22:09:35:299467 ACL
01-16 16:09:35.299: D/bt_l2cap(868): RR scan pri=1, lcid=0x0046, q_cout=0
01-16 16:09:35.299: I/btsnoop_sprd(868): diff: 244
01-16 16:09:35.299: D/bt_l2cap(868): RR scan pri=2, lcid=0x0041, q_cout=0
01-16 16:09:35.299: D/bt_hci_h4(868): 22:09:35:299894 ret=855
01-16 16:09:35.299: D/bt_l2cap(868): RR scan pri=0, lcid=0x0043, q_cout=0
01-16 16:09:35.300: D/bt_l2cap(868): RR scan pri=0, lcid=0x0044, q_cout=0
01-16 16:09:35.300: I/bt_btif(868): BTA got event 0x1222
01-16 16:09:35.300: I/bt_l2cap(868): L2CA_FlushChannel (QUERY)  CID: 0x0046
01-16 16:09:35.300: D/bt_l2cap(868): L2CA_FlushChannel()  flushed: 0 + 0,  num_left: 0
01-16 16:09:35.300: D/bt_btif(868): bta_av_co_audio_src_data_path
01-16 16:09:35.305: I/btsnoop_sprd(868): 22:09:35:305326 EVE
01-16 16:09:35.305: I/btsnoop_sprd(868): diff: 366
01-16 16:09:35.306: D/bt_l2cap(868): RR scan pri=1, lcid=0x0046, q_cout=0
01-16 16:09:35.306: D/bt_l2cap(868): RR scan pri=2, lcid=0x0041, q_cout=0
01-16 16:09:35.306: D/bt_l2cap(868): RR scan pri=0, lcid=0x0043, q_cout=0
01-16 16:09:35.306: D/bt_l2cap(868): RR scan pri=0, lcid=0x0044, q_cout=0
01-16 16:09:35.306: D/bt_l2cap(868): TotalWin=8,LinkUnack(0x32)=0,RRCheck=0,RRUnack=0
01-16 16:09:35.316: D/bt_btif(868): [media task tx timer] ts 380411519, diff : 00019989, queue sz 0
01-16 16:09:35.316: D/bt_btif(868): btif_get_num_aa_frame_iteration pcm_bytes_per_frame 512
01-16 16:09:35.316: D/bt_btif(868): btif_get_num_aa_frame_iteration frames for available PCM data 6
01-16 16:09:35.317: D/bt_btif(868): btif_get_num_aa_frame_iteration reducing frames for available PCM data
01-16 16:09:35.317: D/bt_btif(868): btif_get_num_aa_frame_iteration effective num of frames 6, iterations 1
01-16 16:09:35.317: I/bt_btif(868): BTA got event 0x1231
01-16 16:09:35.319: I/bt_l2cap(868): L2CA_FlushChannel (QUERY)  CID: 0x0046
01-16 16:09:35.319: D/bt_l2cap(868): L2CA_FlushChannel()  flushed: 0 + 0,  num_left: 0
01-16 16:09:35.319: D/bt_btif(868): bta_av_co_audio_src_data_path
01-16 16:09:35.319: I/bt_l2cap(868): L2CA_DataWrite()  CID: 0x0046  Len: 727
01-16 16:09:35.319: I/bt_l2cap(868): L2CAP - st: OPEN evt: 30
01-16 16:09:35.320: D/bt_l2cap(868): RR scan pri=1, lcid=0x0046, q_cout=1
01-16 16:09:35.320: D/bt_l2cap(868): RR service pri=1, quota=9, lcid=0x0046
01-16 16:09:35.320: D/bt_l2cap(868): TotalWin=7,Hndl=0x32,Quota=8,Unack=1,RRQuota=0,RRUnack=0
01-16 16:09:35.320: I/btsnoop_sprd(868): 22:09:35:320554 ACL
01-16 16:09:35.320: D/bt_l2cap(868): RR scan pri=1, lcid=0x0046, q_cout=0
01-16 16:09:35.320: I/btsnoop_sprd(868): diff: 275
01-16 16:09:35.320: D/bt_l2cap(868): RR scan pri=2, lcid=0x0041, q_cout=0
01-16 16:09:35.321: D/bt_l2cap(868): RR scan pri=0, lcid=0x0043, q_cout=0
01-16 16:09:35.321: D/bt_hci_h4(868): 22:09:35:321043 ret=736
01-16 16:09:35.321: D/bt_l2cap(868): RR scan pri=0, lcid=0x0044, q_cout=0
01-16 16:09:35.321: I/bt_btif(868): BTA got event 0x1222
01-16 16:09:35.321: I/bt_l2cap(868): L2CA_FlushChannel (QUERY)  CID: 0x0046
01-16 16:09:35.349: I/NuPlayerRenderer(251): copy size bigger than copyMax
01-16 16:09:35.356: D/bt_btif(868): [media task tx timer] ts 380451497, diff : 00019959, queue sz 0
01-16 16:09:35.356: D/bt_btif(868): btif_get_num_aa_frame_iteration pcm_bytes_per_frame 512
01-16 16:09:35.356: D/bt_btif(868): btif_get_num_aa_frame_iteration frames for available PCM data 7
01-16 16:09:35.357: D/bt_btif(868): btif_get_num_aa_frame_iteration reducing frames for available PCM data
01-16 16:09:35.357: D/bt_btif(868): btif_get_num_aa_frame_iteration effective num of frames 7, iterations 1
01-16 16:09:35.357: I/bt_btif(868): BTA got event 0x1231
01-16 16:09:35.385: I/btsnoop_sprd(868): 22:09:35:385618 EVE
01-16 16:09:35.386: I/btsnoop_sprd(868): diff: 366
01-16 16:09:35.386: D/bt_l2cap(868): RR scan pri=1, lcid=0x0046, q_cout=0
01-16 16:09:35.386: D/bt_l2cap(868): RR scan pri=2, lcid=0x0041, q_cout=0
01-16 16:09:35.386: D/bt_l2cap(868): RR scan pri=0, lcid=0x0043, q_cout=0
01-16 16:09:35.386: D/bt_l2cap(868): RR scan pri=0, lcid=0x0044, q_cout=0
01-16 16:09:35.387: D/bt_l2cap(868): TotalWin=8,LinkUnack(0x32)=0,RRCheck=0,RRUnack=0
01-16 16:09:35.396: D/bt_btif(868): [media task tx timer] ts 380491505, diff : 00019958, queue sz 0
01-16 16:09:35.396: D/bt_btif(868): btif_get_num_aa_frame_iteration pcm_bytes_per_frame 512
01-16 16:09:35.396: D/bt_btif(868): btif_get_num_aa_frame_iteration frames for available PCM data 7
01-16 16:09:35.405: I/btsnoop_sprd(868): 22:09:35:405332 EVE
01-16 16:09:35.405: I/btsnoop_sprd(868): diff: 397
01-16 16:09:35.406: D/bt_l2cap(868): RR scan pri=1, lcid=0x0046, q_cout=0
01-16 16:09:35.406: D/bt_l2cap(868): RR scan pri=2, lcid=0x0041, q_cout=0
01-16 16:09:35.406: D/bt_l2cap(868): RR scan pri=0, lcid=0x0043, q_cout=0
01-16 16:09:35.406: D/bt_l2cap(868): RR scan pri=0, lcid=0x0044, q_cout=0
01-16 16:09:35.417: I/bt_btif(868): BTA got event 0x1231
01-16 16:09:35.418: I/bt_l2cap(868): L2CA_FlushChannel (QUERY)  CID: 0x0046
01-16 16:09:35.418: D/bt_l2cap(868): L2CA_FlushChannel()  flushed: 0 + 0,  num_left: 0
01-16 16:09:35.456: D/bt_btif(868): [media task tx timer] ts 380551472, diff : 00019897, queue sz 0
01-16 16:09:35.476: D/bt_btif(868): [media task tx timer] ts 380571492, diff : 00020020, queue sz 0
01-16 16:09:35.476: D/bt_btif(868): btif_get_num_aa_frame_iteration pcm_bytes_per_frame 512
01-16 16:09:35.476: D/bt_btif(868): btif_get_num_aa_frame_iteration frames for available PCM data 7
01-16 16:09:35.477: D/bt_btif(868): btif_get_num_aa_frame_iteration reducing frames for available PCM data
01-16 16:09:35.477: D/bt_btif(868): btif_get_num_aa_frame_iteration effective num of frames 7, iterations 1
01-16 16:09:35.477: I/bt_btif(868): BTA got event 0x1231
01-16 16:09:35.478: I/bt_l2cap(868): L2CA_FlushChannel (QUERY)  CID: 0x0046
01-16 16:09:35.478: D/bt_l2cap(868): L2CA_FlushChannel()  flushed: 0 + 0,  num_left: 0
01-16 16:09:35.479: D/bt_btif(868): bta_av_co_audio_src_data_path
01-16 16:09:35.479: I/bt_l2cap(868): L2CA_DataWrite()  CID: 0x0046  Len: 846
01-16 16:09:35.479: I/bt_l2cap(868): L2CAP - st: OPEN evt: 30
01-16 16:09:35.491: V/Avrcp(868): MESSAGE_REGISTER_NOTIFICATION:event=1 param=0
01-16 16:09:35.491: I/BluetoothAvrcpServiceJni(868): registerNotificationRspPlayStatusNative: sBluetoothAvrcpInterface: 0x97c719ac
01-16 16:09:35.491: D/bt_btif(868): ## register_notification_rsp ##
01-16 16:09:35.492: I/bt_btif(868): ## register_notification_rsp ## event_id:AVRC_EVT_PLAY_STATUS_CHANGE
01-16 16:09:35.492: D/bt_btif(868): btif_av_clear_remote_suspend_flag: flag :0
01-16 16:09:35.492: I/bt_btif(868): +send_metamsg_rsp: rc_handle: 0, label: 1, code: 0x03, pdu: AVRC_PDU_REGISTER_NOTIFICATION
01-16 16:09:35.492: I/bt_avp(868): avrc_bld_init_rsp_buffer: pdu=31, opcode=0/0
01-16 16:09:35.492: I/bt_avp(868): AVRC_BldResponse pdu=31 status=4
01-16 16:09:35.492: I/bt_avp(868): avrc_bld_notify_rsp event_id 1
01-16 16:09:35.492: I/bt_avp(868): AVRC_BldResponse returning 4
01-16 16:09:35.493: I/bt_btif(868): BTA got event 0x1204
01-16 16:09:35.493: I/bt_btif(868): AV event=0x1204(API_META_RSP_EVT) state=1(OPEN)
01-16 16:09:35.493: I/bt_btif(868): next state=1
01-16 16:09:35.493: D/bt_avp(868): AVRC_MsgReq handle = 0 label = 1 ctype = 15 len = 6
01-16 16:09:35.494: I/bt_l2cap(868): L2CA_DataWrite()  CID: 0x0044  Len: 15
01-16 16:09:35.494: I/bt_l2cap(868): L2CAP - st: OPEN evt: 30
01-16 16:09:35.494: D/bt_l2cap(868): RR scan pri=0, lcid=0x0043, q_cout=0
01-16 16:09:35.494: D/bt_l2cap(868): RR scan pri=0, lcid=0x0044, q_cout=1
01-16 16:09:35.494: D/bt_l2cap(868): RR service pri=0, quota=14, lcid=0x0044
01-16 16:09:35.495: D/bt_l2cap(868): TotalWin=7,Hndl=0x32,Quota=8,Unack=1,RRQuota=0,RRUnack=0
01-16 16:09:35.495: I/btsnoop_sprd(868): 22:09:35:495115 ACL
01-16 16:09:35.495: D/bt_l2cap(868): RR scan pri=0, lcid=0x0043, q_cout=0
01-16 16:09:35.529: I/btsnoop_sprd(868): 22:09:35:529081 EVE
01-16 16:09:35.529: I/btsnoop_sprd(868): diff: 427
01-16 16:09:35.529: D/bt_l2cap(868): RR scan pri=1, lcid=0x0046, q_cout=0
01-16 16:09:35.530: D/bt_l2cap(868): RR scan pri=2, lcid=0x0041, q_cout=0
01-16 16:09:35.530: D/bt_l2cap(868): RR scan pri=0, lcid=0x0043, q_cout=0
01-16 16:09:35.530: D/bt_l2cap(868): RR scan pri=0, lcid=0x0044, q_cout=0
01-16 16:09:35.530: D/bt_l2cap(868): TotalWin=8,LinkUnack(0x32)=0,RRCheck=0,RRUnack=0
01-16 16:09:35.536: D/bt_btif(868): [media task tx timer] ts 380631520, diff : 00019989, queue sz 0
01-16 16:09:35.536: D/bt_btif(868): btif_get_num_aa_frame_iteration pcm_bytes_per_frame 512
01-16 16:09:35.554: I/NuPlayerRenderer(251): copy size bigger than copyMax
01-16 16:09:35.565: I/btsnoop_sprd(868): 22:09:35:565336 EVE
01-16 16:09:35.578: D/bt_l2cap(868): RR scan pri=1, lcid=0x0046, q_cout=1
01-16 16:09:35.579: D/bt_l2cap(868): RR service pri=1, quota=9, lcid=0x0046
01-16 16:09:35.579: D/bt_l2cap(868): TotalWin=7,Hndl=0x32,Quota=8,Unack=1,RRQuota=0,RRUnack=0
01-16 16:09:35.579: I/btsnoop_sprd(868): 22:09:35:579374 ACL
01-16 16:09:35.579: D/bt_l2cap(868): RR scan pri=1, lcid=0x0046, q_cout=0
01-16 16:09:35.579: I/btsnoop_sprd(868): diff: 244
01-16 16:09:35.579: D/bt_l2cap(868): RR scan pri=2, lcid=0x0041, q_cout=0
01-16 16:09:35.579: D/bt_l2cap(868): RR scan pri=0, lcid=0x0043, q_cout=0
01-16 16:09:35.579: D/bt_hci_h4(868): 22:09:35:579832 ret=855
01-16 16:09:35.580: D/bt_l2cap(868): RR scan pri=0, lcid=0x0044, q_cout=0
01-16 16:09:35.580: I/bt_btif(868): BTA got event 0x1222
01-16 16:09:35.585: I/btsnoop_sprd(868): 22:09:35:585355 EVE
01-16 16:09:35.585: I/btsnoop_sprd(868): diff: 397
01-16 16:09:35.586: D/bt_l2cap(868): RR scan pri=1, lcid=0x0046, q_cout=0
01-16 16:09:35.586: D/bt_l2cap(868): RR scan pri=2, lcid=0x0041, q_cout=0
01-16 16:09:35.586: D/bt_l2cap(868): RR scan pri=0, lcid=0x0043, q_cout=0
01-16 16:09:35.586: D/bt_l2cap(868): RR scan pri=0, lcid=0x0044, q_cout=0
01-16 16:09:35.586: D/bt_l2cap(868): TotalWin=8,LinkUnack(0x32)=0,RRCheck=0,RRUnack=0
01-16 16:09:35.596: D/bt_btif(868): [media task tx timer] ts 380691518, diff : 00020020, queue sz 0
01-16 16:09:35.596: D/bt_btif(868): btif_get_num_aa_frame_iteration pcm_bytes_per_frame 512
01-16 16:09:35.605: I/btsnoop_sprd(868): 22:09:35:605467 EVE
01-16 16:09:35.605: I/btsnoop_sprd(868): diff: 366
01-16 16:09:35.606: D/bt_l2cap(868): RR scan pri=1, lcid=0x0046, q_cout=0
01-16 16:09:35.606: D/bt_l2cap(868): RR scan pri=2, lcid=0x0041, q_cout=0
01-16 16:09:35.606: D/bt_l2cap(868): RR scan pri=0, lcid=0x0043, q_cout=0
01-16 16:09:35.606: D/bt_l2cap(868): RR scan pri=0, lcid=0x0044, q_cout=0
01-16 16:09:35.607: D/bt_l2cap(868): TotalWin=8,LinkUnack(0x32)=0,RRCheck=0,RRUnack=0
01-16 16:09:35.616: D/bt_btif(868): [media task tx timer] ts 380711812, diff : 00020294, queue sz 0
01-16 16:09:35.616: D/bt_btif(868): btif_get_num_aa_frame_iteration pcm_bytes_per_frame 512
01-16 16:09:35.617: D/bt_btif(868): btif_get_num_aa_frame_iteration frames for available PCM data 7
01-16 16:09:35.626: I/btsnoop_sprd(868): 22:09:35:626585 EVE
01-16 16:09:35.636: D/bt_btif(868): [media task tx timer] ts 380731465, diff : 00019653, queue sz 0
01-16 16:09:35.636: D/bt_btif(868): btif_get_num_aa_frame_iteration pcm_bytes_per_frame 512
01-16 16:09:35.676: D/bt_btif(868): [media task tx timer] ts 380771474, diff : 00019928, queue sz 0
01-16 16:09:35.676: D/bt_btif(868): btif_get_num_aa_frame_iteration pcm_bytes_per_frame 512
01-16 16:09:35.719: I/btsnoop_sprd(868): 22:09:35:719450 ACL
01-16 16:09:35.719: D/bt_l2cap(868): TotalWin=7,Hndl=0x32,Quota=8,Unack=1,RRQuota=0,RRUnack=0
01-16 16:09:35.719: D/bt_l2cap(868): RR scan pri=1, lcid=0x0046, q_cout=0
01-16 16:09:35.719: I/btsnoop_sprd(868): diff: 274
01-16 16:09:35.719: D/bt_l2cap(868): RR scan pri=2, lcid=0x0041, q_cout=0
01-16 16:09:35.719: D/bt_hci_h4(868): 22:09:35:719938 ret=855
01-16 16:09:35.720: D/bt_l2cap(868): RR scan pri=0, lcid=0x0043, q_cout=0
01-16 16:09:35.720: D/bt_l2cap(868): RR scan pri=0, lcid=0x0044, q_cout=0
01-16 16:09:35.720: I/bt_btif(868): BTA got event 0x1222
01-16 16:09:35.720: I/bt_l2cap(868): L2CA_FlushChannel (QUERY)  CID: 0x0046
01-16 16:09:35.720: D/bt_l2cap(868): L2CA_FlushChannel()  flushed: 0 + 0,  num_left: 0
01-16 16:09:35.721: D/bt_btif(868): bta_av_co_audio_src_data_path
01-16 16:09:35.725: I/btsnoop_sprd(868): 22:09:35:725370 EVE
01-16 16:09:35.725: I/btsnoop_sprd(868): diff: 305
01-16 16:09:35.726: D/bt_l2cap(868): RR scan pri=1, lcid=0x0046, q_cout=0
01-16 16:09:35.726: D/bt_l2cap(868): RR scan pri=2, lcid=0x0041, q_cout=0
01-16 16:09:35.726: D/bt_l2cap(868): RR scan pri=0, lcid=0x0043, q_cout=0
01-16 16:09:35.726: D/bt_l2cap(868): RR scan pri=0, lcid=0x0044, q_cout=0
01-16 16:09:35.730: I/NuPlayerRenderer(251): copy size bigger than copyMax
01-16 16:09:35.730: I/NuPlayerRenderer(251): copy size bigger than copyMax
01-16 16:09:35.740: D/bt_l2cap(868): RR scan pri=0, lcid=0x0044, q_cout=0
01-16 16:09:35.740: I/bt_btif(868): BTA got event 0x1222
01-16 16:09:35.740: I/bt_l2cap(868): L2CA_FlushChannel (QUERY)  CID: 0x0046
01-16 16:09:35.740: D/bt_l2cap(868): L2CA_FlushChannel()  flushed: 0 + 0,  num_left: 0
01-16 16:09:35.740: D/bt_btif(868): bta_av_co_audio_src_data_path
01-16 16:09:35.745: I/btsnoop_sprd(868): 22:09:35:745359 EVE
01-16 16:09:35.745: I/btsnoop_sprd(868): diff: 366
01-16 16:09:35.746: D/bt_l2cap(868): RR scan pri=1, lcid=0x0046, q_cout=0
01-16 16:09:35.746: D/bt_l2cap(868): RR scan pri=2, lcid=0x0041, q_cout=0
01-16 16:09:35.746: D/bt_l2cap(868): RR scan pri=0, lcid=0x0043, q_cout=0
01-16 16:09:35.746: D/bt_l2cap(868): RR scan pri=0, lcid=0x0044, q_cout=0
01-16 16:09:35.746: D/bt_l2cap(868): TotalWin=8,LinkUnack(0x32)=0,RRCheck=0,RRUnack=0
01-16 16:09:35.756: D/bt_btif(868): [media task tx timer] ts 380851521, diff : 00020019, queue sz 0
01-16 16:09:35.756: D/bt_btif(868): btif_get_num_aa_frame_iteration pcm_bytes_per_frame 512
01-16 16:09:35.756: D/bt_btif(868): btif_get_num_aa_frame_iteration frames for available PCM data 7
01-16 16:09:35.756: D/bt_btif(868): btif_get_num_aa_frame_iteration reducing frames for available PCM data
01-16 16:09:35.757: D/bt_btif(868): btif_get_num_aa_frame_iteration effective num of frames 7, iterations 1
01-16 16:09:35.757: I/bt_btif(868): BTA got event 0x1231
01-16 16:09:35.758: I/bt_l2cap(868): L2CA_FlushChannel (QUERY)  CID: 0x0046
01-16 16:09:35.758: D/bt_l2cap(868): L2CA_FlushChannel()  flushed: 0 + 0,  num_left: 0
01-16 16:09:35.758: D/bt_btif(868): bta_av_co_audio_src_data_path
01-16 16:09:35.759: I/bt_l2cap(868): L2CA_DataWrite()  CID: 0x0046  Len: 846
01-16 16:09:35.759: I/bt_l2cap(868): L2CAP - st: OPEN evt: 30
01-16 16:09:35.759: D/bt_l2cap(868): RR scan pri=1, lcid=0x0046, q_cout=1
01-16 16:09:35.759: D/bt_l2cap(868): RR service pri=1, quota=9, lcid=0x0046
01-16 16:09:35.765: I/btsnoop_sprd(868): 22:09:35:765318 EVE
01-16 16:09:35.765: I/btsnoop_sprd(868): diff: 396
01-16 16:09:35.766: D/bt_l2cap(868): RR scan pri=1, lcid=0x0046, q_cout=0
01-16 16:09:35.766: D/bt_l2cap(868): RR scan pri=2, lcid=0x0041, q_cout=0
01-16 16:09:35.766: D/bt_l2cap(868): RR scan pri=0, lcid=0x0043, q_cout=0
01-16 16:09:35.766: D/bt_l2cap(868): RR scan pri=0, lcid=0x0044, q_cout=0
01-16 16:09:35.766: D/bt_l2cap(868): TotalWin=8,LinkUnack(0x32)=0,RRCheck=0,RRUnack=0
01-16 16:09:35.776: D/bt_btif(868): [media task tx timer] ts 380871541, diff : 00020020, queue sz 0
01-16 16:09:35.776: D/bt_btif(868): btif_get_num_aa_frame_iteration pcm_bytes_per_frame 512
01-16 16:09:35.776: D/bt_btif(868): btif_get_num_aa_frame_iteration frames for available PCM data 7
01-16 16:09:35.785: I/btsnoop_sprd(868): 22:09:35:785368 EVE
01-16 16:09:35.785: I/btsnoop_sprd(868): diff: 396
01-16 16:09:35.811: D/bt_l2cap(868): RR scan pri=0, lcid=0x0043, q_cout=0
01-16 16:09:35.811: D/bt_l2cap(868): RR scan pri=0, lcid=0x0044, q_cout=0
01-16 16:09:35.812: D/bt_l2cap(868): TotalWin=8,LinkUnack(0x32)=0,RRCheck=0,RRUnack=0
01-16 16:09:35.816: D/bt_btif(868): [media task tx timer] ts 380911549, diff : 00020080, queue sz 0
