01-16 16:09:30.329: D/bt_l2cap(868): RR scan pri=2, lcid=0x0041, q_cout=0
01-16 16:09:30.330: D/bt_l2cap(868): RR scan pri=0, lcid=0x0043, q_cout=0
01-16 16:09:30.330: D/bt_l2cap(868): RR scan pri=0, lcid=0x0044, q_cout=0
01-16 16:09:30.330: D/bt_l2cap(868): TotalWin=8,LinkUnack(0x32)=0,RRCheck=0,RRUnack=0
01-16 16:09:30.336: D/bt_btif(868): [media task tx timer] ts 375431782, diff : 00020294, queue sz 0
01-16 16:09:30.376: D/bt_btif(868): [media task tx timer] ts 375471608, diff : 00020111, queue sz 0
01-16 16:09:30.376: D/bt_btif(868): btif_get_num_aa_frame_iteration pcm_bytes_per_frame 512
01-16 16:09:30.376: D/bt_btif(868): btif_get_num_aa_frame_iteration frames for available PCM data 7
01-16 16:09:30.377: D/bt_btif(868): btif_get_num_aa_frame_iteration reducing frames for available PCM data
01-16 16:09:30.377: D/bt_btif(868): btif_get_num_aa_frame_iteration effective num of frames 7, iterations 1
01-16 16:09:30.378: I/bt_btif(868): BTA got event 0x1231
01-16 16:09:30.396: D/bt_btif(868): [media task tx timer] ts 375491505, diff : 00019897, queue sz 0
01-16 16:09:30.396: D/bt_btif(868): btif_get_num_aa_frame_iteration pcm_bytes_per_frame 512
01-16 16:09:30.396: D/bt_btif(868): btif_get_num_aa_frame_iteration frames for available PCM data 7
01-16 16:09:30.397: D/bt_btif(868): btif_get_num_aa_frame_iteration reducing frames for available PCM data
01-16 16:09:30.397: D/bt_btif(868): btif_get_num_aa_frame_iteration effective num of frames 7, iterations 1
01-16 16:09:30.415: I/NuPlayerRenderer(251): copy size bigger than copyMax
01-16 16:09:30.465: I/btsnoop_sprd(868): 22:09:30:465421 EVE
01-16 16:09:30.465: I/btsnoop_sprd(868): diff: 397
01-16 16:09:30.466: D/bt_l2cap(868): RR scan pri=1, lcid=0x0046, q_cout=0
01-16 16:09:30.466: I/btsnoop_sprd(868): 22:09:30:466215 ACL
01-16 16:09:30.466: D/bt_l2cap(868): RR scan pri=2, lcid=0x0041, q_cout=0
01-16 16:09:30.466: I/btsnoop_sprd(868): diff: 244
01-16 16:09:30.466: D/bt_l2cap(868): RR scan pri=0, lcid=0x0043, q_cout=0
01-16 16:09:30.466: D/bt_l2cap(868): RR scan pri=0, lcid=0x0044, q_cout=0
01-16 16:09:30.466: D/bt_l2cap(868): TotalWin=8,LinkUnack(0x32)=0,RRCheck=0,RRUnack=0
01-16 16:09:30.467: I/bt_l2cap(868): L2CAP - st: OPEN evt: 20
01-16 16:09:30.467: D/bt_avp(868): avrc_msg_cback handle:0, ctype:3, offset:11, len: 15
01-16 16:09:30.467: D/bt_avp(868): pkt_type 0
01-16 16:09:30.467: D/bt_btif(868): bta_av_rc_msg_cback handle: 0 opcode=0x0
01-16 16:09:30.467: I/bt_btif(868): BTA got event 0x1207
01-16 16:09:30.481: D/bt_l2cap(868): RR service pri=1, quota=9, lcid=0x0046
01-16 16:09:30.481: D/bt_l2cap(868): TotalWin=7,Hndl=0x32,Quota=8,Unack=1,RRQuota=0,RRUnack=0
01-16 16:09:30.496: D/bt_btif(868): [media task tx timer] ts 375591572, diff : 00020050, queue sz 0
01-16 16:09:30.496: D/bt_btif(868): btif_get_num_aa_frame_iteration pcm_bytes_per_frame 512
01-16 16:09:30.497: D/bt_btif(868): btif_get_num_aa_frame_iteration frames for available PCM data 7
01-16 16:09:30.497: D/bt_btif(868): btif_get_num_aa_frame_iteration reducing frames for available PCM data
01-16 16:09:30.497: D/bt_btif(868): btif_get_num_aa_frame_iteration effective num of frames 7, iterations 1
01-16 16:09:30.499: I/bt_btif(868): BTA got event 0x1231
01-16 16:09:30.516: D/bt_btif(868): [media task tx timer] ts 375611562, diff : 00019990, queue sz 0
01-16 16:09:30.516: D/bt_btif(868): btif_get_num_aa_frame_iteration pcm_bytes_per_frame 512
01-16 16:09:30.516: D/bt_btif(868): btif_get_num_aa_frame_iteration frames for available PCM data 7
01-16 16:09:30.517: D/bt_btif(868): btif_get_num_aa_frame_iteration reducing frames for available PCM data
01-16 16:09:30.517: D/bt_btif(868): btif_get_num_aa_frame_iteration effective num of frames 7, iterations 1
01-16 16:09:30.520: I/bt_btif(868): BTA got event 0x1231
01-16 16:09:30.520: I/bt_l2cap(868): L2CA_FlushChannel (QUERY)  CID: 0x0046
01-16 16:09:30.520: D/bt_l2cap(868): L2CA_FlushChannel()  flushed: 0 + 0,  num_left: 0
01-16 16:09:30.520: D/bt_btif(868): bta_av_co_audio_src_data_path
01-16 16:09:30.520: I/bt_l2cap(868): L2CA_DataWrite()  CID: 0x0046  Len: 846
01-16 16:09:30.521: I/bt_l2cap(868): L2CAP - st: OPEN evt: 30
01-16 16:09:30.521: D/bt_l2cap(868): RR scan pri=1, lcid=0x0046, q_cout=1
01-16 16:09:30.521: D/bt_l2cap(868): RR service pri=1, quota=9, lcid=0x0046
01-16 16:09:30.521: D/bt_l2cap(868): TotalWin=7,Hndl=0x32,Quota=8,Unack=1,RRQuota=0,RRUnack=0
01-16 16:09:30.521: I/btsnoop_sprd(868): 22:09:30:521848 ACL
01-16 16:09:30.522: D/bt_l2cap(868): RR scan pri=1, lcid=0x0046, q_cout=0
01-16 16:09:30.522: I/btsnoop_sprd(868): diff: 245
01-16 16:09:30.522: D/bt_l2cap(868): RR scan pri=2, lcid=0x0041, q_cout=0
01-16 16:09:30.522: D/bt_hci_h4(868): 22:09:30:522306 ret=855
01-16 16:09:30.522: D/bt_l2cap(868): RR scan pri=0, lcid=0x0043, q_cout=0
01-16 16:09:30.522: D/bt_l2cap(868): RR scan pri=0, lcid=0x0044, q_cout=0
01-16 16:09:30.522: I/bt_btif(868): BTA got event 0x1222
01-16 16:09:30.522: I/bt_l2cap(868): L2CA_FlushChannel (QUERY)  CID: 0x0046
01-16 16:09:30.523: D/bt_l2cap(868): L2CA_FlushChannel()  flushed: 0 + 0,  num_left: 0
01-16 16:09:30.523: D/bt_btif(868): bta_av_co_audio_src_data_path
01-16 16:09:30.527: I/btsnoop_sprd(868): 22:09:30:527830 EVE
01-16 16:09:30.528: I/btsnoop_sprd(868): diff: 488
01-16 16:09:30.528: D/bt_l2cap(868): RR scan pri=1, lcid=0x0046, q_cout=0
01-16 16:09:30.528: D/bt_l2cap(868): RR scan pri=2, lcid=0x0041, q_cout=0
01-16 16:09:30.529: D/bt_l2cap(868): RR scan pri=0, lcid=0x0043, q_cout=0
01-16 16:09:30.529: D/bt_l2cap(868): RR scan pri=0, lcid=0x0044, q_cout=0
01-16 16:09:30.529: D/bt_l2cap(868): TotalWin=8,LinkUnack(0x32)=0,RRCheck=0,RRUnack=0
01-16 16:09:30.536: D/bt_btif(868): [media task tx timer] ts 375631673, diff : 00020111, queue sz 0
01-16 16:09:30.536: D/bt_btif(868): btif_get_num_aa_frame_iteration pcm_bytes_per_frame 512
01-16 16:09:30.536: D/bt_btif(868): btif_get_num_aa_frame_iteration frames for available PCM data 7
01-16 16:09:30.537: D/bt_btif(868): btif_get_num_aa_frame_iteration reducing frames for available PCM data
01-16 16:09:30.537: D/bt_btif(868): btif_get_num_aa_frame_iteration effective num of frames 7, iterations 1
01-16 16:09:30.538: I/bt_btif(868): BTA got event 0x1231
01-16 16:09:30.538: I/bt_l2cap(868): L2CA_FlushChannel (QUERY)  CID: 0x0046
01-16 16:09:30.566: D/bt_l2cap(868): TotalWin=8,LinkUnack(0x32)=0,RRCheck=0,RRUnack=0
01-16 16:09:30.576: D/bt_btif(868): [media task tx timer] ts 375671529, diff : 00020020, queue sz 0
01-16 16:09:30.576: D/bt_btif(868): btif_get_num_aa_frame_iteration pcm_bytes_per_frame 512
01-16 16:09:30.576: D/bt_btif(868): btif_get_num_aa_frame_iteration frames for available PCM data 7
01-16 16:09:30.577: D/bt_btif(868): btif_get_num_aa_frame_iteration reducing frames for available PCM data
01-16 16:09:30.585: I/btsnoop_sprd(868): 22:09:30:585325 EVE
01-16 16:09:30.610: I/NuPlayerRenderer(251): copy size bigger than copyMax
01-16 16:09:30.616: D/bt_btif(868): [media task tx timer] ts 375711934, diff : 00020416, queue sz 0
01-16 16:09:30.617: D/bt_btif(868): btif_get_num_aa_frame_iteration pcm_bytes_per_frame 512
01-16 16:09:30.617: D/bt_btif(868): btif_get_num_aa_frame_iteration frames for available PCM data 7
01-16 16:09:30.617: D/bt_btif(868): btif_get_num_aa_frame_iteration reducing frames for available PCM data
01-16 16:09:30.617: D/bt_btif(868): btif_get_num_aa_frame_iteration effective num of frames 7, iterations 1
01-16 16:09:30.618: I/bt_btif(868): BTA got event 0x1231
01-16 16:09:30.618: I/bt_l2cap(868): L2CA_FlushChannel (QUERY)  CID: 0x0046
01-16 16:09:30.618: D/bt_l2cap(868): L2CA_FlushChannel()  flushed: 0 + 0,  num_left: 0
01-16 16:09:30.619: D/bt_btif(868): bta_av_co_audio_src_data_path
01-16 16:09:30.619: I/bt_l2cap(868): L2CA_DataWrite()  CID: 0x0046  Len: 846
01-16 16:09:30.619: I/bt_l2cap(868): L2CAP - st: OPEN evt: 30
01-16 16:09:30.619: D/bt_l2cap(868): RR scan pri=1, lcid=0x0046, q_cout=1
01-16 16:09:30.620: D/bt_l2cap(868): RR service pri=1, quota=9, lcid=0x0046
01-16 16:09:30.620: I/btsnoop_sprd(868): 22:09:30:620359 ACL
01-16 16:09:30.620: I/btsnoop_sprd(868): diff: 305
01-16 16:09:30.621: D/bt_hci_h4(868): 22:09:30:620939 ret=855
01-16 16:09:30.621: D/bt_l2cap(868): TotalWin=7,Hndl=0x32,Quota=8,Unack=1,RRQuota=0,RRUnack=0
01-16 16:09:30.626: I/btsnoop_sprd(868): 22:09:30:626554 EVE
01-16 16:09:30.626: I/btsnoop_sprd(868): diff: 366
01-16 16:09:30.627: D/bt_l2cap(868): RR scan pri=1, lcid=0x0046, q_cout=0
01-16 16:09:30.645: I/btsnoop_sprd(868): 22:09:30:645322 EVE
01-16 16:09:30.645: I/btsnoop_sprd(868): diff: 397
01-16 16:09:30.656: D/bt_btif(868): [media task tx timer] ts 375751942, diff : 00020416, queue sz 0
01-16 16:09:30.657: D/bt_btif(868): btif_get_num_aa_frame_iteration pcm_bytes_per_frame 512
01-16 16:09:30.657: D/bt_btif(868): btif_get_num_aa_frame_iteration frames for available PCM data 7
01-16 16:09:30.657: D/bt_btif(868): btif_get_num_aa_frame_iteration reducing frames for available PCM data
01-16 16:09:30.657: D/bt_btif(868): btif_get_num_aa_frame_iteration effective num of frames 7, iterations 1
01-16 16:09:30.658: I/bt_btif(868): BTA got event 0x1231
01-16 16:09:30.658: I/bt_l2cap(868): L2CA_FlushChannel (QUERY)  CID: 0x0046
01-16 16:09:30.658: D/bt_l2cap(868): L2CA_FlushChannel()  flushed: 0 + 0,  num_left: 0
01-16 16:09:30.658: D/bt_btif(868): bta_av_co_audio_src_data_path
01-16 16:09:30.659: I/bt_l2cap(868): L2CA_DataWrite()  CID: 0x0046  Len: 846
01-16 16:09:30.659: I/bt_l2cap(868): L2CAP - st: OPEN evt: 30
01-16 16:09:30.659: D/bt_l2cap(868): RR scan pri=1, lcid=0x0046, q_cout=1
01-16 16:09:30.659: D/bt_l2cap(868): RR service pri=1, quota=9, lcid=0x0046
01-16 16:09:30.725: I/btsnoop_sprd(868): 22:09:30:725309 EVE
01-16 16:09:30.725: I/btsnoop_sprd(868): diff: 397
01-16 16:09:30.726: D/bt_l2cap(868): RR scan pri=1, lcid=0x0046, q_cout=0
01-16 16:09:30.726: D/bt_l2cap(868): RR scan pri=2, lcid=0x0041, q_cout=0
01-16 16:09:30.726: D/bt_l2cap(868): RR scan pri=0, lcid=0x0043, q_cout=0
01-16 16:09:30.726: D/bt_l2cap(868): RR scan pri=0, lcid=0x0044, q_cout=0
01-16 16:09:30.726: D/bt_l2cap(868): TotalWin=8,LinkUnack(0x32)=0,RRCheck=0,RRUnack=0
01-16 16:09:30.736: D/bt_btif(868): [media task tx timer] ts 375831532, diff : 00019989, queue sz 0
01-16 16:09:30.736: D/bt_btif(868): btif_get_num_aa_frame_iteration pcm_bytes_per_frame 512
01-16 16:09:30.736: D/bt_btif(868): btif_get_num_aa_frame_iteration frames for available PCM data 7
01-16 16:09:30.737: D/bt_btif(868): btif_get_num_aa_frame_iteration reducing frames for available PCM data
01-16 16:09:30.737: D/bt_btif(868): btif_get_num_aa_frame_iteration effective num of frames 7, iterations 1
01-16 16:09:30.737: I/bt_btif(868): BTA got event 0x1231
01-16 16:09:30.738: I/bt_l2cap(868): L2CA_FlushChannel (QUERY)  CID: 0x0046
01-16 16:09:30.738: D/bt_l2cap(868): L2CA_FlushChannel()  flushed: 0 + 0,  num_left: 0
01-16 16:09:30.738: D/bt_btif(868): bta_av_co_audio_src_data_path
01-16 16:09:30.738: I/bt_l2cap(868): L2CA_DataWrite()  CID: 0x0046  Len: 846
01-16 16:09:30.738: I/bt_l2cap(868): L2CAP - st: OPEN evt: 30
01-16 16:09:30.739: D/bt_l2cap(868): RR scan pri=1, lcid=0x0046, q_cout=1
01-16 16:09:30.739: D/bt_l2cap(868): RR service pri=1, quota=9, lcid=0x0046
01-16 16:09:30.739: D/bt_l2cap(868): TotalWin=7,Hndl=0x32,Quota=8,Unack=1,RRQuota=0,RRUnack=0
01-16 16:09:30.739: I/btsnoop_sprd(868): 22:09:30:739500 ACL
01-16 16:09:30.739: D/bt_l2cap(868): RR scan pri=1, lcid=0x0046, q_cout=0
01-16 16:09:30.739: I/btsnoop_sprd(868): diff: 244
01-16 16:09:30.739: D/bt_l2cap(868): RR scan pri=2, lcid=0x0041, q_cout=0
01-16 16:09:30.739: D/bt_hci_h4(868): 22:09:30:739958 ret=855
01-16 16:09:30.739: D/bt_l2cap(868): RR scan pri=0, lcid=0x0043, q_cout=0
01-16 16:09:30.740: D/bt_l2cap(868): RR scan pri=0, lcid=0x0044, q_cout=0
01-16 16:09:30.740: I/bt_btif(868): BTA got event 0x1222
01-16 16:09:30.740: I/bt_l2cap(868): L2CA_FlushChannel (QUERY)  CID: 0x0046
01-16 16:09:30.740: D/bt_l2cap(868): L2CA_FlushChannel()  flushed: 0 + 0,  num_left: 0
01-16 16:09:30.740: D/bt_btif(868): bta_av_co_audio_src_data_path
01-16 16:09:30.745: I/btsnoop_sprd(868): 22:09:30:745298 EVE
01-16 16:09:30.795: I/NuPlayerRenderer(251): copy size bigger than copyMax
01-16 16:09:30.795: I/NuPlayerRenderer(251): copy size bigger than copyMax
01-16 16:09:30.796: D/bt_btif(868): [media task tx timer] ts 375891499, diff : 00019928, queue sz 0
01-16 16:09:30.836: D/bt_btif(868): [media task tx timer] ts 375931508, diff : 00020020, queue sz 0
01-16 16:09:30.856: D/bt_btif(868): [media task tx timer] ts 375951497, diff : 00019989, queue sz 0
01-16 16:09:30.856: D/bt_btif(868): btif_get_num_aa_frame_iteration pcm_bytes_per_frame 512
01-16 16:09:30.856: D/bt_btif(868): btif_get_num_aa_frame_iteration frames for available PCM data 7
01-16 16:09:30.857: D/bt_btif(868): btif_get_num_aa_frame_iteration reducing frames for available PCM data
01-16 16:09:30.857: D/bt_btif(868): btif_get_num_aa_frame_iteration effective num of frames 7, iterations 1
01-16 16:09:30.858: I/bt_btif(868): BTA got event 0x1231
01-16 16:09:30.858: I/bt_l2cap(868): L2CA_FlushChannel (QUERY)  CID: 0x0046
01-16 16:09:30.858: D/bt_l2cap(868): L2CA_FlushChannel()  flushed: 0 + 0,  num_left: 0
01-16 16:09:30.858: D/bt_btif(868): bta_av_co_audio_src_data_path
01-16 16:09:30.858: I/bt_l2cap(868): L2CA_DataWrite()  CID: 0x0046  Len: 846
01-16 16:09:30.859: I/bt_l2cap(868): L2CAP - st: OPEN evt: 30
01-16 16:09:30.859: D/bt_l2cap(868): RR scan pri=1, lcid=0x0046, q_cout=1
01-16 16:09:30.859: D/bt_l2cap(868): RR service pri=1, quota=9, lcid=0x0046
01-16 16:09:30.859: D/bt_l2cap(868): TotalWin=7,Hndl=0x32,Quota=8,Unack=1,RRQuota=0,RRUnack=0
01-16 16:09:30.859: I/btsnoop_sprd(868): 22:09:30:859831 ACL
01-16 16:09:30.860: D/bt_l2cap(868): RR scan pri=1, lcid=0x0046, q_cout=0
01-16 16:09:30.860: I/btsnoop_sprd(868): diff: 244
01-16 16:09:30.860: D/bt_l2cap(868): RR scan pri=2, lcid=0x0041, q_cout=0
01-16 16:09:30.860: D/bt_hci_h4(868): 22:09:30:860288 ret=855
01-16 16:09:30.860: D/bt_l2cap(868): RR scan pri=0, lcid=0x0043, q_cout=0
01-16 16:09:30.860: D/bt_l2cap(868): RR scan pri=0, lcid=0x0044, q_cout=0
01-16 16:09:30.860: I/bt_btif(868): BTA got event 0x1222
01-16 16:09:30.860: I/bt_l2cap(868): L2CA_FlushChannel (QUERY)  CID: 0x0046
01-16 16:09:30.861: D/bt_l2cap(868): L2CA_FlushChannel()  flushed: 0 + 0,  num_left: 0
01-16 16:09:30.861: D/bt_btif(868): bta_av_co_audio_src_data_path
01-16 16:09:30.865: I/btsnoop_sprd(868): 22:09:30:865293 EVE
01-16 16:09:30.865: I/btsnoop_sprd(868): diff: 336
01-16 16:09:30.865: D/bt_l2cap(868): RR scan pri=1, lcid=0x0046, q_cout=0
01-16 16:09:30.866: D/bt_l2cap(868): RR scan pri=2, lcid=0x0041, q_cout=0
01-16 16:09:30.866: D/bt_l2cap(868): RR scan pri=0, lcid=0x0043, q_cout=0
01-16 16:09:30.866: D/bt_l2cap(868): RR scan pri=0, lcid=0x0044, q_cout=0
01-16 16:09:30.866: D/bt_l2cap(868): TotalWin=8,LinkUnack(0x32)=0,RRCheck=0,RRUnack=0
01-16 16:09:30.876: D/bt_btif(868): [media task tx timer] ts 375971577, diff : 00020080, queue sz 0
01-16 16:09:30.876: D/bt_btif(868): btif_get_num_aa_frame_iteration pcm_bytes_per_frame 512
01-16 16:09:30.876: D/bt_btif(868): btif_get_num_aa_frame_iteration frames for available PCM data 7
01-16 16:09:30.877: D/bt_btif(868): btif_get_num_aa_frame_iteration reducing frames for available PCM data
01-16 16:09:30.877: D/bt_btif(868): btif_get_num_aa_frame_iteration effective num of frames 7, iterations 1
01-16 16:09:30.879: I/bt_btif(868): BTA got event 0x1231
01-16 16:09:30.879: I/bt_l2cap(868): L2CA_FlushChannel (QUERY)  CID: 0x0046
01-16 16:09:30.880: D/bt_l2cap(868): L2CA_FlushChannel()  flushed: 0 + 0,  num_left: 0
01-16 16:09:30.880: D/bt_btif(868): bta_av_co_audio_src_data_path
01-16 16:09:30.880: I/bt_l2cap(868): L2CA_DataWrite()  CID: 0x0046  Len: 846
01-16 16:09:30.880: I/bt_l2cap(868): L2CAP - st: OPEN evt: 30
01-16 16:09:30.880: D/bt_l2cap(868): RR scan pri=1, lcid=0x0046, q_cout=1
01-16 16:09:30.881: D/bt_l2cap(868): RR service pri=1, quota=9, lcid=0x0046
01-16 16:09:30.881: D/bt_l2cap(868): TotalWin=7,Hndl=0x32,Quota=8,Unack=1,RRQuota=0,RRUnack=0
01-16 16:09:30.881: I/btsnoop_sprd(868): 22:09:30:881437 ACL
01-16 16:09:30.881: D/bt_l2cap(868): RR scan pri=1, lcid=0x0046, q_cout=0
01-16 16:09:30.881: I/btsnoop_sprd(868): diff: 275
01-16 16:09:30.881: D/bt_l2cap(868): RR scan pri=2, lcid=0x0041, q_cout=0
01-16 16:09:30.881: D/bt_hci_h4(868): 22:09:30:881895 ret=855
01-16 16:09:30.881: D/bt_l2cap(868): RR scan pri=0, lcid=0x0043, q_cout=0
01-16 16:09:30.882: D/bt_l2cap(868): RR scan pri=0, lcid=0x0044, q_cout=0
01-16 16:09:30.882: I/bt_btif(868): BTA got event 0x1222
01-16 16:09:30.882: I/bt_l2cap(868): L2CA_FlushChannel (QUERY)  CID: 0x0046
01-16 16:09:30.882: D/bt_l2cap(868): L2CA_FlushChannel()  flushed: 0 + 0,  num_left: 0
01-16 16:09:30.882: D/bt_btif(868): bta_av_co_audio_src_data_path
01-16 16:09:30.887: I/btsnoop_sprd(868): 22:09:30:887846 EVE
01-16 16:09:30.888: I/btsnoop_sprd(868): diff: 488
01-16 16:09:30.888: D/bt_l2cap(868): RR scan pri=1, lcid=0x0046, q_cout=0
01-16 16:09:30.888: D/bt_l2cap(868): RR scan pri=2, lcid=0x0041, q_cout=0
01-16 16:09:30.889: D/bt_l2cap(868): RR scan pri=0, lcid=0x0043, q_cout=0
01-16 16:09:30.889: D/bt_l2cap(868): RR scan pri=0, lcid=0x0044, q_cout=0
01-16 16:09:30.889: D/bt_l2cap(868): TotalWin=8,LinkUnack(0x32)=0,RRCheck=0,RRUnack=0
01-16 16:09:30.905: I/btsnoop_sprd(868): 22:09:30:905332 EVE
01-16 16:09:30.905: I/btsnoop_sprd(868): diff: 428
01-16 16:09:30.906: D/bt_l2cap(868): RR scan pri=1, lcid=0x0046, q_cout=0
01-16 16:09:30.906: D/bt_l2cap(868): RR scan pri=2, lcid=0x0041, q_cout=0
01-16 16:09:30.906: D/bt_l2cap(868): RR scan pri=0, lcid=0x0043, q_cout=0
01-16 16:09:30.906: D/bt_l2cap(868): RR scan pri=0, lcid=0x0044, q_cout=0
01-16 16:09:30.906: D/bt_l2cap(868): TotalWin=8,LinkUnack(0x32)=0,RRCheck=0,RRUnack=0
01-16 16:09:30.916: D/bt_btif(868): [media task tx timer] ts 376011494, diff : 00019836, queue sz 0
01-16 16:09:30.916: D/bt_btif(868): btif_get_num_aa_frame_iteration pcm_bytes_per_frame 512
01-16 16:09:30.916: D/bt_btif(868): btif_get_num_aa_frame_iteration frames for available PCM data 7
01-16 16:09:30.917: D/bt_btif(868): btif_get_num_aa_frame_iteration reducing frames for available PCM data
01-16 16:09:30.917: D/bt_btif(868): btif_get_num_aa_frame_iteration effective num of frames 7, iterations 1
01-16 16:09:30.917: I/bt_btif(868): BTA got event 0x1231
01-16 16:09:30.918: I/bt_l2cap(868): L2CA_FlushChannel (QUERY)  CID: 0x0046
01-16 16:09:30.918: D/bt_l2cap(868): L2CA_FlushChannel()  flushed: 0 + 0,  num_left: 0
01-16 16:09:30.918: D/bt_btif(868): bta_av_co_audio_src_data_path
01-16 16:09:30.918: I/bt_l2cap(868): L2CA_DataWrite()  CID: 0x0046  Len: 846
01-16 16:09:30.919: I/bt_l2cap(868): L2CAP - st: OPEN evt: 30
01-16 16:09:30.919: D/bt_l2cap(868): RR scan pri=1, lcid=0x0046, q_cout=1
01-16 16:09:30.919: D/bt_l2cap(868): RR service pri=1, quota=9, lcid=0x0046
01-16 16:09:30.919: D/bt_l2cap(868): TotalWin=7,Hndl=0x32,Quota=8,Unack=1,RRQuota=0,RRUnack=0
01-16 16:09:30.919: I/btsnoop_sprd(868): 22:09:30:919676 ACL
01-16 16:09:30.919: D/bt_l2cap(868): RR scan pri=1, lcid=0x0046, q_cout=0
01-16 16:09:30.919: I/btsnoop_sprd(868): diff: 244
01-16 16:09:30.920: D/bt_l2cap(868): RR scan pri=2, lcid=0x0041, q_cout=0
01-16 16:09:30.920: D/bt_l2cap(868): RR scan pri=0, lcid=0x0043, q_cout=0
01-16 16:09:30.920: D/bt_hci_h4(868): 22:09:30:920164 ret=855
01-16 16:09:30.920: D/bt_l2cap(868): RR scan pri=0, lcid=0x0044, q_cout=0
01-16 16:09:30.925: I/btsnoop_sprd(868): 22:09:30:925291 EVE
01-16 16:09:30.925: I/btsnoop_sprd(868): diff: 396
01-16 16:09:30.926: D/bt_l2cap(868): RR scan pri=1, lcid=0x0046, q_cout=0
01-16 16:09:30.926: D/bt_l2cap(868): RR scan pri=2, lcid=0x0041, q_cout=0
01-16 16:09:30.926: D/bt_l2cap(868): RR scan pri=0, lcid=0x0043, q_cout=0
01-16 16:09:30.926: D/bt_l2cap(868): RR scan pri=0, lcid=0x0044, q_cout=0
01-16 16:09:30.926: D/bt_l2cap(868): TotalWin=8,LinkUnack(0x32)=0,RRCheck=0,RRUnack=0
01-16 16:09:30.936: D/bt_btif(868): [media task tx timer] ts 376031544, diff : 00020050, queue sz 0
01-16 16:09:30.936: D/bt_btif(868): btif_get_num_aa_frame_iteration pcm_bytes_per_frame 512
01-16 16:09:30.936: D/bt_btif(868): btif_get_num_aa_frame_iteration frames for available PCM data 7
01-16 16:09:30.937: D/bt_btif(868): btif_get_num_aa_frame_iteration reducing frames for available PCM data
01-16 16:09:30.937: D/bt_btif(868): btif_get_num_aa_frame_iteration effective num of frames 7, iterations 1
01-16 16:09:30.937: I/bt_btif(868): BTA got event 0x1231
01-16 16:09:30.938: I/bt_l2cap(868): L2CA_FlushChannel (QUERY)  CID: 0x0046
01-16 16:09:30.938: D/bt_l2cap(868): L2CA_FlushChannel()  flushed: 0 + 0,  num_left: 0
01-16 16:09:30.938: D/bt_btif(868): bta_av_co_audio_src_data_path
01-16 16:09:30.938: I/bt_l2cap(868): L2CA_DataWrite()  CID: 0x0046  Len: 846
01-16 16:09:30.938: I/bt_l2cap(868): L2CAP - st: OPEN evt: 30
01-16 16:09:30.939: D/bt_l2cap(868): RR scan pri=1, lcid=0x0046, q_cout=1
01-16 16:09:30.939: D/bt_l2cap(868): RR service pri=1, quota=9, lcid=0x0046
01-16 16:09:30.939: D/bt_l2cap(868): TotalWin=7,Hndl=0x32,Quota=8,Unack=1,RRQuota=0,RRUnack=0
01-16 16:09:30.945: D/bt_btif(868): send_metamsg_rsp Sending notification to rc_handle: 0. event_id: 0x01
01-16 16:09:30.945: I/bt_btif(868): BTA got event 0x1204
01-16 16:09:30.945: I/bt_btif(868): AV event=0x1204(API_META_RSP_EVT) state=1(OPEN)
01-16 16:09:30.970: I/NuPlayerRenderer(251): copy size bigger than copyMax
01-16 16:09:30.998: D/bt_l2cap(868): RR scan pri=1, lcid=0x0046, q_cout=1
01-16 16:09:30.999: D/bt_l2cap(868): RR service pri=1, quota=9, lcid=0x0046
01-16 16:09:30.999: D/bt_l2cap(868): TotalWin=7,Hndl=0x32,Quota=8,Unack=1,RRQuota=0,RRUnack=0
01-16 16:09:30.999: I/btsnoop_sprd(868): 22:09:30:999357 ACL
01-16 16:09:30.999: D/bt_l2cap(868): RR scan pri=1, lcid=0x0046, q_cout=0
01-16 16:09:30.999: I/btsnoop_sprd(868): diff: 244
01-16 16:09:30.999: D/bt_l2cap(868): RR scan pri=2, lcid=0x0041, q_cout=0
01-16 16:09:30.999: D/bt_hci_h4(868): 22:09:30:999815 ret=855
01-16 16:09:30.999: D/bt_l2cap(868): RR scan pri=0, lcid=0x0043, q_cout=0
01-16 16:09:31.000: D/bt_l2cap(868): RR scan pri=0, lcid=0x0044, q_cout=0
01-16 16:09:31.005: I/btsnoop_sprd(868): 22:09:31:005338 EVE
01-16 16:09:31.016: D/bt_btif(868): btif_get_num_aa_frame_iteration pcm_bytes_per_frame 512
01-16 16:09:31.025: I/btsnoop_sprd(868): 22:09:31:025297 EVE
01-16 16:09:31.025: I/btsnoop_sprd(868): diff: 397
01-16 16:09:31.026: D/bt_l2cap(868): RR scan pri=1, lcid=0x0046, q_cout=0
01-16 16:09:31.026: D/bt_l2cap(868): RR scan pri=2, lcid=0x0041, q_cout=0
01-16 16:09:31.026: D/bt_l2cap(868): RR scan pri=0, lcid=0x0043, q_cout=0
01-16 16:09:31.026: D/bt_l2cap(868): RR scan pri=0, lcid=0x0044, q_cout=0
01-16 16:09:31.026: D/bt_l2cap(868): TotalWin=8,LinkUnack(0x32)=0,RRCheck=0,RRUnack=0
01-16 16:09:31.036: D/bt_btif(868): [media task tx timer] ts 376131551, diff : 00020051, queue sz 0
01-16 16:09:31.039: D/bt_l2cap(868): RR scan pri=2, lcid=0x0041, q_cout=0
01-16 16:09:31.040: I/bt_btif(868): BTA got event 0x1222
01-16 16:09:31.040: I/bt_l2cap(868): L2CA_FlushChannel (QUERY)  CID: 0x0046
01-16 16:09:31.041: D/bt_l2cap(868): L2CA_FlushChannel()  flushed: 0 + 0,  num_left: 0
01-16 16:09:31.041: D/bt_btif(868): bta_av_co_audio_src_data_path
01-16 16:09:31.045: I/btsnoop_sprd(868): 22:09:31:045530 EVE
01-16 16:09:31.046: I/btsnoop_sprd(868): diff: 488
01-16 16:09:31.046: D/bt_l2cap(868): RR scan pri=1, lcid=0x0046, q_cout=0
01-16 16:09:31.046: D/bt_l2cap(868): RR scan pri=2, lcid=0x0041, q_cout=0
01-16 16:09:31.046: D/bt_l2cap(868): RR scan pri=0, lcid=0x0043, q_cout=0
01-16 16:09:31.047: D/bt_l2cap(868): RR scan pri=0, lcid=0x0044, q_cout=0
01-16 16:09:31.047: D/bt_l2cap(868): TotalWin=8,LinkUnack(0x32)=0,RRCheck=0,RRUnack=0
01-16 16:09:31.056: D/bt_btif(868): [media task tx timer] ts 376151753, diff : 00020202, queue sz 0
01-16 16:09:31.057: D/bt_btif(868): btif_get_num_aa_frame_iteration pcm_bytes_per_frame 512
01-16 16:09:31.057: D/bt_btif(868): btif_get_num_aa_frame_iteration frames for available PCM data 7
01-16 16:09:31.057: D/bt_btif(868): btif_get_num_aa_frame_iteration reducing frames for available PCM data
01-16 16:09:31.057: D/bt_btif(868): btif_get_num_aa_frame_iteration effective num of frames 7, iterations 1
01-16 16:09:31.058: I/bt_btif(868): BTA got event 0x1231
01-16 16:09:31.058: I/bt_l2cap(868): L2CA_FlushChannel (QUERY)  CID: 0x0046
01-16 16:09:31.058: D/bt_l2cap(868): L2CA_FlushChannel()  flushed: 0 + 0,  num_left: 0
01-16 16:09:31.058: D/bt_btif(868): bta_av_co_audio_src_data_path
01-16 16:09:31.059: I/bt_l2cap(868): L2CA_DataWrite()  CID: 0x0046  Len: 846
01-16 16:09:31.059: I/bt_l2cap(868): L2CAP - st: OPEN evt: 30
01-16 16:09:31.059: D/bt_l2cap(868): RR scan pri=1, lcid=0x0046, q_cout=1
01-16 16:09:31.059: D/bt_l2cap(868): RR service pri=1, quota=9, lcid=0x0046
01-16 16:09:31.059: D/bt_l2cap(868): TotalWin=7,Hndl=0x32,Quota=8,Unack=1,RRQuota=0,RRUnack=0
01-16 16:09:31.060: I/btsnoop_sprd(868): 22:09:31:060026 ACL
01-16 16:09:31.060: D/bt_l2cap(868): RR scan pri=1, lcid=0x0046, q_cout=0
01-16 16:09:31.060: I/btsnoop_sprd(868): diff: 275
01-16 16:09:31.060: D/bt_l2cap(868): RR scan pri=2, lcid=0x0041, q_cout=0
01-16 16:09:31.060: D/bt_hci_h4(868): 22:09:31:060514 ret=855
01-16 16:09:31.060: D/bt_l2cap(868): RR scan pri=0, lcid=0x0043, q_cout=0
01-16 16:09:31.060: D/bt_l2cap(868): RR scan pri=0, lcid=0x0044, q_cout=0
01-16 16:09:31.061: I/bt_btif(868): BTA got event 0x1222
01-16 16:09:31.061: I/bt_l2cap(868): L2CA_FlushChannel (QUERY)  CID: 0x0046
01-16 16:09:31.061: D/bt_l2cap(868): L2CA_FlushChannel()  flushed: 0 + 0,  num_left: 0
01-16 16:09:31.061: D/bt_btif(868): bta_av_co_audio_src_data_path
01-16 16:09:31.066: I/btsnoop_sprd(868): 22:09:31:066557 EVE
01-16 16:09:31.066: I/btsnoop_sprd(868): diff: 396
01-16 16:09:31.067: D/bt_l2cap(868): RR scan pri=1, lcid=0x0046, q_cout=0
01-16 16:09:31.067: D/bt_l2cap(868): RR scan pri=2, lcid=0x0041, q_cout=0
01-16 16:09:31.067: D/bt_l2cap(868): RR scan pri=0, lcid=0x0043, q_cout=0
01-16 16:09:31.067: D/bt_l2cap(868): RR scan pri=0, lcid=0x0044, q_cout=0
01-16 16:09:31.068: D/bt_l2cap(868): TotalWin=8,LinkUnack(0x32)=0,RRCheck=0,RRUnack=0
01-16 16:09:31.076: D/bt_btif(868): [media task tx timer] ts 376171529, diff : 00019776, queue sz 0
01-16 16:09:31.076: D/bt_btif(868): btif_get_num_aa_frame_iteration pcm_bytes_per_frame 512
01-16 16:09:31.076: D/bt_btif(868): btif_get_num_aa_frame_iteration frames for available PCM data 7
01-16 16:09:31.077: D/bt_btif(868): btif_get_num_aa_frame_iteration reducing frames for available PCM data
01-16 16:09:31.077: D/bt_btif(868): btif_get_num_aa_frame_iteration effective num of frames 7, iterations 1
01-16 16:09:31.077: I/bt_btif(868): BTA got event 0x1231
01-16 16:09:31.078: I/bt_l2cap(868): L2CA_FlushChannel (QUERY)  CID: 0x0046
01-16 16:09:31.078: D/bt_l2cap(868): L2CA_FlushChannel()  flushed: 0 + 0,  num_left: 0
01-16 16:09:31.078: D/bt_btif(868): bta_av_co_audio_src_data_path
01-16 16:09:31.078: I/bt_l2cap(868): L2CA_DataWrite()  CID: 0x0046  Len: 846
01-16 16:09:31.079: I/bt_l2cap(868): L2CAP - st: OPEN evt: 30
01-16 16:09:31.079: D/bt_l2cap(868): RR scan pri=1, lcid=0x0046, q_cout=1
01-16 16:09:31.079: D/bt_l2cap(868): RR service pri=1, quota=9, lcid=0x0046
01-16 16:09:31.096: D/bt_btif(868): [media task tx timer] ts 376191548, diff : 00020019, queue sz 0
01-16 16:09:31.096: D/bt_btif(868): btif_get_num_aa_frame_iteration pcm_bytes_per_frame 512
01-16 16:09:31.096: D/bt_btif(868): btif_get_num_aa_frame_iteration frames for available PCM data 7
01-16 16:09:31.097: D/bt_btif(868): btif_get_num_aa_frame_iteration reducing frames for available PCM data
01-16 16:09:31.097: D/bt_btif(868): btif_get_num_aa_frame_iteration effective num of frames 7, iterations 1
01-16 16:09:31.098: I/bt_btif(868): BTA got event 0x1231
01-16 16:09:31.098: I/bt_l2cap(868): L2CA_FlushChannel (QUERY)  CID: 0x0046
01-16 16:09:31.098: D/bt_l2cap(868): L2CA_FlushChannel()  flushed: 0 + 0,  num_left: 0
01-16 16:09:31.098: D/bt_btif(868): bta_av_co_audio_src_data_path
01-16 16:09:31.098: I/bt_l2cap(868): L2CA_DataWrite()  CID: 0x0046  Len: 846
01-16 16:09:31.099: I/bt_l2cap(868): L2CAP - st: OPEN evt: 30
01-16 16:09:31.099: D/bt_l2cap(868): RR scan pri=1, lcid=0x0046, q_cout=1
01-16 16:09:31.099: D/bt_l2cap(868): RR service pri=1, quota=9, lcid=0x0046
01-16 16:09:31.099: D/bt_l2cap(868): TotalWin=7,Hndl=0x32,Quota=8,Unack=1,RRQuota=0,RRUnack=0
01-16 16:09:31.099: I/btsnoop_sprd(868): 22:09:31:099760 ACL
01-16 16:09:31.099: D/bt_l2cap(868): RR scan pri=1, lcid=0x0046, q_cout=0
01-16 16:09:31.100: I/btsnoop_sprd(868): diff: 274
01-16 16:09:31.100: D/bt_l2cap(868): RR scan pri=2, lcid=0x0041, q_cout=0
01-16 16:09:31.100: D/bt_l2cap(868): RR scan pri=0, lcid=0x0043, q_cout=0
01-16 16:09:31.100: D/bt_hci_h4(868): 22:09:31:100248 ret=855
01-16 16:09:31.100: D/bt_l2cap(868): RR scan pri=0, lcid=0x0044, q_cout=0
01-16 16:09:31.155: I/NuPlayerRenderer(251): copy size bigger than copyMax
01-16 16:09:31.196: D/bt_btif(868): [media task tx timer] ts 376291676, diff : 00020202, queue sz 0
01-16 16:09:31.205: I/btsnoop_sprd(868): diff: 366
01-16 16:09:31.206: D/bt_l2cap(868): RR scan pri=1, lcid=0x0046, q_cout=0
01-16 16:09:31.206: D/bt_l2cap(868): RR scan pri=2, lcid=0x0041, q_cout=0
01-16 16:09:31.206: D/bt_l2cap(868): RR scan pri=0, lcid=0x0043, q_cout=0
01-16 16:09:31.206: D/bt_l2cap(868): RR scan pri=0, lcid=0x0044, q_cout=0
01-16 16:09:31.206: D/bt_l2cap(868): TotalWin=8,LinkUnack(0x32)=0,RRCheck=0,RRUnack=0
01-16 16:09:31.216: D/bt_btif(868): [media task tx timer] ts 376311543, diff : 00019867, queue sz 0
01-16 16:09:31.225: I/btsnoop_sprd(868): 22:09:31:225492 EVE
01-16 16:09:31.225: I/btsnoop_sprd(868): diff: 366
01-16 16:09:31.226: D/bt_l2cap(868): RR scan pri=1, lcid=0x0046, q_cout=0
01-16 16:09:31.226: D/bt_l2cap(868): RR scan pri=2, lcid=0x0041, q_cout=0
01-16 16:09:31.226: D/bt_l2cap(868): RR scan pri=0, lcid=0x0043, q_cout=0
01-16 16:09:31.226: D/bt_l2cap(868): RR scan pri=0, lcid=0x0044, q_cout=0
01-16 16:09:31.226: D/bt_l2cap(868): TotalWin=8,LinkUnack(0x32)=0,RRCheck=0,RRUnack=0
01-16 16:09:31.236: D/bt_btif(868): [media task tx timer] ts 376331563, diff : 00020020, queue sz 0
01-16 16:09:31.236: D/bt_btif(868): btif_get_num_aa_frame_iteration pcm_bytes_per_frame 512
01-16 16:09:31.236: D/bt_btif(868): btif_get_num_aa_frame_iteration frames for available PCM data 7
01-16 16:09:31.237: D/bt_btif(868): btif_get_num_aa_frame_iteration reducing frames for available PCM data
01-16 16:09:31.237: D/bt_btif(868): btif_get_num_aa_frame_iteration effective num of frames 7, iterations 1
01-16 16:09:31.238: I/bt_btif(868): BTA got event 0x1231
01-16 16:09:31.238: I/bt_l2cap(868): L2CA_FlushChannel (QUERY)  CID: 0x0046
01-16 16:09:31.238: D/bt_l2cap(868): L2CA_FlushChannel()  flushed: 0 + 0,  num_left: 0
01-16 16:09:31.238: D/bt_btif(868): bta_av_co_audio_src_data_path
01-16 16:09:31.238: I/bt_l2cap(868): L2CA_DataWrite()  CID: 0x0046  Len: 846
01-16 16:09:31.239: I/bt_l2cap(868): L2CAP - st: OPEN evt: 30
01-16 16:09:31.239: D/bt_l2cap(868): RR scan pri=1, lcid=0x0046, q_cout=1
01-16 16:09:31.239: D/bt_l2cap(868): RR service pri=1, quota=9, lcid=0x0046
01-16 16:09:31.239: D/bt_l2cap(868): TotalWin=7,Hndl=0x32,Quota=8,Unack=1,RRQuota=0,RRUnack=0
01-16 16:09:31.239: I/btsnoop_sprd(868): 22:09:31:239713 ACL
01-16 16:09:31.239: D/bt_l2cap(868): RR scan pri=1, lcid=0x0046, q_cout=0
01-16 16:09:31.239: I/btsnoop_sprd(868): diff: 245
01-16 16:09:31.240: D/bt_l2cap(868): RR scan pri=2, lcid=0x0041, q_cout=0
01-16 16:09:31.240: D/bt_l2cap(868): RR scan pri=0, lcid=0x0043, q_cout=0
01-16 16:09:31.240: D/bt_hci_h4(868): 22:09:31:240202 ret=855
01-16 16:09:31.240: D/bt_l2cap(868): RR scan pri=0, lcid=0x0044, q_cout=0
01-16 16:09:31.240: I/bt_btif(868): BTA got event 0x1222
01-16 16:09:31.240: I/bt_l2cap(868): L2CA_FlushChannel (QUERY)  CID: 0x0046
01-16 16:09:31.241: D/bt_l2cap(868): L2CA_FlushChannel()  flushed: 0 + 0,  num_left: 0
01-16 16:09:31.241: D/bt_btif(868): bta_av_co_audio_src_data_path
01-16 16:09:31.245: I/btsnoop_sprd(868): 22:09:31:245329 EVE
01-16 16:09:31.245: I/btsnoop_sprd(868): diff: 396
01-16 16:09:31.246: D/bt_l2cap(868): RR scan pri=1, lcid=0x0046, q_cout=0
01-16 16:09:31.246: D/bt_l2cap(868): RR scan pri=2, lcid=0x0041, q_cout=0
01-16 16:09:31.246: D/bt_l2cap(868): RR scan pri=0, lcid=0x0043, q_cout=0
01-16 16:09:31.246: D/bt_l2cap(868): RR scan pri=0, lcid=0x0044, q_cout=0
01-16 16:09:31.246: D/bt_l2cap(868): TotalWin=8,LinkUnack(0x32)=0,RRCheck=0,RRUnack=0
01-16 16:09:31.256: D/bt_btif(868): [media task tx timer] ts 376351582, diff : 00020019, queue sz 0
01-16 16:09:31.256: D/bt_btif(868): btif_get_num_aa_frame_iteration pcm_bytes_per_frame 512
01-16 16:09:31.256: D/bt_btif(868): btif_get_num_aa_frame_iteration frames for available PCM data 7
01-16 16:09:31.257: D/bt_btif(868): btif_get_num_aa_frame_iteration reducing frames for available PCM data
01-16 16:09:31.257: D/bt_btif(868): btif_get_num_aa_frame_iteration effective num of frames 7, iterations 1
01-16 16:09:31.257: I/bt_btif(868): BTA got event 0x1231
01-16 16:09:31.258: I/bt_l2cap(868): L2CA_FlushChannel (QUERY)  CID: 0x0046
01-16 16:09:31.258: D/bt_l2cap(868): L2CA_FlushChannel()  flushed: 0 + 0,  num_left: 0
01-16 16:09:31.258: D/bt_btif(868): bta_av_co_audio_src_data_path
01-16 16:09:31.265: I/btsnoop_sprd(868): 22:09:31:265318 EVE
01-16 16:09:31.265: I/btsnoop_sprd(868): diff: 427
01-16 16:09:31.266: D/bt_l2cap(868): RR scan pri=1, lcid=0x0046, q_cout=0
01-16 16:09:31.266: D/bt_l2cap(868): RR scan pri=2, lcid=0x0041, q_cout=0
01-16 16:09:31.266: D/bt_l2cap(868): RR scan pri=0, lcid=0x0043, q_cout=0
01-16 16:09:31.266: D/bt_l2cap(868): RR scan pri=0, lcid=0x0044, q_cout=0
01-16 16:09:31.276: D/bt_btif(868): [media task tx timer] ts 376371510, diff : 00019928, queue sz 0
01-16 16:09:31.276: D/bt_btif(868): btif_get_num_aa_frame_iteration pcm_bytes_per_frame 512
01-16 16:09:31.276: D/bt_btif(868): btif_get_num_aa_frame_iteration frames for available PCM data 7
01-16 16:09:31.277: D/bt_btif(868): btif_get_num_aa_frame_iteration reducing frames for available PCM data
01-16 16:09:31.277: D/bt_btif(868): btif_get_num_aa_frame_iteration effective num of frames 7, iterations 1
01-16 16:09:31.277: I/bt_btif(868): BTA got event 0x1231
01-16 16:09:31.278: I/bt_l2cap(868): L2CA_FlushChannel (QUERY)  CID: 0x0046
01-16 16:09:31.285: I/btsnoop_sprd(868): 22:09:31:285368 EVE
01-16 16:09:31.285: I/btsnoop_sprd(868): diff: 366
01-16 16:09:31.286: D/bt_l2cap(868): RR scan pri=1, lcid=0x0046, q_cout=0
01-16 16:09:31.286: D/bt_l2cap(868): RR scan pri=2, lcid=0x0041, q_cout=0
01-16 16:09:31.286: D/bt_l2cap(868): RR scan pri=0, lcid=0x0043, q_cout=0
01-16 16:09:31.286: D/bt_l2cap(868): RR scan pri=0, lcid=0x0044, q_cout=0
01-16 16:09:31.286: D/bt_l2cap(868): TotalWin=8,LinkUnack(0x32)=0,RRCheck=0,RRUnack=0
01-16 16:09:31.296: D/bt_btif(868): [media task tx timer] ts 376391530, diff : 00020020, queue sz 0
01-16 16:09:31.296: D/bt_btif(868): btif_get_num_aa_frame_iteration pcm_bytes_per_frame 512
01-16 16:09:31.296: D/bt_btif(868): btif_get_num_aa_frame_iteration frames for available PCM data 7
01-16 16:09:31.296: D/bt_btif(868): btif_get_num_aa_frame_iteration reducing frames for available PCM data
01-16 16:09:31.297: D/bt_btif(868): btif_get_num_aa_frame_iteration effective num of frames 7, iterations 1
01-16 16:09:31.297: I/bt_btif(868): BTA got event 0x1231
01-16 16:09:31.298: I/bt_l2cap(868): L2CA_FlushChannel (QUERY)  CID: 0x0046
01-16 16:09:31.298: D/bt_l2cap(868): L2CA_FlushChannel()  flushed: 0 + 0,  num_left: 0
01-16 16:09:31.298: D/bt_btif(868): bta_av_co_audio_src_data_path
01-16 16:09:31.299: I/bt_l2cap(868): L2CA_DataWrite()  CID: 0x0046  Len: 846
01-16 16:09:31.299: I/bt_l2cap(868): L2CAP - st: OPEN evt: 30
01-16 16:09:31.299: D/bt_l2cap(868): RR scan pri=1, lcid=0x0046, q_cout=1
01-16 16:09:31.299: D/bt_l2cap(868): RR service pri=1, quota=9, lcid=0x0046
01-16 16:09:31.299: D/bt_l2cap(868): TotalWin=7,Hndl=0x32,Quota=8,Unack=1,RRQuota=0,RRUnack=0
01-16 16:09:31.299: I/btsnoop_sprd(868): 22:09:31:299833 ACL
01-16 16:09:31.300: D/bt_l2cap(868): RR scan pri=1, lcid=0x0046, q_cout=0
01-16 16:09:31.300: I/btsnoop_sprd(868): diff: 275
01-16 16:09:31.300: D/bt_l2cap(868): RR scan pri=2, lcid=0x0041, q_cout=0
01-16 16:09:31.300: D/bt_l2cap(868): RR scan pri=0, lcid=0x0043, q_cout=0
01-16 16:09:31.300: D/bt_hci_h4(868): 22:09:31:300321 ret=855
01-16 16:09:31.300: D/bt_l2cap(868): RR scan pri=0, lcid=0x0044, q_cout=0
01-16 16:09:31.300: I/bt_btif(868): BTA got event 0x1222
01-16 16:09:31.309: I/btsnoop_sprd(868): 22:09:31:309293 EVE
01-16 16:09:31.309: I/btsnoop_sprd(868): diff: 428
01-16 16:09:31.310: D/bt_l2cap(868): RR scan pri=1, lcid=0x0046, q_cout=0
01-16 16:09:31.310: D/bt_l2cap(868): RR scan pri=2, lcid=0x0041, q_cout=0
01-16 16:09:31.310: D/bt_l2cap(868): RR scan pri=0, lcid=0x0043, q_cout=0
01-16 16:09:31.310: D/bt_l2cap(868): RR scan pri=0, lcid=0x0044, q_cout=0
01-16 16:09:31.310: D/bt_l2cap(868): TotalWin=8,LinkUnack(0x32)=0,RRCheck=0,RRUnack=0
01-16 16:09:31.316: D/bt_btif(868): [media task tx timer] ts 376411519, diff : 00019989, queue sz 0
01-16 16:09:31.316: D/bt_btif(868): btif_get_num_aa_frame_iteration pcm_bytes_per_frame 512
01-16 16:09:31.316: D/bt_btif(868): btif_get_num_aa_frame_iteration frames for available PCM data 6
01-16 16:09:31.316: D/bt_btif(868): btif_get_num_aa_frame_iteration reducing frames for available PCM data
01-16 16:09:31.317: D/bt_btif(868): btif_get_num_aa_frame_iteration effective num of frames 6, iterations 1
01-16 16:09:31.317: I/bt_btif(868): BTA got event 0x1231
01-16 16:09:31.319: I/bt_l2cap(868): L2CA_FlushChannel (QUERY)  CID: 0x0046
01-16 16:09:31.330: I/NuPlayerRenderer(251): copy size bigger than copyMax
01-16 16:09:31.336: D/bt_btif(868): [media task tx timer] ts 376431538, diff : 00020019, queue sz 0
01-16 16:09:31.336: D/bt_btif(868): btif_get_num_aa_frame_iteration pcm_bytes_per_frame 512
01-16 16:09:31.337: D/bt_btif(868): btif_get_num_aa_frame_iteration frames for available PCM data 7
01-16 16:09:31.337: D/bt_btif(868): btif_get_num_aa_frame_iteration reducing frames for available PCM data
01-16 16:09:31.337: D/bt_btif(868): btif_get_num_aa_frame_iteration effective num of frames 7, iterations 1
01-16 16:09:31.338: I/bt_btif(868): BTA got event 0x1231
01-16 16:09:31.338: I/bt_l2cap(868): L2CA_FlushChannel (QUERY)  CID: 0x0046
01-16 16:09:31.338: D/bt_l2cap(868): L2CA_FlushChannel()  flushed: 0 + 0,  num_left: 0
01-16 16:09:31.339: D/bt_btif(868): bta_av_co_audio_src_data_path
01-16 16:09:31.339: I/bt_l2cap(868): L2CA_DataWrite()  CID: 0x0046  Len: 846
01-16 16:09:31.339: I/bt_l2cap(868): L2CAP - st: OPEN evt: 30
01-16 16:09:31.339: D/bt_l2cap(868): RR scan pri=1, lcid=0x0046, q_cout=1
01-16 16:09:31.339: D/bt_l2cap(868): RR service pri=1, quota=9, lcid=0x0046
01-16 16:09:31.385: I/btsnoop_sprd(868): 22:09:31:385313 EVE
01-16 16:09:31.385: I/btsnoop_sprd(868): diff: 427
01-16 16:09:31.386: D/bt_l2cap(868): RR scan pri=1, lcid=0x0046, q_cout=0
01-16 16:09:31.386: D/bt_l2cap(868): RR scan pri=2, lcid=0x0041, q_cout=0
01-16 16:09:31.386: D/bt_l2cap(868): RR scan pri=0, lcid=0x0043, q_cout=0
01-16 16:09:31.386: D/bt_l2cap(868): RR scan pri=0, lcid=0x0044, q_cout=0
01-16 16:09:31.396: D/bt_btif(868): [media task tx timer] ts 376491505, diff : 00019928, queue sz 0
01-16 16:09:31.396: D/bt_btif(868): btif_get_num_aa_frame_iteration pcm_bytes_per_frame 512
01-16 16:09:31.396: D/bt_btif(868): btif_get_num_aa_frame_iteration frames for available PCM data 7
01-16 16:09:31.397: D/bt_btif(868): btif_get_num_aa_frame_iteration reducing frames for available PCM data
01-16 16:09:31.397: D/bt_btif(868): btif_get_num_aa_frame_iteration effective num of frames 7, iterations 1
01-16 16:09:31.416: D/bt_btif(868): [media task tx timer] ts 376511708, diff : 00020203, queue sz 0
01-16 16:09:31.416: D/bt_btif(868): btif_get_num_aa_frame_iteration pcm_bytes_per_frame 512
01-16 16:09:31.417: D/bt_btif(868): btif_get_num_aa_frame_iteration frames for available PCM data 7
01-16 16:09:31.417: D/bt_btif(868): btif_get_num_aa_frame_iteration reducing frames for available PCM data
01-16 16:09:31.417: D/bt_btif(868): btif_get_num_aa_frame_iteration effective num of frames 7, iterations 1
01-16 16:09:31.418: I/bt_btif(868): BTA got event 0x1231
01-16 16:09:31.418: I/bt_l2cap(868): L2CA_FlushChannel (QUERY)  CID: 0x0046
01-16 16:09:31.418: D/bt_l2cap(868): L2CA_FlushChannel()  flushed: 0 + 0,  num_left: 0
01-16 16:09:31.419: D/bt_btif(868): bta_av_co_audio_src_data_path
01-16 16:09:31.419: I/bt_l2cap(868): L2CA_DataWrite()  CID: 0x0046  Len: 846
01-16 16:09:31.419: I/bt_l2cap(868): L2CAP - st: OPEN evt: 30
01-16 16:09:31.419: D/bt_l2cap(868): RR scan pri=1, lcid=0x0046, q_cout=1
01-16 16:09:31.419: D/bt_l2cap(868): RR service pri=1, quota=9, lcid=0x0046
01-16 16:09:31.420: D/bt_l2cap(868): TotalWin=7,Hndl=0x32,Quota=8,Unack=1,RRQuota=0,RRUnack=0
01-16 16:09:31.420: I/btsnoop_sprd(868): 22:09:31:420225 ACL
01-16 16:09:31.420: D/bt_l2cap(868): RR scan pri=1, lcid=0x0046, q_cout=0
01-16 16:09:31.420: I/btsnoop_sprd(868): diff: 275
01-16 16:09:31.420: D/bt_l2cap(868): RR scan pri=2, lcid=0x0041, q_cout=0
01-16 16:09:31.420: D/bt_l2cap(868): RR scan pri=0, lcid=0x0043, q_cout=0
01-16 16:09:31.420: D/bt_hci_h4(868): 22:09:31:420713 ret=855
01-16 16:09:31.420: D/bt_l2cap(868): RR scan pri=0, lcid=0x0044, q_cout=0
01-16 16:09:31.421: I/bt_btif(868): BTA got event 0x1222
01-16 16:09:31.421: I/bt_l2cap(868): L2CA_FlushChannel (QUERY)  CID: 0x0046
01-16 16:09:31.421: D/bt_l2cap(868): L2CA_FlushChannel()  flushed: 0 + 0,  num_left: 0
01-16 16:09:31.436: D/bt_btif(868): [media task tx timer] ts 376531514, diff : 00019806, queue sz 0
01-16 16:09:31.466: I/btsnoop_sprd(868): 22:09:31:466428 EVE
01-16 16:09:31.466: I/btsnoop_sprd(868): diff: 397
01-16 16:09:31.467: D/bt_l2cap(868): RR scan pri=1, lcid=0x0046, q_cout=0
01-16 16:09:31.467: I/btsnoop_sprd(868): 22:09:31:467222 ACL
01-16 16:09:31.467: D/bt_l2cap(868): RR scan pri=2, lcid=0x0041, q_cout=0
01-16 16:09:31.467: I/btsnoop_sprd(868): diff: 214
01-16 16:09:31.467: D/bt_l2cap(868): RR scan pri=0, lcid=0x0043, q_cout=0
01-16 16:09:31.467: D/bt_l2cap(868): RR scan pri=0, lcid=0x0044, q_cout=0
01-16 16:09:31.467: D/bt_l2cap(868): TotalWin=8,LinkUnack(0x32)=0,RRCheck=0,RRUnack=0
01-16 16:09:31.468: I/bt_l2cap(868): L2CAP - st: OPEN evt: 20
01-16 16:09:31.468: D/bt_avp(868): avrc_msg_cback handle:0, ctype:3, offset:11, len: 15
01-16 16:09:31.468: D/bt_avp(868): pkt_type 0
01-16 16:09:31.468: D/bt_btif(868): bta_av_rc_msg_cback handle: 0 opcode=0x0
01-16 16:09:31.469: I/bt_btif(868): BTA got event 0x1207
01-16 16:09:31.469: I/bt_btif(868): AV event=0x1207(AVRC_MSG) state=1(OPEN)
01-16 16:09:31.469: I/bt_btif(868): next state=1
01-16 16:09:31.476: D/bt_btif(868): [media task tx timer] ts 376571522, diff : 00020080, queue sz 0
01-16 16:09:31.496: D/bt_btif(868): [media task tx timer] ts 376591603, diff : 00020081, queue sz 0
01-16 16:09:31.496: D/bt_btif(868): btif_get_num_aa_frame_iteration pcm_bytes_per_frame 512
01-16 16:09:31.496: D/bt_btif(868): btif_get_num_aa_frame_iteration frames for available PCM data 7
01-16 16:09:31.497: D/bt_btif(868): btif_get_num_aa_frame_iteration reducing frames for available PCM data
01-16 16:09:31.516: D/bt_btif(868): [media task tx timer] ts 376611500, diff : 00019897, queue sz 0
01-16 16:09:31.516: D/bt_btif(868): btif_get_num_aa_frame_iteration pcm_bytes_per_frame 512
01-16 16:09:31.516: D/bt_btif(868): btif_get_num_aa_frame_iteration frames for available PCM data 6
01-16 16:09:31.517: D/bt_btif(868): btif_get_num_aa_frame_iteration reducing frames for available PCM data
01-16 16:09:31.517: I/NuPlayerRenderer(251): copy size bigger than copyMax
01-16 16:09:31.517: D/bt_btif(868): btif_get_num_aa_frame_iteration effective num of frames 6, iterations 1
01-16 16:09:31.517: I/NuPlayerRenderer(251): copy size bigger than copyMax
01-16 16:09:31.517: I/bt_btif(868): BTA got event 0x1231
01-16 16:09:31.518: I/bt_l2cap(868): L2CA_FlushChannel (QUERY)  CID: 0x0046
01-16 16:09:31.518: D/bt_l2cap(868): L2CA_FlushChannel()  flushed: 0 + 0,  num_left: 0
01-16 16:09:31.518: D/bt_btif(868): bta_av_co_audio_src_data_path
01-16 16:09:31.518: I/bt_l2cap(868): L2CA_DataWrite()  CID: 0x0046  Len: 727
01-16 16:09:31.518: I/bt_l2cap(868): L2CAP - st: OPEN evt: 30
01-16 16:09:31.519: D/bt_l2cap(868): RR scan pri=1, lcid=0x0046, q_cout=1
01-16 16:09:31.519: D/bt_l2cap(868): RR service pri=1, quota=9, lcid=0x0046
01-16 16:09:31.519: D/bt_l2cap(868): TotalWin=7,Hndl=0x32,Quota=8,Unack=1,RRQuota=0,RRUnack=0
01-16 16:09:31.519: I/btsnoop_sprd(868): 22:09:31:519621 ACL
01-16 16:09:31.519: D/bt_l2cap(868): RR scan pri=1, lcid=0x0046, q_cout=0
01-16 16:09:31.519: I/btsnoop_sprd(868): diff: 274
01-16 16:09:31.519: D/bt_l2cap(868): RR scan pri=2, lcid=0x0041, q_cout=0
01-16 16:09:31.520: D/bt_hci_h4(868): 22:09:31:520109 ret=736
01-16 16:09:31.520: D/bt_l2cap(868): RR scan pri=0, lcid=0x0043, q_cout=0
01-16 16:09:31.520: D/bt_l2cap(868): RR scan pri=0, lcid=0x0044, q_cout=0
01-16 16:09:31.520: I/bt_btif(868): BTA got event 0x1222
01-16 16:09:31.520: I/bt_l2cap(868): L2CA_FlushChannel (QUERY)  CID: 0x0046
01-16 16:09:31.520: D/bt_l2cap(868): L2CA_FlushChannel()  flushed: 0 + 0,  num_left: 0
01-16 16:09:31.521: D/bt_btif(868): bta_av_co_audio_src_data_path
01-16 16:09:31.525: I/btsnoop_sprd(868): 22:09:31:525327 EVE
01-16 16:09:31.525: I/btsnoop_sprd(868): diff: 367
01-16 16:09:31.526: D/bt_l2cap(868): RR scan pri=1, lcid=0x0046, q_cout=0
01-16 16:09:31.526: D/bt_l2cap(868): RR scan pri=2, lcid=0x0041, q_cout=0
01-16 16:09:31.526: D/bt_l2cap(868): RR scan pri=0, lcid=0x0043, q_cout=0
01-16 16:09:31.526: D/bt_l2cap(868): RR scan pri=0, lcid=0x0044, q_cout=0
01-16 16:09:31.536: D/bt_btif(868): [media task tx timer] ts 376631489, diff : 00019989, queue sz 0
01-16 16:09:31.556: D/bt_btif(868): [media task tx timer] ts 376651509, diff : 00020020, queue sz 0
01-16 16:09:31.566: D/bt_l2cap(868): RR scan pri=0, lcid=0x0043, q_cout=0
01-16 16:09:31.566: D/bt_l2cap(868): RR scan pri=0, lcid=0x0044, q_cout=0
01-16 16:09:31.566: D/bt_l2cap(868): TotalWin=8,LinkUnack(0x32)=0,RRCheck=0,RRUnack=0
01-16 16:09:31.576: D/bt_btif(868): [media task tx timer] ts 376671559, diff : 00020050, queue sz 0
01-16 16:09:31.576: D/bt_btif(868): btif_get_num_aa_frame_iteration pcm_bytes_per_frame 512
01-16 16:09:31.576: D/bt_btif(868): btif_get_num_aa_frame_iteration frames for available PCM data 7
01-16 16:09:31.577: D/bt_btif(868): btif_get_num_aa_frame_iteration reducing frames for available PCM data
01-16 16:09:31.577: D/bt_btif(868): btif_get_num_aa_frame_iteration effective num of frames 7, iterations 1
01-16 16:09:31.577: I/bt_btif(868): BTA got event 0x1231
01-16 16:09:31.578: I/bt_l2cap(868): L2CA_FlushChannel (QUERY)  CID: 0x0046
01-16 16:09:31.578: D/bt_l2cap(868): L2CA_FlushChannel()  flushed: 0 + 0,  num_left: 0
01-16 16:09:31.578: D/bt_btif(868): bta_av_co_audio_src_data_path
01-16 16:09:31.578: I/bt_l2cap(868): L2CA_DataWrite()  CID: 0x0046  Len: 846
01-16 16:09:31.585: I/btsnoop_sprd(868): 22:09:31:585294 EVE
01-16 16:09:31.585: I/btsnoop_sprd(868): diff: 397
01-16 16:09:31.586: D/bt_l2cap(868): RR scan pri=1, lcid=0x0046, q_cout=0
01-16 16:09:31.586: D/bt_l2cap(868): RR scan pri=2, lcid=0x0041, q_cout=0
01-16 16:09:31.625: I/btsnoop_sprd(868): 22:09:31:625364 EVE
01-16 16:09:31.625: I/btsnoop_sprd(868): diff: 397
01-16 16:09:31.626: D/bt_l2cap(868): RR scan pri=1, lcid=0x0046, q_cout=0
01-16 16:09:31.626: D/bt_l2cap(868): RR scan pri=2, lcid=0x0041, q_cout=0
01-16 16:09:31.626: D/bt_l2cap(868): RR scan pri=0, lcid=0x0043, q_cout=0
01-16 16:09:31.626: D/bt_l2cap(868): RR scan pri=0, lcid=0x0044, q_cout=0
01-16 16:09:31.656: D/bt_btif(868): btif_get_num_aa_frame_iteration reducing frames for available PCM data
01-16 16:09:31.676: D/bt_btif(868): [media task tx timer] ts 376771535, diff : 00020020, queue sz 0
01-16 16:09:31.696: D/bt_btif(868): [media task tx timer] ts 376791493, diff : 00019958, queue sz 0
01-16 16:09:31.696: D/bt_btif(868): btif_get_num_aa_frame_iteration pcm_bytes_per_frame 512
01-16 16:09:31.696: D/bt_btif(868): btif_get_num_aa_frame_iteration frames for available PCM data 7
01-16 16:09:31.696: D/bt_btif(868): btif_get_num_aa_frame_iteration reducing frames for available PCM data
01-16 16:09:31.726: I/btsnoop_sprd(868): 22:09:31:726560 EVE
01-16 16:09:31.727: I/btsnoop_sprd(868): diff: 428
01-16 16:09:31.727: D/bt_l2cap(868): RR scan pri=1, lcid=0x0046, q_cout=0
01-16 16:09:31.727: D/bt_l2cap(868): RR scan pri=2, lcid=0x0041, q_cout=0
01-16 16:09:31.746: I/btsnoop_sprd(868): 22:09:31:746580 EVE
01-16 16:09:31.798: D/bt_btif(868): bta_av_co_audio_src_data_path
01-16 16:09:31.798: I/bt_l2cap(868): L2CA_DataWrite()  CID: 0x0046  Len: 846
01-16 16:09:31.798: I/bt_l2cap(868): L2CAP - st: OPEN evt: 30
01-16 16:09:31.799: D/bt_l2cap(868): RR scan pri=1, lcid=0x0046, q_cout=1
01-16 16:09:31.799: D/bt_l2cap(868): RR service pri=1, quota=9, lcid=0x0046
01-16 16:09:31.799: D/bt_l2cap(868): TotalWin=7,Hndl=0x32,Quota=8,Unack=1,RRQuota=0,RRUnack=0
01-16 16:09:31.799: I/btsnoop_sprd(868): 22:09:31:799497 ACL
01-16 16:09:31.799: D/bt_l2cap(868): RR scan pri=1, lcid=0x0046, q_cout=0
01-16 16:09:31.799: I/btsnoop_sprd(868): diff: 275
01-16 16:09:31.799: D/bt_l2cap(868): RR scan pri=2, lcid=0x0041, q_cout=0
01-16 16:09:31.800: D/bt_l2cap(868): RR scan pri=0, lcid=0x0043, q_cout=0
01-16 16:09:31.800: D/bt_hci_h4(868): 22:09:31:799986 ret=855
01-16 16:09:31.800: D/bt_l2cap(868): RR scan pri=0, lcid=0x0044, q_cout=0
01-16 16:09:31.836: D/bt_btif(868): [media task tx timer] ts 376931508, diff : 00020020, queue sz 0
01-16 16:09:31.836: D/bt_btif(868): btif_get_num_aa_frame_iteration pcm_bytes_per_frame 512
01-16 16:09:31.836: D/bt_btif(868): btif_get_num_aa_frame_iteration frames for available PCM data 7
