01-16 16:09:38.984: D/bt_l2cap(868): RR scan pri=2, lcid=0x0041, q_cout=0
01-16 16:09:38.984: D/bt_l2cap(868): RR scan pri=0, lcid=0x0043, q_cout=0
01-16 16:09:38.984: D/bt_l2cap(868): RR scan pri=0, lcid=0x0044, q_cout=0
01-16 16:09:38.984: D/bt_l2cap(868): TotalWin=7,LinkUnack(0x32)=1,RRCheck=0,RRUnack=0
01-16 16:09:38.989: I/btsnoop_sprd(868): 22:09:38:989927 ACL
01-16 16:09:38.990: I/btsnoop_sprd(868): diff: 366
01-16 16:09:38.990: I/bt_l2cap(868): L2CAP - st: OPEN evt: 20
01-16 16:09:38.990: D/bt_avp(868): avrc_msg_cback handle:0, ctype:3, offset:11, len: 15
01-16 16:09:38.991: D/bt_avp(868): pkt_type 0
01-16 16:09:38.991: D/bt_btif(868): bta_av_rc_msg_cback handle: 0 opcode=0x0
01-16 16:09:38.991: I/bt_btif(868): BTA got event 0x1207
01-16 16:09:38.991: I/bt_btif(868): AV event=0x1207(AVRC_MSG) state=1(OPEN)
01-16 16:09:38.991: I/bt_btif(868): next state=1
01-16 16:09:38.992: D/bt_btif(868): btif_av_state_started_handler event:BTA_AV_META_MSG_EVT flags 0
01-16 16:09:39.011: I/NuPlayerRenderer(251): copy size bigger than copyMax
01-16 16:09:39.016: D/bt_btif(868): [media task tx timer] ts 384111439, diff : 00019805, queue sz 0
01-16 16:09:39.016: D/bt_btif(868): btif_get_num_aa_frame_iteration pcm_bytes_per_frame 512
01-16 16:09:39.036: D/bt_btif(868): [media task tx timer] ts 384131489, diff : 00020050, queue sz 0
01-16 16:09:39.066: I/btsnoop_sprd(868): diff: 335
01-16 16:09:39.067: D/bt_l2cap(868): RR scan pri=1, lcid=0x0046, q_cout=0
01-16 16:09:39.080: I/bt_btif(868): BTA got event 0x1222
01-16 16:09:39.081: D/bt_btif(868): bta_av_co_audio_src_data_path
01-16 16:09:39.085: I/btsnoop_sprd(868): 22:09:39:085447 EVE
01-16 16:09:39.085: I/btsnoop_sprd(868): diff: 305
01-16 16:09:39.086: D/bt_l2cap(868): RR scan pri=1, lcid=0x0046, q_cout=0
01-16 16:09:39.086: D/bt_l2cap(868): RR scan pri=2, lcid=0x0041, q_cout=0
01-16 16:09:39.086: D/bt_l2cap(868): RR scan pri=0, lcid=0x0043, q_cout=0
01-16 16:09:39.086: D/bt_l2cap(868): RR scan pri=0, lcid=0x0044, q_cout=0
01-16 16:09:39.086: D/bt_l2cap(868): TotalWin=8,LinkUnack(0x32)=0,RRCheck=0,RRUnack=0
01-16 16:09:39.096: D/bt_btif(868): [media task tx timer] ts 384191518, diff : 00020020, queue sz 0
01-16 16:09:39.096: D/bt_btif(868): btif_get_num_aa_frame_iteration pcm_bytes_per_frame 512
01-16 16:09:39.096: D/bt_btif(868): btif_get_num_aa_frame_iteration frames for available PCM data 7
01-16 16:09:39.097: D/bt_btif(868): btif_get_num_aa_frame_iteration reducing frames for available PCM data
01-16 16:09:39.097: D/bt_btif(868): btif_get_num_aa_frame_iteration effective num of frames 7, iterations 1
01-16 16:09:39.097: I/bt_btif(868): BTA got event 0x1231
01-16 16:09:39.098: I/bt_l2cap(868): L2CA_FlushChannel (QUERY)  CID: 0x0046
01-16 16:09:39.098: D/bt_l2cap(868): L2CA_FlushChannel()  flushed: 0 + 0,  num_left: 0
01-16 16:09:39.098: D/bt_btif(868): bta_av_co_audio_src_data_path
01-16 16:09:39.098: I/bt_l2cap(868): L2CA_DataWrite()  CID: 0x0046  Len: 846
01-16 16:09:39.098: I/bt_l2cap(868): L2CAP - st: OPEN evt: 30
01-16 16:09:39.099: D/bt_l2cap(868): RR scan pri=1, lcid=0x0046, q_cout=1
01-16 16:09:39.099: D/bt_l2cap(868): RR service pri=1, quota=9, lcid=0x0046
01-16 16:09:39.099: D/bt_l2cap(868): TotalWin=7,Hndl=0x32,Quota=8,Unack=1,RRQuota=0,RRUnack=0
01-16 16:09:39.099: I/btsnoop_sprd(868): 22:09:39:099638 ACL
01-16 16:09:39.099: D/bt_l2cap(868): RR scan pri=1, lcid=0x0046, q_cout=0
01-16 16:09:39.099: I/btsnoop_sprd(868): diff: 274
01-16 16:09:39.099: D/bt_l2cap(868): RR scan pri=2, lcid=0x0041, q_cout=0
01-16 16:09:39.100: D/bt_l2cap(868): RR scan pri=0, lcid=0x0043, q_cout=0
01-16 16:09:39.100: D/bt_hci_h4(868): 22:09:39:100126 ret=855
01-16 16:09:39.100: D/bt_l2cap(868): RR scan pri=0, lcid=0x0044, q_cout=0
01-16 16:09:39.100: I/bt_btif(868): BTA got event 0x1222
01-16 16:09:39.100: I/bt_l2cap(868): L2CA_FlushChannel (QUERY)  CID: 0x0046
01-16 16:09:39.100: D/bt_l2cap(868): L2CA_FlushChannel()  flushed: 0 + 0,  num_left: 0
01-16 16:09:39.105: I/btsnoop_sprd(868): 22:09:39:105344 EVE
01-16 16:09:39.105: I/btsnoop_sprd(868): diff: 367
01-16 16:09:39.106: D/bt_l2cap(868): RR scan pri=1, lcid=0x0046, q_cout=0
01-16 16:09:39.106: D/bt_l2cap(868): RR scan pri=2, lcid=0x0041, q_cout=0
01-16 16:09:39.106: D/bt_l2cap(868): RR scan pri=0, lcid=0x0043, q_cout=0
01-16 16:09:39.117: I/bt_btif(868): BTA got event 0x1231
01-16 16:09:39.118: I/bt_l2cap(868): L2CA_DataWrite()  CID: 0x0046  Len: 727
01-16 16:09:39.118: I/bt_l2cap(868): L2CAP - st: OPEN evt: 30
01-16 16:09:39.136: D/bt_btif(868): [media task tx timer] ts 384231496, diff : 00019959, queue sz 0
01-16 16:09:39.136: D/bt_btif(868): btif_get_num_aa_frame_iteration pcm_bytes_per_frame 512
01-16 16:09:39.136: D/bt_btif(868): btif_get_num_aa_frame_iteration frames for available PCM data 7
01-16 16:09:39.146: I/btsnoop_sprd(868): 22:09:39:146848 EVE
01-16 16:09:39.147: I/btsnoop_sprd(868): diff: 397
01-16 16:09:39.147: D/bt_l2cap(868): RR scan pri=1, lcid=0x0046, q_cout=0
01-16 16:09:39.147: D/bt_l2cap(868): RR scan pri=2, lcid=0x0041, q_cout=0
01-16 16:09:39.147: D/bt_l2cap(868): RR scan pri=0, lcid=0x0043, q_cout=0
01-16 16:09:39.176: D/bt_btif(868): [media task tx timer] ts 384271504, diff : 00019897, queue sz 0
01-16 16:09:39.196: D/bt_btif(868): [media task tx timer] ts 384291554, diff : 00020050, queue sz 0
01-16 16:09:39.196: I/NuPlayerRenderer(251): copy size bigger than copyMax
01-16 16:09:39.226: D/bt_l2cap(868): RR scan pri=0, lcid=0x0043, q_cout=0
01-16 16:09:39.226: D/bt_l2cap(868): RR scan pri=0, lcid=0x0044, q_cout=0
01-16 16:09:39.245: I/btsnoop_sprd(868): 22:09:39:245420 EVE
01-16 16:09:39.266: D/bt_l2cap(868): RR scan pri=1, lcid=0x0046, q_cout=0
01-16 16:09:39.266: D/bt_l2cap(868): RR scan pri=2, lcid=0x0041, q_cout=0
01-16 16:09:39.276: D/bt_btif(868): [media task tx timer] ts 384371510, diff : 00020019, queue sz 0
01-16 16:09:39.276: D/bt_btif(868): btif_get_num_aa_frame_iteration pcm_bytes_per_frame 512
01-16 16:09:39.276: D/bt_btif(868): btif_get_num_aa_frame_iteration frames for available PCM data 7
01-16 16:09:39.277: D/bt_btif(868): btif_get_num_aa_frame_iteration reducing frames for available PCM data
01-16 16:09:39.277: D/bt_btif(868): btif_get_num_aa_frame_iteration effective num of frames 7, iterations 1
01-16 16:09:39.277: I/bt_btif(868): BTA got event 0x1231
01-16 16:09:39.278: I/bt_l2cap(868): L2CA_FlushChannel (QUERY)  CID: 0x0046
01-16 16:09:39.285: I/btsnoop_sprd(868): 22:09:39:285368 EVE
01-16 16:09:39.376: D/bt_btif(868): [media task tx timer] ts 384471547, diff : 00020020, queue sz 0
01-16 16:09:39.391: I/NuPlayerRenderer(251): copy size bigger than copyMax
01-16 16:09:39.416: D/bt_btif(868): [media task tx timer] ts 384511464, diff : 00020020, queue sz 0
01-16 16:09:39.416: D/bt_btif(868): btif_get_num_aa_frame_iteration pcm_bytes_per_frame 512
01-16 16:09:39.416: D/bt_btif(868): btif_get_num_aa_frame_iteration frames for available PCM data 7
01-16 16:09:39.417: D/bt_btif(868): btif_get_num_aa_frame_iteration reducing frames for available PCM data
01-16 16:09:39.417: D/bt_btif(868): btif_get_num_aa_frame_iteration effective num of frames 7, iterations 1
01-16 16:09:39.417: I/bt_btif(868): BTA got event 0x1231
01-16 16:09:39.418: I/bt_l2cap(868): L2CA_FlushChannel (QUERY)  CID: 0x0046
01-16 16:09:39.418: D/bt_l2cap(868): L2CA_FlushChannel()  flushed: 0 + 0,  num_left: 0
01-16 16:09:39.418: D/bt_btif(868): bta_av_co_audio_src_data_path
01-16 16:09:39.418: I/bt_l2cap(868): L2CA_DataWrite()  CID: 0x0046  Len: 846
01-16 16:09:39.419: I/bt_l2cap(868): L2CAP - st: OPEN evt: 30
01-16 16:09:39.419: D/bt_l2cap(868): RR scan pri=1, lcid=0x0046, q_cout=1
01-16 16:09:39.419: D/bt_l2cap(868): RR service pri=1, quota=9, lcid=0x0046
01-16 16:09:39.419: D/bt_l2cap(868): TotalWin=7,Hndl=0x32,Quota=8,Unack=1,RRQuota=0,RRUnack=0
01-16 16:09:39.419: I/btsnoop_sprd(868): 22:09:39:419676 ACL
01-16 16:09:39.419: D/bt_l2cap(868): RR scan pri=1, lcid=0x0046, q_cout=0
01-16 16:09:39.419: I/btsnoop_sprd(868): diff: 274
01-16 16:09:39.420: D/bt_l2cap(868): RR scan pri=2, lcid=0x0041, q_cout=0
01-16 16:09:39.420: D/bt_l2cap(868): RR scan pri=0, lcid=0x0043, q_cout=0
01-16 16:09:39.420: D/bt_hci_h4(868): 22:09:39:420164 ret=855
01-16 16:09:39.420: D/bt_l2cap(868): RR scan pri=0, lcid=0x0044, q_cout=0
01-16 16:09:39.420: I/bt_btif(868): BTA got event 0x1222
01-16 16:09:39.420: I/bt_l2cap(868): L2CA_FlushChannel (QUERY)  CID: 0x0046
01-16 16:09:39.420: D/bt_l2cap(868): L2CA_FlushChannel()  flushed: 0 + 0,  num_left: 0
01-16 16:09:39.421: D/bt_btif(868): bta_av_co_audio_src_data_path
01-16 16:09:39.425: I/btsnoop_sprd(868): 22:09:39:425413 EVE
01-16 16:09:39.425: I/btsnoop_sprd(868): diff: 397
01-16 16:09:39.426: D/bt_l2cap(868): RR scan pri=1, lcid=0x0046, q_cout=0
01-16 16:09:39.426: D/bt_l2cap(868): RR scan pri=2, lcid=0x0041, q_cout=0
01-16 16:09:39.426: D/bt_l2cap(868): RR scan pri=0, lcid=0x0043, q_cout=0
01-16 16:09:39.426: D/bt_l2cap(868): RR scan pri=0, lcid=0x0044, q_cout=0
01-16 16:09:39.426: D/bt_l2cap(868): TotalWin=8,LinkUnack(0x32)=0,RRCheck=0,RRUnack=0
01-16 16:09:39.436: D/bt_btif(868): [media task tx timer] ts 384531575, diff : 00020111, queue sz 0
01-16 16:09:39.436: D/bt_btif(868): btif_get_num_aa_frame_iteration pcm_bytes_per_frame 512
01-16 16:09:39.436: D/bt_btif(868): btif_get_num_aa_frame_iteration frames for available PCM data 7
01-16 16:09:39.437: D/bt_btif(868): btif_get_num_aa_frame_iteration reducing frames for available PCM data
01-16 16:09:39.437: D/bt_btif(868): btif_get_num_aa_frame_iteration effective num of frames 7, iterations 1
01-16 16:09:39.437: I/bt_btif(868): BTA got event 0x1231
01-16 16:09:39.465: I/btsnoop_sprd(868): 22:09:39:465391 EVE
01-16 16:09:39.465: I/btsnoop_sprd(868): diff: 427
01-16 16:09:39.466: D/bt_l2cap(868): RR scan pri=1, lcid=0x0046, q_cout=0
01-16 16:09:39.466: D/bt_l2cap(868): RR scan pri=2, lcid=0x0041, q_cout=0
01-16 16:09:39.466: D/bt_l2cap(868): RR scan pri=0, lcid=0x0043, q_cout=0
01-16 16:09:39.475: V/Avrcp(868): MediaController playback changed: PlaybackState {state=3, position=63448, buffered position=0, speed=1.0, updated=384569, actions=567, custom actions=[], active item id=-1, error=null}
01-16 16:09:39.476: V/Avrcp(868): updatePlaybackState: old=PlaybackState {state=3, position=62945, buffered position=0, speed=1.0, updated=384067, actions=567, custom actions=[], active item id=-1, error=null}, new=PlaybackState {state=3, position=63448, buffered position=0, speed=1.0, updated=384569, actions=567, custom actions=[], active item id=-1, error=null}
01-16 16:09:39.476: D/bt_btif(868): btif_get_num_aa_frame_iteration frames for available PCM data 6
01-16 16:09:39.476: D/bt_btif(868): btif_av_clear_remote_suspend_flag: flag :0
01-16 16:09:39.476: D/bt_btif(868): btif_get_num_aa_f: rc_handle: 0 effective, code: 0x0d, pdu: AVRC_PDU_RE
01-16 16:09:39.477: I/bt_avp(868): avrc_bld_init_rsp_buffer: pdu=31, opcode=0/0
01-16 16:09:39.477: I/bt_avp(868): AVRC_BldResponse pdu=31 status=4
01-16 16:09:39.512: D/bt_l2cap(868): RR scan pri=0, lcid=0x0044, q_cout=1
01-16 16:09:39.513: D/bt_l2cap(868): RR service pri=0, quota=14, lcid=0x0044
01-16 16:09:39.513: I/btsnoop_sprd(868): 22:09:39:513456 ACL
01-16 16:09:39.513: I/btsnoop_sprd(868): diff: 275
01-16 16:09:39.514: D/bt_hci_h4(868): 22:09:39:514158 ret=24
01-16 16:09:39.514: D/bt_l2cap(868): TotalWin=7,Hndl=0x32,Quota=8,Unack=1,RRQuota=0,RRUnack=0
01-16 16:09:39.515: D/bt_l2cap(868): RR scan pri=0, lcid=0x0043, q_cout=0
01-16 16:09:39.515: D/bt_l2cap(868): RR scan pri=0, lcid=0x0044, q_cout=0
01-16 16:09:39.515: D/bt_l2cap(868): RR scan pri=1, lcid=0x0046, q_cout=0
01-16 16:09:39.516: D/bt_l2cap(868): RR scan pri=2, lcid=0x0041, q_cout=0
01-16 16:09:39.516: D/bt_btif(868): [media task tx timer] ts 384611500, diff : 00019989, queue sz 0
01-16 16:09:39.516: D/bt_btif(868): btif_get_num_aa_frame_iteration pcm_bytes_per_frame 512
01-16 16:09:39.516: D/bt_btif(868): btif_get_num_aa_frame_iteration frames for available PCM data 7
01-16 16:09:39.516: D/bt_btif(868): btif_get_num_aa_frame_iteration reducing frames for available PCM data
01-16 16:09:39.517: D/bt_btif(868): btif_get_num_aa_frame_iteration effective num of frames 7, iterations 1
01-16 16:09:39.517: I/bt_btif(868): BTA got event 0x1231
01-16 16:09:39.517: I/btsnoop_sprd(868): 22:09:39:517759 EVE
01-16 16:09:39.517: I/bt_l2cap(868): L2CA_FlushChannel (QUERY)  CID: 0x0046
01-16 16:09:39.519: D/bt_l2cap(868): L2CA_FlushChannel()  flushed: 0 + 0,  num_left: 0
01-16 16:09:39.519: D/bt_btif(868): bta_av_co_audio_src_data_path
01-16 16:09:39.519: I/bt_l2cap(868): L2CA_DataWrite()  CID: 0x0046  Len: 846
01-16 16:09:39.557: I/bt_l2cap(868): L2CA_FlushChannel (QUERY)  CID: 0x0046
01-16 16:09:39.560: D/bt_l2cap(868): L2CA_FlushChannel()  flushed: 0 + 0,  num_left: 0
01-16 16:09:39.560: D/bt_btif(868): bta_av_co_audio_src_data_path
01-16 16:09:39.560: I/bt_l2cap(868): L2CA_DataWrite()  CID: 0x0046  Len: 846
01-16 16:09:39.561: I/bt_l2cap(868): L2CAP - st: OPEN evt: 30
01-16 16:09:39.561: D/bt_l2cap(868): RR scan pri=1, lcid=0x0046, q_cout=1
01-16 16:09:39.561: D/bt_l2cap(868): RR service pri=1, quota=9, lcid=0x0046
01-16 16:09:39.561: D/bt_l2cap(868): TotalWin=7,Hndl=0x32,Quota=8,Unack=1,RRQuota=0,RRUnack=0
01-16 16:09:39.561: I/btsnoop_sprd(868): 22:09:39:561704 ACL
01-16 16:09:39.561: D/bt_l2cap(868): RR scan pri=1, lcid=0x0046, q_cout=0
01-16 16:09:39.562: I/btsnoop_sprd(868): diff: 275
01-16 16:09:39.562: D/bt_l2cap(868): RR scan pri=2, lcid=0x0041, q_cout=0
01-16 16:09:39.562: D/bt_hci_h4(868): 22:09:39:562193 ret=855
01-16 16:09:39.562: D/bt_l2cap(868): RR scan pri=0, lcid=0x0043, q_cout=0
01-16 16:09:39.562: D/bt_l2cap(868): RR scan pri=0, lcid=0x0044, q_cout=0
01-16 16:09:39.562: I/bt_btif(868): BTA got event 0x1222
01-16 16:09:39.563: I/bt_l2cap(868): L2CA_FlushChannel (QUERY)  CID: 0x0046
01-16 16:09:39.563: D/bt_l2cap(868): L2CA_FlushChannel()  flushed: 0 + 0,  num_left: 0
01-16 16:09:39.563: D/bt_btif(868): bta_av_co_audio_src_data_path
01-16 16:09:39.568: I/btsnoop_sprd(868): 22:09:39:567899 EVE
01-16 16:09:39.568: I/btsnoop_sprd(868): diff: 458
01-16 16:09:39.568: D/bt_l2cap(868): RR scan pri=1, lcid=0x0046, q_cout=0
01-16 16:09:39.568: D/bt_l2cap(868): RR scan pri=2, lcid=0x0041, q_cout=0
01-16 16:09:39.576: I/NuPlayerRenderer(251): copy size bigger than copyMax
01-16 16:09:39.576: D/bt_btif(868): [media task tx timer] ts 384672078, diff : 00020569, queue sz 0
01-16 16:09:39.577: I/NuPlayerRenderer(251): copy size bigger than copyMax
01-16 16:09:39.577: D/bt_btif(868): btif_get_num_aa_frame_iteration pcm_bytes_per_frame 512
01-16 16:09:39.577: D/bt_btif(868): btif_get_num_aa_frame_iteration frames for available PCM data 7
01-16 16:09:39.577: D/bt_btif(868): btif_get_num_aa_frame_iteration reducing frames for available PCM data
01-16 16:09:39.577: D/bt_btif(868): btif_get_num_aa_frame_iteration effective num of frames 7, iterations 1
01-16 16:09:39.579: I/bt_btif(868): BTA got event 0x1231
01-16 16:09:39.580: I/bt_l2cap(868): L2CA_FlushChannel (QUERY)  CID: 0x0046
01-16 16:09:39.580: D/bt_l2cap(868): L2CA_FlushChannel()  flushed: 0 + 0,  num_left: 0
01-16 16:09:39.580: D/bt_btif(868): bta_av_co_audio_src_data_path
01-16 16:09:39.580: I/bt_l2cap(868): L2CA_DataWrite()  CID: 0x0046  Len: 846
01-16 16:09:39.596: D/bt_btif(868): [media task tx timer] ts 384691548, diff : 00019470, queue sz 0
01-16 16:09:39.616: D/bt_btif(868): [media task tx timer] ts 384711507, diff : 00019959, queue sz 0
01-16 16:09:39.616: D/bt_btif(868): btif_get_num_aa_frame_iteration pcm_bytes_per_frame 512
01-16 16:09:39.616: D/bt_btif(868): btif_get_num_aa_frame_iteration frames for available PCM data 7
01-16 16:09:39.617: D/bt_btif(868): btif_get_num_aa_frame_iteration reducing frames for available PCM data
01-16 16:09:39.617: D/bt_btif(868): btif_get_num_aa_frame_iteration effective num of frames 7, iterations 1
01-16 16:09:39.617: I/bt_btif(868): BTA got event 0x1231
01-16 16:09:39.618: I/bt_l2cap(868): L2CA_FlushChannel (QUERY)  CID: 0x0046
01-16 16:09:39.618: D/bt_l2cap(868): L2CA_FlushChannel()  flushed: 0 + 0,  num_left: 0
01-16 16:09:39.618: D/bt_btif(868): bta_av_co_audio_src_data_path
01-16 16:09:39.618: I/bt_l2cap(868): L2CA_DataWrite()  CID: 0x0046  Len: 846
01-16 16:09:39.618: I/bt_l2cap(868): L2CAP - st: OPEN evt: 30
01-16 16:09:39.619: D/bt_l2cap(868): RR scan pri=1, lcid=0x0046, q_cout=1
01-16 16:09:39.619: D/bt_l2cap(868): RR service pri=1, quota=9, lcid=0x0046
01-16 16:09:39.619: D/bt_l2cap(868): TotalWin=7,Hndl=0x32,Quota=8,Unack=1,RRQuota=0,RRUnack=0
01-16 16:09:39.619: I/btsnoop_sprd(868): 22:09:39:619749 ACL
01-16 16:09:39.619: D/bt_l2cap(868): RR scan pri=1, lcid=0x0046, q_cout=0
01-16 16:09:39.620: I/btsnoop_sprd(868): diff: 305
01-16 16:09:39.620: D/bt_l2cap(868): RR scan pri=2, lcid=0x0041, q_cout=0
01-16 16:09:39.620: D/bt_l2cap(868): RR scan pri=0, lcid=0x0043, q_cout=0
01-16 16:09:39.620: D/bt_hci_h4(868): 22:09:39:620329 ret=855
01-16 16:09:39.620: D/bt_l2cap(868): RR scan pri=0, lcid=0x0044, q_cout=0
01-16 16:09:39.620: I/bt_btif(868): BTA got event 0x1222
01-16 16:09:39.621: I/bt_l2cap(868): L2CA_FlushChannel (QUERY)  CID: 0x0046
01-16 16:09:39.621: D/bt_l2cap(868): L2CA_FlushChannel()  flushed: 0 + 0,  num_left: 0
01-16 16:09:39.621: D/bt_btif(868): bta_av_co_audio_src_data_path
01-16 16:09:39.625: I/btsnoop_sprd(868): 22:09:39:625364 EVE
01-16 16:09:39.625: I/btsnoop_sprd(868): diff: 366
01-16 16:09:39.626: D/bt_l2cap(868): RR scan pri=1, lcid=0x0046, q_cout=0
01-16 16:09:39.626: D/bt_l2cap(868): RR scan pri=2, lcid=0x0041, q_cout=0
01-16 16:09:39.626: D/bt_l2cap(868): RR scan pri=0, lcid=0x0043, q_cout=0
01-16 16:09:39.626: D/bt_l2cap(868): RR scan pri=0, lcid=0x0044, q_cout=0
01-16 16:09:39.626: D/bt_l2cap(868): TotalWin=8,LinkUnack(0x32)=0,RRCheck=0,RRUnack=0
01-16 16:09:39.636: D/bt_btif(868): [media task tx timer] ts 384731526, diff : 00020019, queue sz 0
01-16 16:09:39.636: D/bt_btif(868): btif_get_num_aa_frame_iteration pcm_bytes_per_frame 512
01-16 16:09:39.636: D/bt_btif(868): btif_get_num_aa_frame_iteration frames for available PCM data 7
01-16 16:09:39.636: D/bt_btif(868): btif_get_num_aa_frame_iteration reducing frames for available PCM data
01-16 16:09:39.637: D/bt_btif(868): btif_get_num_aa_frame_iteration effective num of frames 7, iterations 1
01-16 16:09:39.637: I/bt_btif(868): BTA got event 0x1231
01-16 16:09:39.638: I/bt_l2cap(868): L2CA_FlushChannel (QUERY)  CID: 0x0046
01-16 16:09:39.638: D/bt_l2cap(868): L2CA_FlushChannel()  flushed: 0 + 0,  num_left: 0
01-16 16:09:39.638: D/bt_btif(868): bta_av_co_audio_src_data_path
01-16 16:09:39.638: I/bt_l2cap(868): L2CA_DataWrite()  CID: 0x0046  Len: 846
01-16 16:09:39.639: I/bt_l2cap(868): L2CAP - st: OPEN evt: 30
01-16 16:09:39.639: D/bt_l2cap(868): RR scan pri=1, lcid=0x0046, q_cout=1
01-16 16:09:39.639: D/bt_l2cap(868): RR service pri=1, quota=9, lcid=0x0046
01-16 16:09:39.639: D/bt_l2cap(868): TotalWin=7,Hndl=0x32,Quota=8,Unack=1,RRQuota=0,RRUnack=0
01-16 16:09:39.656: D/bt_btif(868): [media task tx timer] ts 384751485, diff : 00019959, queue sz 0
01-16 16:09:39.676: D/bt_btif(868): [media task tx timer] ts 384771535, diff : 00020050, queue sz 0
01-16 16:09:39.676: D/bt_btif(868): btif_get_num_aa_frame_iteration pcm_bytes_per_frame 512
01-16 16:09:39.676: D/bt_btif(868): btif_get_num_aa_frame_iteration frames for available PCM data 6
01-16 16:09:39.677: D/bt_btif(868): btif_get_num_aa_frame_iteration reducing frames for available PCM data
01-16 16:09:39.677: D/bt_btif(868): btif_get_num_aa_frame_iteration effective num of frames 6, iterations 1
01-16 16:09:39.677: I/bt_btif(868): BTA got event 0x1231
01-16 16:09:39.678: I/bt_l2cap(868): L2CA_FlushChannel (QUERY)  CID: 0x0046
01-16 16:09:39.678: D/bt_l2cap(868): L2CA_FlushChannel()  flushed: 0 + 0,  num_left: 0
01-16 16:09:39.678: D/bt_btif(868): bta_av_co_audio_src_data_path
01-16 16:09:39.678: I/bt_l2cap(868): L2CA_DataWrite()  CID: 0x0046  Len: 727
01-16 16:09:39.679: I/bt_l2cap(868): L2CAP - st: OPEN evt: 30
01-16 16:09:39.679: D/bt_l2cap(868): RR scan pri=1, lcid=0x0046, q_cout=1
01-16 16:09:39.679: D/bt_l2cap(868): RR service pri=1, quota=9, lcid=0x0046
01-16 16:09:39.679: D/bt_l2cap(868): TotalWin=7,Hndl=0x32,Quota=8,Unack=1,RRQuota=0,RRUnack=0
01-16 16:09:39.679: I/btsnoop_sprd(868): 22:09:39:679746 ACL
01-16 16:09:39.679: D/bt_l2cap(868): RR scan pri=1, lcid=0x0046, q_cout=0
01-16 16:09:39.685: I/btsnoop_sprd(868): 22:09:39:685636 EVE
01-16 16:09:39.700: D/bt_l2cap(868): L2CA_FlushChannel()  flushed: 0 + 0,  num_left: 0
01-16 16:09:39.700: D/bt_btif(868): bta_av_co_audio_src_data_path
01-16 16:09:39.705: I/btsnoop_sprd(868): 22:09:39:705473 EVE
01-16 16:09:39.705: I/btsnoop_sprd(868): diff: 366
01-16 16:09:39.706: D/bt_l2cap(868): RR scan pri=1, lcid=0x0046, q_cout=0
01-16 16:09:39.706: D/bt_l2cap(868): RR scan pri=2, lcid=0x0041, q_cout=0
01-16 16:09:39.706: D/bt_l2cap(868): RR scan pri=0, lcid=0x0043, q_cout=0
01-16 16:09:39.726: D/bt_l2cap(868): RR scan pri=0, lcid=0x0044, q_cout=0
01-16 16:09:39.726: D/bt_l2cap(868): TotalWin=8,LinkUnack(0x32)=0,RRCheck=0,RRUnack=0
01-16 16:09:39.736: D/bt_btif(868): [media task tx timer] ts 384831532, diff : 00020019, queue sz 0
01-16 16:09:39.736: D/bt_btif(868): btif_get_num_aa_frame_iteration pcm_bytes_per_frame 512
01-16 16:09:39.736: D/bt_btif(868): btif_get_num_aa_frame_iteration frames for available PCM data 7
01-16 16:09:39.752: I/NuPlayerRenderer(251): copy size bigger than copyMax
01-16 16:09:39.765: I/btsnoop_sprd(868): 22:09:39:765379 EVE
01-16 16:09:39.765: I/btsnoop_sprd(868): diff: 457
01-16 16:09:39.766: D/bt_l2cap(868): RR scan pri=1, lcid=0x0046, q_cout=0
01-16 16:09:39.766: D/bt_l2cap(868): RR scan pri=2, lcid=0x0041, q_cout=0
01-16 16:09:39.766: D/bt_l2cap(868): RR scan pri=0, lcid=0x0043, q_cout=0
01-16 16:09:39.766: D/bt_l2cap(868): RR scan pri=0, lcid=0x0044, q_cout=0
01-16 16:09:39.766: D/bt_l2cap(868): TotalWin=8,LinkUnack(0x32)=0,RRCheck=0,RRUnack=0
01-16 16:09:39.776: D/bt_btif(868): [media task tx timer] ts 384871541, diff : 00020020, queue sz 0
01-16 16:09:39.776: D/bt_btif(868): btif_get_num_aa_frame_iteration pcm_bytes_per_frame 512
01-16 16:09:39.776: D/bt_btif(868): btif_get_num_aa_frame_iteration frames for available PCM data 7
01-16 16:09:39.777: D/bt_btif(868): btif_get_num_aa_frame_iteration reducing frames for available PCM data
01-16 16:09:39.777: D/bt_btif(868): btif_get_num_aa_frame_iteration effective num of frames 7, iterations 1
01-16 16:09:39.777: I/bt_btif(868): BTA got event 0x1231
01-16 16:09:39.778: I/bt_l2cap(868): L2CA_FlushChannel (QUERY)  CID: 0x0046
01-16 16:09:39.778: D/bt_l2cap(868): L2CA_FlushChannel()  flushed: 0 + 0,  num_left: 0
01-16 16:09:39.778: D/bt_btif(868): bta_av_co_audio_src_data_path
01-16 16:09:39.778: I/bt_l2cap(868): L2CA_DataWrite()  CID: 0x0046  Len: 846
01-16 16:09:39.779: I/bt_l2cap(868): L2CAP - st: OPEN evt: 30
01-16 16:09:39.779: D/bt_l2cap(868): RR scan pri=1, lcid=0x0046, q_cout=1
01-16 16:09:39.779: D/bt_l2cap(868): RR service pri=1, quota=9, lcid=0x0046
01-16 16:09:39.779: D/bt_l2cap(868): TotalWin=7,Hndl=0x32,Quota=8,Unack=1,RRQuota=0,RRUnack=0
01-16 16:09:39.779: I/btsnoop_sprd(868): 22:09:39:779691 ACL
01-16 16:09:39.779: D/bt_l2cap(868): RR scan pri=1, lcid=0x0046, q_cout=0
01-16 16:09:39.779: I/btsnoop_sprd(868): diff: 275
01-16 16:09:39.780: D/bt_l2cap(868): RR scan pri=2, lcid=0x0041, q_cout=0
01-16 16:09:39.780: D/bt_hci_h4(868): 22:09:39:780149 ret=855
01-16 16:09:39.780: D/bt_l2cap(868): RR scan pri=0, lcid=0x0043, q_cout=0
01-16 16:09:39.780: D/bt_l2cap(868): RR scan pri=0, lcid=0x0044, q_cout=0
01-16 16:09:39.806: D/bt_l2cap(868): RR scan pri=0, lcid=0x0043, q_cout=0
01-16 16:09:39.806: D/bt_l2cap(868): RR scan pri=0, lcid=0x0044, q_cout=0
01-16 16:09:39.819: D/bt_l2cap(868): RR service pri=1, quota=9, lcid=0x0046
01-16 16:09:39.819: I/btsnoop_sprd(868): 22:09:39:819730 ACL
01-16 16:09:39.820: I/btsnoop_sprd(868): diff: 306
01-16 16:09:39.820: D/bt_hci_h4(868): 22:09:39:820280 ret=855
01-16 16:09:39.820: D/bt_l2cap(868): TotalWin=7,Hndl=0x32,Quota=8,Unack=1,RRQuota=0,RRUnack=0
01-16 16:09:39.836: D/bt_btif(868): [media task tx timer] ts 384931508, diff : 00019989, queue sz 0
01-16 16:09:39.856: D/bt_btif(868): [media task tx timer] ts 384951588, diff : 00020080, queue sz 0
01-16 16:09:39.865: I/btsnoop_sprd(868): 22:09:39:865385 EVE
01-16 16:09:39.865: I/btsnoop_sprd(868): diff: 427
01-16 16:09:39.925: I/btsnoop_sprd(868): 22:09:39:925413 EVE
01-16 16:09:39.936: D/bt_btif(868): [media task tx timer] ts 385031483, diff : 00019928, queue sz 0
01-16 16:09:39.936: D/bt_btif(868): btif_get_num_aa_frame_iteration pcm_bytes_per_frame 512
01-16 16:09:39.936: D/bt_btif(868): btif_get_num_aa_frame_iteration frames for available PCM data 7
01-16 16:09:39.937: D/bt_btif(868): btif_get_num_aa_frame_iteration reducing frames for available PCM data
01-16 16:09:39.937: D/bt_btif(868): btif_get_num_aa_frame_iteration effective num of frames 7, iterations 1
01-16 16:09:39.937: I/bt_btif(868): BTA got event 0x1231
01-16 16:09:39.938: I/NuPlayerRenderer(251): copy size bigger than copyMax
01-16 16:09:39.938: I/bt_l2cap(868): L2CA_FlushChannel (QUERY)  CID: 0x0046
01-16 16:09:39.938: D/bt_l2cap(868): L2CA_FlushChannel()  flushed: 0 + 0,  num_left: 0
01-16 16:09:39.938: D/bt_btif(868): bta_av_co_audio_src_data_path
01-16 16:09:39.938: I/bt_l2cap(868): L2CA_DataWrite()  CID: 0x0046  Len: 846
01-16 16:09:39.939: I/bt_l2cap(868): L2CAP - st: OPEN evt: 30
01-16 16:09:39.939: D/bt_l2cap(868): RR scan pri=1, lcid=0x0046, q_cout=1
01-16 16:09:39.939: D/bt_l2cap(868): RR service pri=1, quota=9, lcid=0x0046
01-16 16:09:39.939: D/bt_l2cap(868): TotalWin=7,Hndl=0x32,Quota=8,Unack=1,RRQuota=0,RRUnack=0
01-16 16:09:39.939: I/btsnoop_sprd(868): 22:09:39:939909 ACL
01-16 16:09:39.940: D/bt_l2cap(868): RR scan pri=1, lcid=0x0046, q_cout=0
01-16 16:09:39.940: I/btsnoop_sprd(868): diff: 244
01-16 16:09:39.940: D/bt_l2cap(868): RR scan pri=2, lcid=0x0041, q_cout=0
01-16 16:09:39.945: I/btsnoop_sprd(868): 22:09:39:945432 EVE
01-16 16:09:39.945: I/btsnoop_sprd(868): diff: 397
01-16 16:09:39.946: D/bt_l2cap(868): RR scan pri=1, lcid=0x0046, q_cout=0
01-16 16:09:39.946: D/bt_l2cap(868): RR scan pri=2, lcid=0x0041, q_cout=0
01-16 16:09:39.946: D/bt_l2cap(868): RR scan pri=0, lcid=0x0043, q_cout=0
01-16 16:09:39.946: D/bt_l2cap(868): RR scan pri=0, lcid=0x0044, q_cout=0
01-16 16:09:39.946: D/bt_l2cap(868): TotalWin=8,LinkUnack(0x32)=0,RRCheck=0,RRUnack=0
01-16 16:09:39.956: D/bt_btif(868): [media task tx timer] ts 385051594, diff : 00020111, queue sz 0
01-16 16:09:39.956: D/bt_btif(868): btif_get_num_aa_frame_iteration pcm_bytes_per_frame 512
01-16 16:09:39.956: D/bt_btif(868): btif_get_num_aa_frame_iteration frames for available PCM data 7
01-16 16:09:39.956: D/bt_btif(868): btif_get_num_aa_frame_iteration reducing frames for available PCM data
01-16 16:09:39.957: D/bt_btif(868): btif_get_num_aa_frame_iteration effective num of frames 7, iterations 1
01-16 16:09:39.957: I/bt_btif(868): BTA got event 0x1231
01-16 16:09:39.958: I/bt_l2cap(868): L2CA_FlushChannel (QUERY)  CID: 0x0046
01-16 16:09:39.958: D/bt_l2cap(868): L2CA_FlushChannel()  flushed: 0 + 0,  num_left: 0
01-16 16:09:39.958: D/bt_btif(868): bta_av_co_audio_src_data_path
01-16 16:09:39.958: I/bt_l2cap(868): L2CA_DataWrite()  CID: 0x0046  Len: 846
01-16 16:09:39.959: I/bt_l2cap(868): L2CAP - st: OPEN evt: 30
01-16 16:09:39.959: D/bt_l2cap(868): RR scan pri=1, lcid=0x0046, q_cout=1
01-16 16:09:39.959: D/bt_l2cap(868): RR service pri=1, quota=9, lcid=0x0046
01-16 16:09:39.976: D/bt_btif(868): [media task tx timer] ts 385071553, diff : 00019959, queue sz 0
01-16 16:09:39.976: D/bt_btif(868): btif_get_num_aa_frame_iteration pcm_bytes_per_frame 512
01-16 16:09:39.976: D/bt_btif(868): btif_get_num_aa_frame_iteration frames for available PCM data 7
01-16 16:09:39.996: D/bt_btif(868): [media task tx timer] ts 385091542, diff : 00019989, queue sz 0
01-16 16:09:39.996: D/bt_btif(868): btif_get_num_aa_frame_iteration pcm_bytes_per_frame 512
01-16 16:09:40.007: D/bt_avp(868): pkt_type 0
01-16 16:09:40.007: D/bt_btif(868): bta_av_rc_msg_cback handle: 0 opcode=0x0
01-16 16:09:40.007: I/bt_btif(868): BTA got event 0x1207
01-16 16:09:40.008: I/bt_btif(868): AV event=0x1207(AVRC_MSG) state=1(OPEN)
01-16 16:09:40.008: I/bt_btif(868): next state=1
01-16 16:09:40.008: D/bt_btif(868): btif_av_state_started_handler event:BTA_AV_META_MSG_EVT flags 0
01-16 16:09:40.008: D/bt_btif(868): btif_rc_handler event:BTA_AV_META_MSG_EVT
01-16 16:09:40.009: D/bt_btif(868): btif_rc_handler BTA_AV_META_MSG_EVT  code:3 label:10
01-16 16:09:40.009: D/bt_btif(868): btif_rc_handler company_id:0x1958 len:9 handle:0
01-16 16:09:40.009: I/bt_btif(868): + handle_rc_metamsg_cmd
01-16 16:09:40.010: D/bt_avp(868): avrc_pars_vendor_cmd pdu:0x31
01-16 16:09:40.010: D/bt_avp(868): AVRC_ParsCommand return status:0x4
01-16 16:09:40.010: D/bt_btif(868): handle_rc_metamsg_cmd Received vendor command.code,PDU and label: 3, 49,10
01-16 16:09:40.010: I/bt_btif(868): handle_rc_metamsg_cmd:New register notification received.event_id:AVRC_EVT_PLAY_STATUS_CHANGE,label:0xa,code:3
01-16 16:09:40.010: I/bt_btif(868): handle_rc_metamsg_cmd: Passing received metamsg command to app. pdu: AVRC_PDU_REGISTER_NOTIFICATION
01-16 16:09:40.011: I/bt_btif(868): btif_rc_upstreams_evt pdu: AVRC_PDU_REGISTER_NOTIFICATION handle: 0x0 ctype:3 label:a
01-16 16:09:40.011: I/bt_btif(868): HAL bt_rc_callbacks->register_notification_cb
01-16 16:09:40.011: V/Avrcp(868): MESSAGE_REGISTER_NOTIFICATION:event=1 param=0
01-16 16:09:40.011: I/BluetoothAvrcpServiceJni(868): registerNotificationRspPlayStatusNative: sBluetoothAvrcpInterface: 0x97c719ac
01-16 16:09:40.012: D/bt_btif(868): ## register_notification_rsp ##
01-16 16:09:40.012: I/bt_btif(868): ## register_notification_rsp ## event_id:AVRC_EVT_PLAY_STATUS_CHANGE
01-16 16:09:40.012: D/bt_btif(868): btif_av_clear_remote_suspend_flag: flag :0
01-16 16:09:40.012: I/bt_btif(868): +send_metamsg_rsp: rc_handle: 0, label: 10, code: 0x03, pdu: AVRC_PDU_REGISTER_NOTIFICATION
01-16 16:09:40.012: I/bt_avp(868): avrc_bld_init_rsp_buffer: pdu=31, opcode=0/0
01-16 16:09:40.036: D/bt_btif(868): [media task tx timer] ts 385131489, diff : 00020019, queue sz 0
01-16 16:09:40.036: D/bt_btif(868): btif_get_num_aa_frame_iteration pcm_bytes_per_frame 512
01-16 16:09:40.036: D/bt_btif(868): btif_get_num_aa_frame_iteration frames for available PCM data 7
01-16 16:09:40.036: D/bt_btif(868): btif_get_num_aa_frame_iteration reducing frames for available PCM data
01-16 16:09:40.037: D/bt_btif(868): btif_get_num_aa_frame_iteration effective num of frames 7, iterations 1
01-16 16:09:40.037: I/bt_btif(868): BTA got event 0x1231
01-16 16:09:40.038: I/bt_l2cap(868): L2CA_FlushChannel (QUERY)  CID: 0x0046
01-16 16:09:40.038: D/bt_l2cap(868): L2CA_FlushChannel()  flushed: 0 + 0,  num_left: 0
01-16 16:09:40.038: D/bt_btif(868): bta_av_co_audio_src_data_path
01-16 16:09:40.038: I/bt_l2cap(868): L2CA_DataWrite()  CID: 0x0046  Len: 846
01-16 16:09:40.039: I/bt_l2cap(868): L2CAP - st: OPEN evt: 30
01-16 16:09:40.039: D/bt_l2cap(868): RR scan pri=1, lcid=0x0046, q_cout=1
01-16 16:09:40.039: D/bt_l2cap(868): RR service pri=1, quota=9, lcid=0x0046
01-16 16:09:40.039: D/bt_l2cap(868): TotalWin=7,Hndl=0x32,Quota=8,Unack=1,RRQuota=0,RRUnack=0
01-16 16:09:40.039: I/btsnoop_sprd(868): 22:09:40:039823 ACL
01-16 16:09:40.040: D/bt_l2cap(868): RR scan pri=1, lcid=0x0046, q_cout=0
01-16 16:09:40.040: I/btsnoop_sprd(868): diff: 275
01-16 16:09:40.040: D/bt_l2cap(868): RR scan pri=2, lcid=0x0041, q_cout=0
01-16 16:09:40.040: D/bt_l2cap(868): RR scan pri=0, lcid=0x0043, q_cout=0
01-16 16:09:40.040: D/bt_hci_h4(868): 22:09:40:040342 ret=855
01-16 16:09:40.040: D/bt_l2cap(868): RR scan pri=0, lcid=0x0044, q_cout=0
01-16 16:09:40.040: I/bt_btif(868): BTA got event 0x1222
01-16 16:09:40.041: I/bt_l2cap(868): L2CA_FlushChannel (QUERY)  CID: 0x0046
01-16 16:09:40.041: D/bt_l2cap(868): L2CA_FlushChannel()  flushed: 0 + 0,  num_left: 0
01-16 16:09:40.041: D/bt_btif(868): bta_av_co_audio_src_data_path
01-16 16:09:40.046: I/btsnoop_sprd(868): 22:09:40:045927 EVE
01-16 16:09:40.046: I/btsnoop_sprd(868): diff: 519
01-16 16:09:40.046: D/bt_l2cap(868): RR scan pri=1, lcid=0x0046, q_cout=0
01-16 16:09:40.047: D/bt_l2cap(868): RR scan pri=2, lcid=0x0041, q_cout=0
01-16 16:09:40.047: D/bt_l2cap(868): RR scan pri=0, lcid=0x0043, q_cout=0
01-16 16:09:40.047: D/bt_l2cap(868): RR scan pri=0, lcid=0x0044, q_cout=0
01-16 16:09:40.096: D/bt_btif(868): [media task tx timer] ts 385191518, diff : 00019989, queue sz 0
01-16 16:09:40.112: I/NuPlayerRenderer(251): copy size bigger than copyMax
01-16 16:09:40.136: D/bt_btif(868): [media task tx timer] ts 385231618, diff : 00020081, queue sz 0
01-16 16:09:40.176: D/bt_btif(868): [media task tx timer] ts 385271565, diff : 00020019, queue sz 0
01-16 16:09:40.176: D/bt_btif(868): btif_get_num_aa_frame_iteration pcm_bytes_per_frame 512
01-16 16:09:40.196: D/bt_btif(868): [media task tx timer] ts 385291493, diff : 00019928, queue sz 0
01-16 16:09:40.196: D/bt_btif(868): btif_get_num_aa_frame_iteration pcm_bytes_per_frame 512
01-16 16:09:40.206: I/btsnoop_sprd(868): 22:09:40:206632 EVE
01-16 16:09:40.207: I/btsnoop_sprd(868): diff: 397
01-16 16:09:40.207: D/bt_l2cap(868): RR scan pri=1, lcid=0x0046, q_cout=0
01-16 16:09:40.236: D/bt_btif(868): [media task tx timer] ts 385331502, diff : 00019959, queue sz 0
01-16 16:09:40.297: I/NuPlayerRenderer(251): copy size bigger than copyMax
01-16 16:09:40.297: I/NuPlayerRenderer(251): copy size bigger than copyMax
01-16 16:09:40.300: I/btsnoop_sprd(868): diff: 306
01-16 16:09:40.300: D/bt_l2cap(868): RR scan pri=2, lcid=0x0041, q_cout=0
01-16 16:09:40.306: I/btsnoop_sprd(868): 22:09:40:306608 EVE
01-16 16:09:40.307: I/btsnoop_sprd(868): diff: 427
01-16 16:09:40.317: I/bt_btif(868): BTA got event 0x1231
01-16 16:09:40.320: I/bt_l2cap(868): L2CAP - st: OPEN evt: 30
01-16 16:09:40.320: D/bt_l2cap(868): RR scan pri=1, lcid=0x0046, q_cout=1
01-16 16:09:40.336: D/bt_btif(868): btif_get_num_aa_frame_iteration frames for available PCM data 7
01-16 16:09:40.337: D/bt_btif(868): btif_get_num_aa_frame_iteration reducing frames for available PCM data
01-16 16:09:40.337: D/bt_btif(868): btif_get_num_aa_frame_iteration effective num of frames 7, iterations 1
01-16 16:09:40.337: I/bt_btif(868): BTA got event 0x1231
01-16 16:09:40.359: D/bt_l2cap(868): RR scan pri=1, lcid=0x0046, q_cout=1
01-16 16:09:40.359: D/bt_l2cap(868): RR service pri=1, quota=9, lcid=0x0046
01-16 16:09:40.359: D/bt_l2cap(868): TotalWin=7,Hndl=0x32,Quota=8,Unack=1,RRQuota=0,RRUnack=0
01-16 16:09:40.359: I/btsnoop_sprd(868): 22:09:40:359678 ACL
01-16 16:09:40.359: D/bt_l2cap(868): RR scan pri=1, lcid=0x0046, q_cout=0
01-16 16:09:40.359: I/btsnoop_sprd(868): diff: 275
01-16 16:09:40.360: D/bt_l2cap(868): RR scan pri=2, lcid=0x0041, q_cout=0
01-16 16:09:40.360: I/bt_btif(868): BTA got event 0x1222
01-16 16:09:40.360: I/bt_l2cap(868): L2CA_FlushChannel (QUERY)  CID: 0x0046
01-16 16:09:40.416: D/bt_btif(868): [media task tx timer] ts 385511494, diff : 00019928, queue sz 0
01-16 16:09:40.416: D/bt_btif(868): btif_get_num_aa_frame_iteration pcm_bytes_per_frame 512
01-16 16:09:40.425: I/btsnoop_sprd(868): 22:09:40:425413 EVE
01-16 16:09:40.425: I/btsnoop_sprd(868): diff: 397
01-16 16:09:40.426: D/bt_l2cap(868): RR scan pri=1, lcid=0x0046, q_cout=0
01-16 16:09:40.426: D/bt_l2cap(868): RR scan pri=2, lcid=0x0041, q_cout=0
01-16 16:09:40.426: D/bt_l2cap(868): RR scan pri=0, lcid=0x0043, q_cout=0
01-16 16:09:40.426: D/bt_l2cap(868): RR scan pri=0, lcid=0x0044, q_cout=0
01-16 16:09:40.426: D/bt_l2cap(868): TotalWin=8,LinkUnack(0x32)=0,RRCheck=0,RRUnack=0
01-16 16:09:40.436: D/bt_btif(868): [media task tx timer] ts 385531544, diff : 00020050, queue sz 0
01-16 16:09:40.436: D/bt_btif(868): btif_get_num_aa_frame_iteration pcm_bytes_per_frame 512
01-16 16:09:40.436: D/bt_btif(868): btif_get_num_aa_frame_iteration frames for available PCM data 7
01-16 16:09:40.437: D/bt_btif(868): btif_get_num_aa_frame_iteration reducing frames for available PCM data
01-16 16:09:40.437: D/bt_btif(868): btif_get_num_aa_frame_iteration effective num of frames 7, iterations 1
01-16 16:09:40.437: I/bt_btif(868): BTA got event 0x1231
01-16 16:09:40.438: I/bt_l2cap(868): L2CA_FlushChannel (QUERY)  CID: 0x0046
01-16 16:09:40.438: D/bt_l2cap(868): L2CA_FlushChannel()  flushed: 0 + 0,  num_left: 0
01-16 16:09:40.438: D/bt_btif(868): bta_av_co_audio_src_data_path
01-16 16:09:40.439: I/bt_l2cap(868): L2CA_DataWrite()  CID: 0x0046  Len: 846
01-16 16:09:40.439: I/bt_l2cap(868): L2CAP - st: OPEN evt: 30
01-16 16:09:40.439: D/bt_l2cap(868): RR scan pri=1, lcid=0x0046, q_cout=1
01-16 16:09:40.439: D/bt_l2cap(868): RR service pri=1, quota=9, lcid=0x0046
01-16 16:09:40.439: D/bt_l2cap(868): TotalWin=7,Hndl=0x32,Quota=8,Unack=1,RRQuota=0,RRUnack=0
01-16 16:09:40.439: I/btsnoop_sprd(868): 22:09:40:439848 ACL
01-16 16:09:40.439: D/bt_l2cap(868): RR scan pri=1, lcid=0x0046, q_cout=0
01-16 16:09:40.440: I/btsnoop_sprd(868): diff: 244
01-16 16:09:40.440: D/bt_l2cap(868): RR scan pri=2, lcid=0x0041, q_cout=0
01-16 16:09:40.440: D/bt_l2cap(868): RR scan pri=0, lcid=0x0043, q_cout=0
01-16 16:09:40.440: D/bt_hci_h4(868): 22:09:40:440336 ret=855
01-16 16:09:40.440: D/bt_l2cap(868): RR scan pri=0, lcid=0x0044, q_cout=0
01-16 16:09:40.440: I/bt_btif(868): BTA got event 0x1222
01-16 16:09:40.440: I/bt_l2cap(868): L2CA_FlushChannel (QUERY)  CID: 0x0046
01-16 16:09:40.441: D/bt_l2cap(868): L2CA_FlushChannel()  flushed: 0 + 0,  num_left: 0
01-16 16:09:40.441: D/bt_btif(868): bta_av_co_audio_src_data_path
01-16 16:09:40.445: I/btsnoop_sprd(868): 22:09:40:445402 EVE
01-16 16:09:40.456: D/bt_btif(868): [media task tx timer] ts 385551533, diff : 00019989, queue sz 0
01-16 16:09:40.465: I/btsnoop_sprd(868): 22:09:40:465421 EVE
01-16 16:09:40.465: I/btsnoop_sprd(868): diff: 428
01-16 16:09:40.472: I/NuPlayerRenderer(251): copy size bigger than copyMax
01-16 16:09:40.476: D/bt_btif(868): [media task tx timer] ts 385571553, diff : 00020020, queue sz 0
01-16 16:09:40.476: D/bt_btif(868): btif_get_num_aa_frame_iteration pcm_bytes_per_frame 512
01-16 16:09:40.476: D/bt_btif(868): btif_get_num_aa_frame_iteration frames for available PCM data 7
01-16 16:09:40.477: D/bt_btif(868): btif_get_num_aa_frame_iteration reducing frames for available PCM data
01-16 16:09:40.477: D/bt_btif(868): btif_get_num_aa_frame_iteration effective num of frames 7, iterations 1
01-16 16:09:40.477: I/bt_btif(868): BTA got event 0x1231
01-16 16:09:40.478: I/bt_l2cap(868): L2CA_FlushChannel (QUERY)  CID: 0x0046
01-16 16:09:40.478: D/bt_l2cap(868): L2CA_FlushChannel()  flushed: 0 + 0,  num_left: 0
01-16 16:09:40.478: D/bt_btif(868): bta_av_co_audio_src_data_path
01-16 16:09:40.478: I/bt_l2cap(868): L2CA_DataWrite()  CID: 0x0046  Len: 846
01-16 16:09:40.479: I/bt_l2cap(868): L2CAP - st: OPEN evt: 30
01-16 16:09:40.479: D/bt_l2cap(868): RR scan pri=1, lcid=0x0046, q_cout=1
01-16 16:09:40.479: D/bt_l2cap(868): RR service pri=1, quota=9, lcid=0x0046
01-16 16:09:40.479: D/bt_l2cap(868): TotalWin=7,Hndl=0x32,Quota=8,Unack=1,RRQuota=0,RRUnack=0
01-16 16:09:40.479: I/btsnoop_sprd(868): 22:09:40:479673 ACL
01-16 16:09:40.479: D/bt_l2cap(868): RR scan pri=1, lcid=0x0046, q_cout=0
01-16 16:09:40.479: I/btsnoop_sprd(868): diff: 275
01-16 16:09:40.480: D/bt_l2cap(868): RR scan pri=2, lcid=0x0041, q_cout=0
01-16 16:09:40.480: D/bt_hci_h4(868): 22:09:40:480192 ret=855
01-16 16:09:40.480: D/bt_l2cap(868): RR scan pri=0, lcid=0x0043, q_cout=0
01-16 16:09:40.480: D/bt_l2cap(868): RR scan pri=0, lcid=0x0044, q_cout=0
01-16 16:09:40.480: I/bt_btif(868): BTA got event 0x1222
01-16 16:09:40.480: I/bt_l2cap(868): L2CA_FlushChannel (QUERY)  CID: 0x0046
01-16 16:09:40.481: D/bt_l2cap(868): L2CA_FlushChannel()  flushed: 0 + 0,  num_left: 0
01-16 16:09:40.481: D/bt_btif(868): bta_av_co_audio_src_data_path
01-16 16:09:40.481: V/Avrcp(868): MediaController playback changed: PlaybackState {state=3, position=64454, buffered position=0, speed=1.0, updated=385575, actions=567, custom actions=[], active item id=-1, error=null}
01-16 16:09:40.481: V/Avrcp(868): updatePlaybackState: old=PlaybackState {state=3, position=63949, buffered position=0, speed=1.0, updated=385070, actions=567, custom actions=[], active item id=-1, error=null}, new=PlaybackState {state=3, position=64454, buffered position=0, speed=1.0, updated=385575, actions=567, custom actions=[], active item id=-1, error=null}
01-16 16:09:40.482: I/BluetoothAvrcpServiceJni(868): registerNotificationRspPlayStatusNative: sBluetoothAvrcpInterface: 0x97c719ac
01-16 16:09:40.482: D/bt_btif(868): ## register_notification_rsp ##
01-16 16:09:40.482: I/bt_btif(868): ## register_notification_rsp ## event_id:AVRC_EVT_PLAY_STATUS_CHANGE
01-16 16:09:40.482: D/bt_btif(868): btif_av_clear_remote_suspend_flag: flag :0
01-16 16:09:40.482: I/bt_btif(868): +send_metamsg_rsp: rc_handle: 0, label: 10, code: 0x0d, pdu: AVRC_PDU_REGISTER_NOTIFICATION
01-16 16:09:40.497: D/bt_btif(868): btif_get_num_aa_frame_iteration reducing frames for available PCM data
01-16 16:09:40.497: D/bt_btif(868): btif_get_num_aa_frame_iteration effective num of frames 7, iterations 1
01-16 16:09:40.498: I/bt_btif(868): BTA got event 0x1231
01-16 16:09:40.498: I/bt_l2cap(868): L2CA_FlushChannel (QUERY)  CID: 0x0046
01-16 16:09:40.498: D/bt_l2cap(868): L2CA_FlushChannel()  flushed: 0 + 0,  num_left: 0
01-16 16:09:40.498: D/bt_btif(868): bta_av_co_audio_src_data_path
01-16 16:09:40.499: I/bt_l2cap(868): L2CA_DataWrite()  CID: 0x0046  Len: 846
01-16 16:09:40.499: I/bt_l2cap(868): L2CAP - st: OPEN evt: 30
01-16 16:09:40.526: D/bt_l2cap(868): TotalWin=8,LinkUnack(0x32)=0,RRCheck=0,RRUnack=0
01-16 16:09:40.545: I/btsnoop_sprd(868): 22:09:40:545377 EVE
01-16 16:09:40.545: I/btsnoop_sprd(868): diff: 397
01-16 16:09:40.546: D/bt_l2cap(868): RR scan pri=1, lcid=0x0046, q_cout=0
01-16 16:09:40.546: D/bt_l2cap(868): RR scan pri=2, lcid=0x0041, q_cout=0
01-16 16:09:40.546: D/bt_l2cap(868): RR scan pri=0, lcid=0x0043, q_cout=0
01-16 16:09:40.546: D/bt_l2cap(868): RR scan pri=0, lcid=0x0044, q_cout=0
01-16 16:09:40.546: D/bt_l2cap(868): TotalWin=8,LinkUnack(0x32)=0,RRCheck=0,RRUnack=0
01-16 16:09:40.556: D/bt_btif(868): [media task tx timer] ts 385651692, diff : 00020203, queue sz 0
01-16 16:09:40.556: D/bt_btif(868): btif_get_num_aa_frame_iteration pcm_bytes_per_frame 512
01-16 16:09:40.576: D/bt_btif(868): [media task tx timer] ts 385671529, diff : 00019837, queue sz 0
01-16 16:09:40.576: D/bt_btif(868): btif_get_num_aa_frame_iteration pcm_bytes_per_frame 512
01-16 16:09:40.585: I/btsnoop_sprd(868): 22:09:40:585355 EVE
01-16 16:09:40.585: I/btsnoop_sprd(868): diff: 397
01-16 16:09:40.616: D/bt_btif(868): [media task tx timer] ts 385711690, diff : 00020233, queue sz 0
01-16 16:09:40.636: D/bt_btif(868): [media task tx timer] ts 385731465, diff : 00019775, queue sz 0
01-16 16:09:40.636: D/bt_btif(868): btif_get_num_aa_frame_iteration pcm_bytes_per_frame 512
01-16 16:09:40.636: D/bt_btif(868): btif_get_num_aa_frame_iteration frames for available PCM data 7
01-16 16:09:40.637: D/bt_btif(868): btif_get_num_aa_frame_iteration reducing frames for available PCM data
01-16 16:09:40.637: D/bt_btif(868): btif_get_num_aa_frame_iteration effective num of frames 7, iterations 1
01-16 16:09:40.638: I/bt_btif(868): BTA got event 0x1231
01-16 16:09:40.638: I/bt_l2cap(868): L2CA_FlushChannel (QUERY)  CID: 0x0046
01-16 16:09:40.638: D/bt_l2cap(868): L2CA_FlushChannel()  flushed: 0 + 0,  num_left: 0
01-16 16:09:40.639: D/bt_btif(868): bta_av_co_audio_src_data_path
01-16 16:09:40.639: I/bt_l2cap(868): L2CA_DataWrite()  CID: 0x0046  Len: 846
01-16 16:09:40.639: I/bt_l2cap(868): L2CAP - st: OPEN evt: 30
01-16 16:09:40.639: D/bt_l2cap(868): RR scan pri=1, lcid=0x0046, q_cout=1
01-16 16:09:40.639: D/bt_l2cap(868): RR service pri=1, quota=9, lcid=0x0046
01-16 16:09:40.640: D/bt_l2cap(868): TotalWin=7,Hndl=0x32,Quota=8,Unack=1,RRQuota=0,RRUnack=0
01-16 16:09:40.640: I/btsnoop_sprd(868): 22:09:40:640104 ACL
01-16 16:09:40.640: D/bt_l2cap(868): RR scan pri=1, lcid=0x0046, q_cout=0
01-16 16:09:40.640: I/btsnoop_sprd(868): diff: 275
01-16 16:09:40.640: D/bt_l2cap(868): RR scan pri=2, lcid=0x0041, q_cout=0
01-16 16:09:40.640: D/bt_hci_h4(868): 22:09:40:640592 ret=855
01-16 16:09:40.640: D/bt_l2cap(868): RR scan pri=0, lcid=0x0043, q_cout=0
01-16 16:09:40.640: D/bt_l2cap(868): RR scan pri=0, lcid=0x0044, q_cout=0
01-16 16:09:40.641: I/bt_btif(868): BTA got event 0x1222
01-16 16:09:40.641: I/bt_l2cap(868): L2CA_FlushChannel (QUERY)  CID: 0x0046
01-16 16:09:40.641: D/bt_l2cap(868): L2CA_FlushChannel()  flushed: 0 + 0,  num_left: 0
01-16 16:09:40.641: D/bt_btif(868): bta_av_co_audio_src_data_path
01-16 16:09:40.645: I/btsnoop_sprd(868): 22:09:40:645414 EVE
01-16 16:09:40.645: I/btsnoop_sprd(868): diff: 366
01-16 16:09:40.646: D/bt_l2cap(868): RR scan pri=1, lcid=0x0046, q_cout=0
01-16 16:09:40.646: D/bt_l2cap(868): RR scan pri=2, lcid=0x0041, q_cout=0
01-16 16:09:40.646: D/bt_l2cap(868): RR scan pri=0, lcid=0x0043, q_cout=0
01-16 16:09:40.646: D/bt_l2cap(868): RR scan pri=0, lcid=0x0044, q_cout=0
01-16 16:09:40.646: D/bt_l2cap(868): TotalWin=8,LinkUnack(0x32)=0,RRCheck=0,RRUnack=0
01-16 16:09:40.656: D/bt_btif(868): [media task tx timer] ts 385751485, diff : 00020020, queue sz 0
01-16 16:09:40.656: D/bt_btif(868): btif_get_num_aa_frame_iteration pcm_bytes_per_frame 512
01-16 16:09:40.656: D/bt_btif(868): btif_get_num_aa_frame_iteration frames for available PCM data 7
01-16 16:09:40.665: I/btsnoop_sprd(868): 22:09:40:665434 EVE
01-16 16:09:40.665: I/btsnoop_sprd(868): diff: 427
01-16 16:09:40.666: D/bt_l2cap(868): RR scan pri=1, lcid=0x0046, q_cout=0
01-16 16:09:40.666: D/bt_l2cap(868): RR scan pri=2, lcid=0x0041, q_cout=0
01-16 16:09:40.678: I/NuPlayerRenderer(251): copy size bigger than copyMax
01-16 16:09:40.685: I/btsnoop_sprd(868): 22:09:40:685636 EVE
01-16 16:09:40.686: I/btsnoop_sprd(868): diff: 397
01-16 16:09:40.686: D/bt_l2cap(868): RR scan pri=1, lcid=0x0046, q_cout=0
01-16 16:09:40.686: D/bt_l2cap(868): RR scan pri=2, lcid=0x0041, q_cout=0
01-16 16:09:40.686: D/bt_l2cap(868): RR scan pri=0, lcid=0x0043, q_cout=0
01-16 16:09:40.686: D/bt_l2cap(868): RR scan pri=0, lcid=0x0044, q_cout=0
01-16 16:09:40.687: D/bt_l2cap(868): TotalWin=8,LinkUnack(0x32)=0,RRCheck=0,RRUnack=0
01-16 16:09:40.696: D/bt_btif(868): [media task tx timer] ts 385791524, diff : 00019989, queue sz 0
01-16 16:09:40.696: D/bt_btif(868): btif_get_num_aa_frame_iteration pcm_bytes_per_frame 512
01-16 16:09:40.696: D/bt_btif(868): btif_get_num_aa_frame_iteration frames for available PCM data 7
01-16 16:09:40.697: D/bt_btif(868): btif_get_num_aa_frame_iteration reducing frames for available PCM data
01-16 16:09:40.697: D/bt_btif(868): btif_get_num_aa_frame_iteration effective num of frames 7, iterations 1
01-16 16:09:40.698: I/bt_btif(868): BTA got event 0x1231
01-16 16:09:40.698: I/bt_l2cap(868): L2CA_FlushChannel (QUERY)  CID: 0x0046
01-16 16:09:40.698: D/bt_l2cap(868): L2CA_FlushChannel()  flushed: 0 + 0,  num_left: 0
01-16 16:09:40.698: D/bt_btif(868): bta_av_co_audio_src_data_path
01-16 16:09:40.698: I/bt_l2cap(868): L2CA_DataWrite()  CID: 0x0046  Len: 846
01-16 16:09:40.699: I/bt_l2cap(868): L2CAP - st: OPEN evt: 30
01-16 16:09:40.699: D/bt_l2cap(868): RR scan pri=1, lcid=0x0046, q_cout=1
01-16 16:09:40.699: D/bt_l2cap(868): RR service pri=1, quota=9, lcid=0x0046
01-16 16:09:40.699: D/bt_l2cap(868): TotalWin=7,Hndl=0x32,Quota=8,Unack=1,RRQuota=0,RRUnack=0
01-16 16:09:40.699: I/btsnoop_sprd(868): 22:09:40:699766 ACL
01-16 16:09:40.699: D/bt_l2cap(868): RR scan pri=1, lcid=0x0046, q_cout=0
01-16 16:09:40.700: I/btsnoop_sprd(868): diff: 275
01-16 16:09:40.700: D/bt_l2cap(868): RR scan pri=2, lcid=0x0041, q_cout=0
01-16 16:09:40.700: D/bt_l2cap(868): RR scan pri=0, lcid=0x0043, q_cout=0
01-16 16:09:40.700: D/bt_hci_h4(868): 22:09:40:700254 ret=855
01-16 16:09:40.700: D/bt_l2cap(868): RR scan pri=0, lcid=0x0044, q_cout=0
01-16 16:09:40.700: I/bt_btif(868): BTA got event 0x1222
01-16 16:09:40.700: I/bt_l2cap(868): L2CA_FlushChannel (QUERY)  CID: 0x0046
01-16 16:09:40.701: D/bt_l2cap(868): L2CA_FlushChannel()  flushed: 0 + 0,  num_left: 0
01-16 16:09:40.701: D/bt_btif(868): bta_av_co_audio_src_data_path
01-16 16:09:40.705: I/btsnoop_sprd(868): 22:09:40:705534 EVE
01-16 16:09:40.705: I/btsnoop_sprd(868): diff: 335
01-16 16:09:40.706: D/bt_l2cap(868): RR scan pri=1, lcid=0x0046, q_cout=0
01-16 16:09:40.706: D/bt_l2cap(868): RR scan pri=2, lcid=0x0041, q_cout=0
01-16 16:09:40.706: D/bt_l2cap(868): RR scan pri=0, lcid=0x0043, q_cout=0
01-16 16:09:40.706: D/bt_l2cap(868): RR scan pri=0, lcid=0x0044, q_cout=0
01-16 16:09:40.707: D/bt_l2cap(868): TotalWin=8,LinkUnack(0x32)=0,RRCheck=0,RRUnack=0
01-16 16:09:40.716: D/bt_btif(868): [media task tx timer] ts 385811604, diff : 00020080, queue sz 0
01-16 16:09:40.716: D/bt_btif(868): btif_get_num_aa_frame_iteration pcm_bytes_per_frame 512
01-16 16:09:40.716: D/bt_btif(868): btif_get_num_aa_frame_iteration frames for available PCM data 7
01-16 16:09:40.717: D/bt_btif(868): btif_get_num_aa_frame_iteration reducing frames for available PCM data
01-16 16:09:40.717: D/bt_btif(868): btif_get_num_aa_frame_iteration effective num of frames 7, iterations 1
01-16 16:09:40.718: I/bt_btif(868): BTA got event 0x1231
01-16 16:09:40.718: I/bt_l2cap(868): L2CA_FlushChannel (QUERY)  CID: 0x0046
01-16 16:09:40.718: D/bt_l2cap(868): L2CA_FlushChannel()  flushed: 0 + 0,  num_left: 0
01-16 16:09:40.718: D/bt_btif(868): bta_av_co_audio_src_data_path
01-16 16:09:40.718: I/bt_l2cap(868): L2CA_DataWrite()  CID: 0x0046  Len: 846
01-16 16:09:40.719: I/bt_l2cap(868): L2CAP - st: OPEN evt: 30
01-16 16:09:40.719: D/bt_l2cap(868): RR scan pri=1, lcid=0x0046, q_cout=1
01-16 16:09:40.719: D/bt_l2cap(868): RR service pri=1, quota=9, lcid=0x0046
01-16 16:09:40.719: D/bt_l2cap(868): TotalWin=7,Hndl=0x32,Quota=8,Unack=1,RRQuota=0,RRUnack=0
